Component: Arm Compiler for Embedded 6.18 Tool: armlink [5e4cc100]

==============================================================================

Section Cross References

    startup_stm32h7a3xxq.o(STACK) refers (Special) to heapauxi.o(.text) for __use_two_region_memory
    startup_stm32h7a3xxq.o(HEAP) refers (Special) to heapauxi.o(.text) for __use_two_region_memory
    startup_stm32h7a3xxq.o(RESET) refers (Special) to heapauxi.o(.text) for __use_two_region_memory
    startup_stm32h7a3xxq.o(RESET) refers to startup_stm32h7a3xxq.o(STACK) for __initial_sp
    startup_stm32h7a3xxq.o(RESET) refers to startup_stm32h7a3xxq.o(.text) for Reset_Handler
    startup_stm32h7a3xxq.o(RESET) refers to stm32h7xx_it.o(.text.NMI_Handler) for NMI_Handler
    startup_stm32h7a3xxq.o(RESET) refers to stm32h7xx_it.o(.text.HardFault_Handler) for HardFault_Handler
    startup_stm32h7a3xxq.o(RESET) refers to stm32h7xx_it.o(.text.MemManage_Handler) for MemManage_Handler
    startup_stm32h7a3xxq.o(RESET) refers to stm32h7xx_it.o(.text.BusFault_Handler) for BusFault_Handler
    startup_stm32h7a3xxq.o(RESET) refers to stm32h7xx_it.o(.text.UsageFault_Handler) for UsageFault_Handler
    startup_stm32h7a3xxq.o(RESET) refers to stm32h7xx_it.o(.text.SVC_Handler) for SVC_Handler
    startup_stm32h7a3xxq.o(RESET) refers to stm32h7xx_it.o(.text.DebugMon_Handler) for DebugMon_Handler
    startup_stm32h7a3xxq.o(RESET) refers to stm32h7xx_it.o(.text.PendSV_Handler) for PendSV_Handler
    startup_stm32h7a3xxq.o(RESET) refers to stm32h7xx_it.o(.text.SysTick_Handler) for SysTick_Handler
    startup_stm32h7a3xxq.o(.text) refers (Special) to heapauxi.o(.text) for __use_two_region_memory
    startup_stm32h7a3xxq.o(.text) refers to system_stm32h7xx.o(.text.SystemInit) for SystemInit
    startup_stm32h7a3xxq.o(.text) refers to __main.o(!!!main) for __main
    startup_stm32h7a3xxq.o(.text) refers to startup_stm32h7a3xxq.o(HEAP) for Heap_Mem
    startup_stm32h7a3xxq.o(.text) refers to startup_stm32h7a3xxq.o(STACK) for Stack_Mem
    main.o(.text.main) refers to stm32h7xx_hal.o(.text.HAL_Init) for HAL_Init
    main.o(.text.main) refers to main.o(.text.SystemClock_Config) for SystemClock_Config
    main.o(.text.main) refers to eventrecorder.o(.text.EventRecorderInitialize) for EventRecorderInitialize
    main.o(.text.main) refers to main.o(.rodata.str1.1) for .L.str
    main.o(.text.main) refers to eventrecorder.o(.text.EventRecord2) for EventRecord2
    main.o(.ARM.exidx.text.main) refers to main.o(.text.main) for [Anonymous Symbol]
    main.o(.text.SystemClock_Config) refers to stm32h7xx_hal_pwr_ex.o(.text.HAL_PWREx_ConfigSupply) for HAL_PWREx_ConfigSupply
    main.o(.text.SystemClock_Config) refers to stm32h7xx_hal_rcc.o(.text.HAL_RCC_OscConfig) for HAL_RCC_OscConfig
    main.o(.text.SystemClock_Config) refers to stm32h7xx_hal_rcc.o(.text.HAL_RCC_ClockConfig) for HAL_RCC_ClockConfig
    main.o(.ARM.exidx.text.SystemClock_Config) refers to main.o(.text.SystemClock_Config) for [Anonymous Symbol]
    main.o(.ARM.exidx.text.Error_Handler) refers to main.o(.text.Error_Handler) for [Anonymous Symbol]
    stm32h7xx_it.o(.ARM.exidx.text.NMI_Handler) refers to stm32h7xx_it.o(.text.NMI_Handler) for [Anonymous Symbol]
    stm32h7xx_it.o(.ARM.exidx.text.HardFault_Handler) refers to stm32h7xx_it.o(.text.HardFault_Handler) for [Anonymous Symbol]
    stm32h7xx_it.o(.ARM.exidx.text.MemManage_Handler) refers to stm32h7xx_it.o(.text.MemManage_Handler) for [Anonymous Symbol]
    stm32h7xx_it.o(.ARM.exidx.text.BusFault_Handler) refers to stm32h7xx_it.o(.text.BusFault_Handler) for [Anonymous Symbol]
    stm32h7xx_it.o(.ARM.exidx.text.UsageFault_Handler) refers to stm32h7xx_it.o(.text.UsageFault_Handler) for [Anonymous Symbol]
    stm32h7xx_it.o(.ARM.exidx.text.SVC_Handler) refers to stm32h7xx_it.o(.text.SVC_Handler) for [Anonymous Symbol]
    stm32h7xx_it.o(.ARM.exidx.text.DebugMon_Handler) refers to stm32h7xx_it.o(.text.DebugMon_Handler) for [Anonymous Symbol]
    stm32h7xx_it.o(.ARM.exidx.text.PendSV_Handler) refers to stm32h7xx_it.o(.text.PendSV_Handler) for [Anonymous Symbol]
    stm32h7xx_it.o(.text.SysTick_Handler) refers to stm32h7xx_hal.o(.text.HAL_IncTick) for HAL_IncTick
    stm32h7xx_it.o(.ARM.exidx.text.SysTick_Handler) refers to stm32h7xx_it.o(.text.SysTick_Handler) for [Anonymous Symbol]
    stm32h7xx_hal_msp.o(.ARM.exidx.text.HAL_MspInit) refers to stm32h7xx_hal_msp.o(.text.HAL_MspInit) for [Anonymous Symbol]
    arm_nn_softmax_common_s8.o(.ARM.exidx.text.arm_nn_softmax_common_s8) refers to arm_nn_softmax_common_s8.o(.text.arm_nn_softmax_common_s8) for [Anonymous Symbol]
    neuralnetwork.o(.text.PredictFFNN) refers to arm_fully_connected_q15.o(.text.arm_fully_connected_q15) for arm_fully_connected_q15
    neuralnetwork.o(.text.PredictFFNN) refers to arm_relu_q15.o(.text.arm_relu_q15) for arm_relu_q15
    neuralnetwork.o(.text.PredictFFNN) refers to arm_softmax_q15.o(.text.arm_softmax_q15) for arm_softmax_q15
[...]
    Removing arm_fully_connected_q7_opt.o(.text), (0 bytes).
    Removing arm_fully_connected_q7_opt.o(.text.arm_fully_connected_q7_opt), (1142 bytes).
    Removing arm_fully_connected_q7_opt.o(.ARM.exidx.text.arm_fully_connected_q7_opt), (8 bytes).
    Removing arm_fully_connected_s16.o(.text), (0 bytes).
    Removing arm_fully_connected_s16.o(.text.arm_fully_connected_s16), (108 bytes).
    Removing arm_fully_connected_s16.o(.ARM.exidx.text.arm_fully_connected_s16), (8 bytes).
    Removing arm_fully_connected_s16.o(.text.arm_fully_connected_s16_get_buffer_size), (4 bytes).
    Removing arm_fully_connected_s16.o(.ARM.exidx.text.arm_fully_connected_s16_get_buffer_size), (8 bytes).
    Removing arm_fully_connected_s8.o(.text), (0 bytes).
    Removing arm_fully_connected_s8.o(.text.arm_fully_connected_s8), (106 bytes).
    Removing arm_fully_connected_s8.o(.ARM.exidx.text.arm_fully_connected_s8), (8 bytes).
    Removing arm_fully_connected_s8.o(.text.arm_fully_connected_s8_get_buffer_size), (4 bytes).
    Removing arm_fully_connected_s8.o(.ARM.exidx.text.arm_fully_connected_s8_get_buffer_size), (8 bytes).
    Removing arm_nn_accumulate_q7_to_q15.o(.text), (0 bytes).
    Removing arm_nn_accumulate_q7_to_q15.o(.text.arm_nn_accumulate_q7_to_q15), (120 bytes).
    Removing arm_nn_accumulate_q7_to_q15.o(.ARM.exidx.text.arm_nn_accumulate_q7_to_q15), (8 bytes).
    Removing arm_nn_add_q7.o(.text), (0 bytes).
    Removing arm_nn_add_q7.o(.text.arm_nn_add_q7), (238 bytes).
    Removing arm_nn_add_q7.o(.ARM.exidx.text.arm_nn_add_q7), (8 bytes).
    Removing arm_nn_depthwise_conv_nt_t_padded_s8.o(.text), (0 bytes).
    Removing arm_nn_depthwise_conv_nt_t_padded_s8.o(.text.arm_nn_depthwise_conv_nt_t_padded_s8), (4 bytes).
    Removing arm_nn_depthwise_conv_nt_t_padded_s8.o(.ARM.exidx.text.arm_nn_depthwise_conv_nt_t_padded_s8), (8 bytes).
    Removing arm_nn_depthwise_conv_nt_t_s8.o(.text), (0 bytes).
    Removing arm_nn_depthwise_conv_nt_t_s8.o(.text.arm_nn_depthwise_conv_nt_t_s8), (4 bytes).
    Removing arm_nn_depthwise_conv_nt_t_s8.o(.ARM.exidx.text.arm_nn_depthwise_conv_nt_t_s8), (8 bytes).
    Removing arm_nn_mat_mul_core_1x_s8.o(.text), (0 bytes).
    Removing arm_nn_mat_mul_core_1x_s8.o(.text.arm_nn_mat_mul_core_1x_s8), (232 bytes).
    Removing arm_nn_mat_mul_core_1x_s8.o(.ARM.exidx.text.arm_nn_mat_mul_core_1x_s8), (8 bytes).
    Removing arm_nn_mat_mul_core_4x_s8.o(.text), (0 bytes).
    Removing arm_nn_mat_mul_core_4x_s8.o(.text.arm_nn_mat_mul_core_4x_s8), (4 bytes).
    Removing arm_nn_mat_mul_core_4x_s8.o(.ARM.exidx.text.arm_nn_mat_mul_core_4x_s8), (8 bytes).
    Removing arm_nn_mat_mul_kernel_s16.o(.text), (0 bytes).
    Removing arm_nn_mat_mul_kernel_s16.o(.text.arm_nn_mat_mult_kernel_s16), (2404 bytes).
    Removing arm_nn_mat_mul_kernel_s16.o(.ARM.exidx.text.arm_nn_mat_mult_kernel_s16), (8 bytes).
    Removing arm_nn_mat_mult_nt_t_s8.o(.text), (0 bytes).
    Removing arm_nn_mat_mult_nt_t_s8.o(.text.arm_nn_mat_mult_nt_t_s8), (2766 bytes).
    Removing arm_nn_mat_mult_nt_t_s8.o(.ARM.exidx.text.arm_nn_mat_mult_nt_t_s8), (8 bytes).
    Removing arm_nn_mult_q15.o(.text), (0 bytes).
    Removing arm_nn_mult_q15.o(.text.arm_nn_mult_q15), (276 bytes).
    Removing arm_nn_mult_q15.o(.ARM.exidx.text.arm_nn_mult_q15), (8 bytes).
    Removing arm_nn_mult_q7.o(.text), (0 bytes).
    Removing arm_nn_mult_q7.o(.text.arm_nn_mult_q7), (288 bytes).
    Removing arm_nn_mult_q7.o(.ARM.exidx.text.arm_nn_mult_q7), (8 bytes).
    Removing arm_nn_vec_mat_mult_t_s16.o(.text), (0 bytes).
    Removing arm_nn_vec_mat_mult_t_s16.o(.text.arm_nn_vec_mat_mult_t_s16), (1944 bytes).
    Removing arm_nn_vec_mat_mult_t_s16.o(.ARM.exidx.text.arm_nn_vec_mat_mult_t_s16), (8 bytes).
    Removing arm_nn_vec_mat_mult_t_s8.o(.text), (0 bytes).
    Removing arm_nn_vec_mat_mult_t_s8.o(.text.arm_nn_vec_mat_mult_t_s8), (1736 bytes).
    Removing arm_nn_vec_mat_mult_t_s8.o(.ARM.exidx.text.arm_nn_vec_mat_mult_t_s8), (8 bytes).
    Removing arm_nn_vec_mat_mult_t_svdf_s8.o(.text), (0 bytes).
    Removing arm_nn_vec_mat_mult_t_svdf_s8.o(.text.arm_nn_vec_mat_mult_t_svdf_s8), (1832 bytes).
    Removing arm_nn_vec_mat_mult_t_svdf_s8.o(.ARM.exidx.text.arm_nn_vec_mat_mult_t_svdf_s8), (8 bytes).
    Removing arm_nntables.o(.text), (0 bytes).
    Removing arm_nntables.o(.rodata.sigmoidTable_q7), (256 bytes).
    Removing arm_nntables.o(.rodata.sigmoidTable_q15), (512 bytes).
    Removing arm_nntables.o(.rodata.sigmoidLTable_q15), (256 bytes).
    Removing arm_nntables.o(.rodata.sigmoidHTable_q15), (384 bytes).
    Removing arm_nntables.o(.rodata.tanhTable_q7), (256 bytes).
    Removing arm_nntables.o(.rodata.tanhTable_q15), (512 bytes).
    Removing arm_nntables.o(.rodata.tanhLTable_q15), (256 bytes).
    Removing arm_nntables.o(.rodata.tanhHTable_q15), (384 bytes).
    Removing arm_q7_to_q15_no_shift.o(.text), (0 bytes).
    Removing arm_q7_to_q15_no_shift.o(.text.arm_q7_to_q15_no_shift), (274 bytes).
    Removing arm_q7_to_q15_no_shift.o(.ARM.exidx.text.arm_q7_to_q15_no_shift), (8 bytes).
    Removing arm_q7_to_q15_reordered_no_shift.o(.text), (0 bytes).
    Removing arm_q7_to_q15_reordered_no_shift.o(.text.arm_q7_to_q15_reordered_no_shift), (218 bytes).
    Removing arm_q7_to_q15_reordered_no_shift.o(.ARM.exidx.text.arm_q7_to_q15_reordered_no_shift), (8 bytes).
    Removing arm_q7_to_q15_reordered_with_offset.o(.text), (0 bytes).
    Removing arm_q7_to_q15_reordered_with_offset.o(.text.arm_q7_to_q15_reordered_with_offset), (244 bytes).
    Removing arm_q7_to_q15_reordered_with_offset.o(.ARM.exidx.text.arm_q7_to_q15_reordered_with_offset), (8 bytes).
    Removing arm_q7_to_q15_with_offset.o(.text), (0 bytes).
    Removing arm_q7_to_q15_with_offset.o(.text.arm_q7_to_q15_with_offset), (108 bytes).
    Removing arm_q7_to_q15_with_offset.o(.ARM.exidx.text.arm_q7_to_q15_with_offset), (8 bytes).
    Removing arm_avgpool_s16.o(.text), (0 bytes).
    Removing arm_avgpool_s16.o(.text.arm_avgpool_s16), (756 bytes).
    Removing arm_avgpool_s16.o(.ARM.exidx.text.arm_avgpool_s16), (8 bytes).
    Removing arm_avgpool_s16.o(.text.arm_avgpool_s16_get_buffer_size), (4 bytes).
    Removing arm_avgpool_s16.o(.ARM.exidx.text.arm_avgpool_s16_get_buffer_size), (8 bytes).
    Removing arm_avgpool_s8.o(.text), (0 bytes).
    Removing arm_avgpool_s8.o(.text.arm_avgpool_s8), (1134 bytes).
    Removing arm_avgpool_s8.o(.ARM.exidx.text.arm_avgpool_s8), (8 bytes).
    Removing arm_avgpool_s8.o(.text.arm_avgpool_s8_get_buffer_size), (4 bytes).
    Removing arm_avgpool_s8.o(.ARM.exidx.text.arm_avgpool_s8_get_buffer_size), (8 bytes).
    Removing arm_max_pool_s16.o(.text), (0 bytes).
    Removing arm_max_pool_s16.o(.text.arm_max_pool_s16), (588 bytes).
    Removing arm_max_pool_s16.o(.ARM.exidx.text.arm_max_pool_s16), (8 bytes).
    Removing arm_max_pool_s8.o(.text), (0 bytes).
    Removing arm_max_pool_s8.o(.text.arm_max_pool_s8), (788 bytes).
    Removing arm_max_pool_s8.o(.ARM.exidx.text.arm_max_pool_s8), (8 bytes).
    Removing arm_pool_q7_hwc.o(.text), (0 bytes).
    Removing arm_pool_q7_hwc.o(.text.arm_maxpool_q7_HWC), (1988 bytes).
    Removing arm_pool_q7_hwc.o(.ARM.exidx.text.arm_maxpool_q7_HWC), (8 bytes).
    Removing arm_pool_q7_hwc.o(.text.arm_avepool_q7_HWC), (1602 bytes).
    Removing arm_pool_q7_hwc.o(.ARM.exidx.text.arm_avepool_q7_HWC), (8 bytes).
    Removing arm_reshape_s8.o(.text), (0 bytes).
    Removing arm_reshape_s8.o(.text.arm_reshape_s8), (10 bytes).
    Removing arm_reshape_s8.o(.ARM.exidx.text.arm_reshape_s8), (8 bytes).
    Removing arm_svdf_s8.o(.text), (0 bytes).
    Removing arm_svdf_s8.o(.text.arm_svdf_s8), (2222 bytes).
    Removing arm_svdf_s8.o(.ARM.exidx.text.arm_svdf_s8), (8 bytes).
    Removing arm_svdf_state_s16_s8.o(.text), (0 bytes).
    Removing arm_svdf_state_s16_s8.o(.text.arm_svdf_state_s16_s8), (2096 bytes).
    Removing arm_svdf_state_s16_s8.o(.ARM.exidx.text.arm_svdf_state_s16_s8), (8 bytes).
    Removing arm_softmax_q15.o(.text), (0 bytes).
    Removing arm_softmax_q15.o(.text.arm_softmax_q15), (224 bytes).
    Removing arm_softmax_q15.o(.ARM.exidx.text.arm_softmax_q15), (8 bytes).
    Removing arm_softmax_q7.o(.text), (0 bytes).
    Removing arm_softmax_q7.o(.text.arm_softmax_q7), (376 bytes).
    Removing arm_softmax_q7.o(.ARM.exidx.text.arm_softmax_q7), (8 bytes).
    Removing arm_softmax_s16.o(.text), (0 bytes).
    Removing arm_softmax_s16.o(.text.arm_softmax_s16), (812 bytes).
    Removing arm_softmax_s16.o(.ARM.exidx.text.arm_softmax_s16), (8 bytes).
    Removing arm_softmax_s8.o(.text), (0 bytes).
    Removing arm_softmax_s8.o(.text.arm_softmax_s8), (28 bytes).
    Removing arm_softmax_s8.o(.ARM.exidx.text.arm_softmax_s8), (8 bytes).
    Removing arm_softmax_s8_s16.o(.text), (0 bytes).
    Removing arm_softmax_s8_s16.o(.text.arm_softmax_s8_s16), (28 bytes).
    Removing arm_softmax_s8_s16.o(.ARM.exidx.text.arm_softmax_s8_s16), (8 bytes).
    Removing arm_softmax_u8.o(.text), (0 bytes).
    Removing arm_softmax_u8.o(.text.arm_softmax_u8), (2112 bytes).
    Removing arm_softmax_u8.o(.ARM.exidx.text.arm_softmax_u8), (8 bytes).
    Removing arm_softmax_with_batch_q7.o(.text), (0 bytes).
    Removing arm_softmax_with_batch_q7.o(.text.arm_softmax_with_batch_q7), (46 bytes).
    Removing arm_softmax_with_batch_q7.o(.ARM.exidx.text.arm_softmax_with_batch_q7), (8 bytes).
    Removing eventrecorder.o(.text), (0 bytes).
    Removing eventrecorder.o(.ARM.exidx.text.EventRecorderTimerSetup), (8 bytes).
    Removing eventrecorder.o(.ARM.exidx.text.EventRecorderTimerGetFreq), (8 bytes).
    Removing eventrecorder.o(.ARM.exidx.text.EventRecorderTimerGetCount), (8 bytes).
    Removing eventrecorder.o(.ARM.exidx.text.EventRecorderInitialize), (8 bytes).
    Removing eventrecorder.o(.ARM.exidx.text.EventRecorderEnable), (8 bytes).
    Removing eventrecorder.o(.ARM.exidx.text.EventRecordItem), (8 bytes).
    Removing eventrecorder.o(.text.EventRecorderStart), (126 bytes).
    Removing eventrecorder.o(.ARM.exidx.text.EventRecorderStart), (8 bytes).
    Removing eventrecorder.o(.text.EventRecorderDisable), (572 bytes).
    Removing eventrecorder.o(.ARM.exidx.text.EventRecorderDisable), (8 bytes).
    Removing eventrecorder.o(.text.EventRecorderStop), (126 bytes).
    Removing eventrecorder.o(.ARM.exidx.text.EventRecorderStop), (8 bytes).
    Removing eventrecorder.o(.text.EventRecorderClockUpdate), (122 bytes).
    Removing eventrecorder.o(.ARM.exidx.text.EventRecorderClockUpdate), (8 bytes).
    Removing eventrecorder.o(.text.EventRecordData), (404 bytes).
    Removing eventrecorder.o(.ARM.exidx.text.EventRecordData), (8 bytes).
    Removing eventrecorder.o(.ARM.exidx.text.EventRecord2), (8 bytes).
    Removing eventrecorder.o(.text.EventRecord4), (242 bytes).
    Removing eventrecorder.o(.ARM.exidx.text.EventRecord4), (8 bytes).

2558 unused section(s) (total 1401750 bytes) removed from the image.

==============================================================================

Image Symbol Table

    Local Symbols

    Symbol Name                              Value     Ov Type        Size  Object(Section)

    ../clib/angel/boardlib.s                 0x00000000   Number         0  boardinit1.o ABSOLUTE
    ../clib/angel/boardlib.s                 0x00000000   Number         0  boardinit2.o ABSOLUTE
    ../clib/angel/boardlib.s                 0x00000000   Number         0  boardinit3.o ABSOLUTE
    ../clib/angel/boardlib.s                 0x00000000   Number         0  boardshut.o ABSOLUTE
    ../clib/angel/handlers.s                 0x00000000   Number         0  __scatter_copy.o ABSOLUTE
    ../clib/angel/handlers.s                 0x00000000   Number         0  __scatter_zi.o ABSOLUTE
    ../clib/angel/kernel.s                   0x00000000   Number         0  __rtentry.o ABSOLUTE
    ../clib/angel/kernel.s                   0x00000000   Number         0  __rtentry2.o ABSOLUTE
    ../clib/angel/kernel.s                   0x00000000   Number         0  __rtentry4.o ABSOLUTE
    ../clib/angel/kernel.s                   0x00000000   Number         0  rtexit.o ABSOLUTE
    ../clib/angel/kernel.s                   0x00000000   Number         0  rtexit2.o ABSOLUTE
    ../clib/angel/rt.s                       0x00000000   Number         0  aeabi_ldiv0.o ABSOLUTE
    ../clib/angel/rt.s                       0x00000000   Number         0  aeabi_ldiv0_sigfpe.o ABSOLUTE
    ../clib/angel/rt.s                       0x00000000   Number         0  rt_div0.o ABSOLUTE
    ../clib/angel/rt.s                       0x00000000   Number         0  rt_errno_addr.o ABSOLUTE
    ../clib/angel/rt.s                       0x00000000   Number         0  rt_errno_addr_intlibspace.o ABSOLUTE
    ../clib/angel/rt.s                       0x00000000   Number         0  rt_raise.o ABSOLUTE
    ../clib/angel/scatter.s                  0x00000000   Number         0  __scatter.o ABSOLUTE
    ../clib/angel/startup.s                  0x00000000   Number         0  __main.o ABSOLUTE
    ../clib/angel/sys.s                      0x00000000   Number         0  libspace.o ABSOLUTE
    ../clib/angel/sys.s                      0x00000000   Number         0  sys_stackheap_outer.o ABSOLUTE
    ../clib/angel/sys.s                      0x00000000   Number         0  use_no_semi.o ABSOLUTE
    ../clib/angel/sys.s                      0x00000000   Number         0  indicate_semi.o ABSOLUTE
    ../clib/angel/sysapp.c                   0x00000000   Number         0  sys_exit.o ABSOLUTE
    ../clib/angel/sysapp.c                   0x00000000   Number         0  sys_exit_hlt.o ABSOLUTE
    ../clib/angel/sysapp.c                   0x00000000   Number         0  sys_wrch.o ABSOLUTE
    ../clib/angel/sysapp.c                   0x00000000   Number         0  sys_wrch_hlt.o ABSOLUTE
    ../clib/angel/sysapp.c                   0x00000000   Number         0  sys_command.o ABSOLUTE
    ../clib/angel/sysapp.c                   0x00000000   Number         0  sys_command_hlt.o ABSOLUTE
    ../clib/armsys.c                         0x00000000   Number         0  argv_veneer.o ABSOLUTE
    ../clib/armsys.c                         0x00000000   Number         0  argv_veneer.o ABSOLUTE
    ../clib/armsys.c                         0x00000000   Number         0  _get_argv_nomalloc.o ABSOLUTE
    ../clib/armsys.c                         0x00000000   Number         0  no_argv.o ABSOLUTE
    ../clib/fenv.c                           0x00000000   Number         0  _rserrno.o ABSOLUTE
    ../clib/heapalloc.c                      0x00000000   Number         0  hrguard.o ABSOLUTE
    ../clib/heapaux.c                        0x00000000   Number         0  heapauxi.o ABSOLUTE
    ../clib/libinit.s                        0x00000000   Number         0  libinit.o ABSOLUTE
    ../clib/libinit.s                        0x00000000   Number         0  libinit2.o ABSOLUTE
    ../clib/libinit.s                        0x00000000   Number         0  libshutdown.o ABSOLUTE
    ../clib/libinit.s                        0x00000000   Number         0  libshutdown2.o ABSOLUTE
    ../clib/longlong.s                       0x00000000   Number         0  lludivv7m.o ABSOLUTE
    ../clib/longlong.s                       0x00000000   Number         0  llsdiv.o ABSOLUTE
    ../clib/memcpset.s                       0x00000000   Number         0  rt_memcpy_v6.o ABSOLUTE
    ../clib/memcpset.s                       0x00000000   Number         0  rt_memmove_v6.o ABSOLUTE
    ../clib/memcpset.s                       0x00000000   Number         0  rt_memcpy_w.o ABSOLUTE
    ../clib/memcpset.s                       0x00000000   Number         0  aeabi_memset.o ABSOLUTE
    ../clib/memcpset.s                       0x00000000   Number         0  rt_memclr.o ABSOLUTE
    ../clib/memcpset.s                       0x00000000   Number         0  rt_memclr_w.o ABSOLUTE
    ../clib/memcpset.s                       0x00000000   Number         0  rt_memmove_w.o ABSOLUTE
    ../clib/signal.c                         0x00000000   Number         0  defsig_fpe_outer.o ABSOLUTE
    ../clib/signal.c                         0x00000000   Number         0  defsig_fpe_formal.o ABSOLUTE
    ../clib/signal.c                         0x00000000   Number         0  defsig_exit.o ABSOLUTE
    ../clib/signal.c                         0x00000000   Number         0  defsig_fpe_inner.o ABSOLUTE
    ../clib/signal.c                         0x00000000   Number         0  __raise.o ABSOLUTE
    ../clib/signal.c                         0x00000000   Number         0  defsig_general.o ABSOLUTE
    ../clib/signal.c                         0x00000000   Number         0  defsig_abrt_inner.o ABSOLUTE
    ../clib/signal.c                         0x00000000   Number         0  defsig_rtred_inner.o ABSOLUTE
    ../clib/signal.c                         0x00000000   Number         0  defsig_rtmem_inner.o ABSOLUTE
    ../clib/signal.c                         0x00000000   Number         0  defsig_rtmem_outer.o ABSOLUTE
    ../clib/signal.c                         0x00000000   Number         0  defsig_rtmem_formal.o ABSOLUTE
    ../clib/signal.c                         0x00000000   Number         0  defsig_stak_inner.o ABSOLUTE
    ../clib/signal.c                         0x00000000   Number         0  defsig_pvfn_inner.o ABSOLUTE
    ../clib/signal.c                         0x00000000   Number         0  defsig_cppl_inner.o ABSOLUTE
    ../clib/signal.c                         0x00000000   Number         0  defsig_segv_inner.o ABSOLUTE
    ../clib/signal.c                         0x00000000   Number         0  defsig_other.o ABSOLUTE
    ../clib/signal.s                         0x00000000   Number         0  defsig.o ABSOLUTE
    ../clib/stdlib.c                         0x00000000   Number         0  exit.o ABSOLUTE
    ../fplib/fpinit.s                        0x00000000   Number         0  fpinit.o ABSOLUTE
    ../fplib/istatus.s                       0x00000000   Number         0  istatus.o ABSOLUTE
    ../fplib/usenofp.s                       0x00000000   Number         0  usenofp.o ABSOLUTE
    ../mathlib/dunder.c                      0x00000000   Number         0  dunder.o ABSOLUTE
    ../mathlib/exp.c                         0x00000000   Number         0  exp.o ABSOLUTE
    ../mathlib/expf.c                        0x00000000   Number         0  expf.o ABSOLUTE
    ../mathlib/fpclassify.c                  0x00000000   Number         0  fpclassify.o ABSOLUTE
    ../mathlib/fpclassifyf.c                 0x00000000   Number         0  fpclassifyf.o ABSOLUTE
    ../mathlib/funder.c                      0x00000000   Number         0  funder.o ABSOLUTE
    ../mathlib/log.c                         0x00000000   Number         0  log.o ABSOLUTE
    ../mathlib/logf.c                        0x00000000   Number         0  logf.o ABSOLUTE
    ../mathlib/poly.c                        0x00000000   Number         0  poly.o ABSOLUTE
    ../mathlib/powf.c                        0x00000000   Number         0  powf.o ABSOLUTE
    ../mathlib/qnan.c                        0x00000000   Number         0  qnan.o ABSOLUTE
    ../mathlib/sqrt.c                        0x00000000   Number         0  sqrt.o ABSOLUTE
    ../mathlib/sqrtf.c                       0x00000000   Number         0  sqrtf.o ABSOLUTE
    ../mathlib/tanhf.c                       0x00000000   Number         0  tanhf.o ABSOLUTE
    BasicMathFunctions.c                     0x00000000   Number         0  basicmathfunctions.o ABSOLUTE
    BasicMathFunctionsF16.c                  0x00000000   Number         0  basicmathfunctionsf16.o ABSOLUTE
    BayesFunctions.c                         0x00000000   Number         0  bayesfunctions.o ABSOLUTE
    BayesFunctionsF16.c                      0x00000000   Number         0  bayesfunctionsf16.o ABSOLUTE
    CommonTables.c                           0x00000000   Number         0  commontables.o ABSOLUTE
    CommonTablesF16.c                        0x00000000   Number         0  commontablesf16.o ABSOLUTE
    ComplexMathFunctions.c                   0x00000000   Number         0  complexmathfunctions.o ABSOLUTE
    ComplexMathFunctionsF16.c                0x00000000   Number         0  complexmathfunctionsf16.o ABSOLUTE
    ControllerFunctions.c                    0x00000000   Number         0  controllerfunctions.o ABSOLUTE
    DistanceFunctions.c                      0x00000000   Number         0  distancefunctions.o ABSOLUTE
    DistanceFunctionsF16.c                   0x00000000   Number         0  distancefunctionsf16.o ABSOLUTE
    EventRecorder.c                          0x00000000   Number         0  eventrecorder.o ABSOLUTE
    FastMathFunctions.c                      0x00000000   Number         0  fastmathfunctions.o ABSOLUTE
    FastMathFunctionsF16.c                   0x00000000   Number         0  fastmathfunctionsf16.o ABSOLUTE
    FilteringFunctions.c                     0x00000000   Number         0  filteringfunctions.o ABSOLUTE
    FilteringFunctionsF16.c                  0x00000000   Number         0  filteringfunctionsf16.o ABSOLUTE
    InterpolationFunctions.c                 0x00000000   Number         0  interpolationfunctions.o ABSOLUTE
    InterpolationFunctionsF16.c              0x00000000   Number         0  interpolationfunctionsf16.o ABSOLUTE
    MatrixFunctions.c                        0x00000000   Number         0  matrixfunctions.o ABSOLUTE
    MatrixFunctionsF16.c                     0x00000000   Number         0  matrixfunctionsf16.o ABSOLUTE
    NeuralNetwork.c                          0x00000000   Number         0  neuralnetwork.o ABSOLUTE
    QuaternionMathFunctions.c                0x00000000   Number         0  quaternionmathfunctions.o ABSOLUTE
    SVMFunctions.c                           0x00000000   Number         0  svmfunctions.o ABSOLUTE
    SVMFunctionsF16.c                        0x00000000   Number         0  svmfunctionsf16.o ABSOLUTE
    StatisticsFunctions.c                    0x00000000   Number         0  statisticsfunctions.o ABSOLUTE
    StatisticsFunctionsF16.c                 0x00000000   Number         0  statisticsfunctionsf16.o ABSOLUTE
    SupportFunctions.c                       0x00000000   Number         0  supportfunctions.o ABSOLUTE
    SupportFunctionsF16.c                    0x00000000   Number         0  supportfunctionsf16.o ABSOLUTE
    TransformFunctions.c                     0x00000000   Number         0  transformfunctions.o ABSOLUTE
    TransformFunctionsF16.c                  0x00000000   Number         0  transformfunctionsf16.o ABSOLUTE
    arm_avgpool_s16.c                        0x00000000   Number         0  arm_avgpool_s16.o ABSOLUTE
    arm_avgpool_s8.c                         0x00000000   Number         0  arm_avgpool_s8.o ABSOLUTE
    arm_concatenation_s8_w.c                 0x00000000   Number         0  arm_concatenation_s8_w.o ABSOLUTE
    arm_concatenation_s8_x.c                 0x00000000   Number         0  arm_concatenation_s8_x.o ABSOLUTE
    arm_concatenation_s8_y.c                 0x00000000   Number         0  arm_concatenation_s8_y.o ABSOLUTE
    arm_concatenation_s8_z.c                 0x00000000   Number         0  arm_concatenation_s8_z.o ABSOLUTE
    arm_convolve_1_x_n_s8.c                  0x00000000   Number         0  arm_convolve_1_x_n_s8.o ABSOLUTE
    arm_convolve_1x1_HWC_q7_fast_nonsquare.c 0x00000000   Number         0  arm_convolve_1x1_hwc_q7_fast_nonsquare.o ABSOLUTE
    arm_convolve_1x1_s8_fast.c               0x00000000   Number         0  arm_convolve_1x1_s8_fast.o ABSOLUTE
    arm_convolve_HWC_q15_basic.c             0x00000000   Number         0  arm_convolve_hwc_q15_basic.o ABSOLUTE
    arm_convolve_HWC_q15_fast.c              0x00000000   Number         0  arm_convolve_hwc_q15_fast.o ABSOLUTE
    arm_convolve_HWC_q15_fast_nonsquare.c    0x00000000   Number         0  arm_convolve_hwc_q15_fast_nonsquare.o ABSOLUTE
    arm_convolve_HWC_q7_RGB.c                0x00000000   Number         0  arm_convolve_hwc_q7_rgb.o ABSOLUTE
    arm_convolve_HWC_q7_basic.c              0x00000000   Number         0  arm_convolve_hwc_q7_basic.o ABSOLUTE
    arm_convolve_HWC_q7_basic_nonsquare.c    0x00000000   Number         0  arm_convolve_hwc_q7_basic_nonsquare.o ABSOLUTE
    arm_convolve_HWC_q7_fast.c               0x00000000   Number         0  arm_convolve_hwc_q7_fast.o ABSOLUTE
    arm_convolve_HWC_q7_fast_nonsquare.c     0x00000000   Number         0  arm_convolve_hwc_q7_fast_nonsquare.o ABSOLUTE
    arm_convolve_fast_s16.c                  0x00000000   Number         0  arm_convolve_fast_s16.o ABSOLUTE
    arm_convolve_s16.c                       0x00000000   Number         0  arm_convolve_s16.o ABSOLUTE
    arm_convolve_s8.c                        0x00000000   Number         0  arm_convolve_s8.o ABSOLUTE
    arm_convolve_wrapper_s16.c               0x00000000   Number         0  arm_convolve_wrapper_s16.o ABSOLUTE
    arm_convolve_wrapper_s8.c                0x00000000   Number         0  arm_convolve_wrapper_s8.o ABSOLUTE
    arm_depthwise_conv_3x3_s8.c              0x00000000   Number         0  arm_depthwise_conv_3x3_s8.o ABSOLUTE
    arm_depthwise_conv_s16.c                 0x00000000   Number         0  arm_depthwise_conv_s16.o ABSOLUTE
    arm_depthwise_conv_s8.c                  0x00000000   Number         0  arm_depthwise_conv_s8.o ABSOLUTE
    arm_depthwise_conv_s8_opt.c              0x00000000   Number         0  arm_depthwise_conv_s8_opt.o ABSOLUTE
    arm_depthwise_conv_u8_basic_ver1.c       0x00000000   Number         0  arm_depthwise_conv_u8_basic_ver1.o ABSOLUTE
    arm_depthwise_conv_wrapper_s8.c          0x00000000   Number         0  arm_depthwise_conv_wrapper_s8.o ABSOLUTE
    arm_depthwise_separable_conv_HWC_q7.c    0x00000000   Number         0  arm_depthwise_separable_conv_hwc_q7.o ABSOLUTE
    arm_depthwise_separable_conv_HWC_q7_nonsquare.c 0x00000000   Number         0  arm_depthwise_separable_conv_hwc_q7_nonsquare.o ABSOLUTE
    arm_elementwise_add_s16.c                0x00000000   Number         0  arm_elementwise_add_s16.o ABSOLUTE
    arm_elementwise_add_s8.c                 0x00000000   Number         0  arm_elementwise_add_s8.o ABSOLUTE
    arm_elementwise_mul_s16.c                0x00000000   Number         0  arm_elementwise_mul_s16.o ABSOLUTE
    arm_elementwise_mul_s8.c                 0x00000000   Number         0  arm_elementwise_mul_s8.o ABSOLUTE
    arm_fully_connected_mat_q7_vec_q15.c     0x00000000   Number         0  arm_fully_connected_mat_q7_vec_q15.o ABSOLUTE
    arm_fully_connected_mat_q7_vec_q15_opt.c 0x00000000   Number         0  arm_fully_connected_mat_q7_vec_q15_opt.o ABSOLUTE
    arm_fully_connected_q15.c                0x00000000   Number         0  arm_fully_connected_q15.o ABSOLUTE
    arm_fully_connected_q15_opt.c            0x00000000   Number         0  arm_fully_connected_q15_opt.o ABSOLUTE
    arm_fully_connected_q7.c                 0x00000000   Number         0  arm_fully_connected_q7.o ABSOLUTE
    arm_fully_connected_q7_opt.c             0x00000000   Number         0  arm_fully_connected_q7_opt.o ABSOLUTE
    arm_fully_connected_s16.c                0x00000000   Number         0  arm_fully_connected_s16.o ABSOLUTE
    arm_fully_connected_s8.c                 0x00000000   Number         0  arm_fully_connected_s8.o ABSOLUTE
    arm_max_pool_s16.c                       0x00000000   Number         0  arm_max_pool_s16.o ABSOLUTE
    arm_max_pool_s8.c                        0x00000000   Number         0  arm_max_pool_s8.o ABSOLUTE
    arm_nn_accumulate_q7_to_q15.c            0x00000000   Number         0  arm_nn_accumulate_q7_to_q15.o ABSOLUTE
    arm_nn_activations_q15.c                 0x00000000   Number         0  arm_nn_activations_q15.o ABSOLUTE
    arm_nn_activations_q7.c                  0x00000000   Number         0  arm_nn_activations_q7.o ABSOLUTE
    arm_nn_add_q7.c                          0x00000000   Number         0  arm_nn_add_q7.o ABSOLUTE
    arm_nn_depthwise_conv_nt_t_padded_s8.c   0x00000000   Number         0  arm_nn_depthwise_conv_nt_t_padded_s8.o ABSOLUTE
    arm_nn_depthwise_conv_nt_t_s8.c          0x00000000   Number         0  arm_nn_depthwise_conv_nt_t_s8.o ABSOLUTE
    arm_nn_depthwise_conv_s8_core.c          0x00000000   Number         0  arm_nn_depthwise_conv_s8_core.o ABSOLUTE
    arm_nn_mat_mul_core_1x_s8.c              0x00000000   Number         0  arm_nn_mat_mul_core_1x_s8.o ABSOLUTE
    arm_nn_mat_mul_core_4x_s8.c              0x00000000   Number         0  arm_nn_mat_mul_core_4x_s8.o ABSOLUTE
    arm_nn_mat_mul_kernel_s16.c              0x00000000   Number         0  arm_nn_mat_mul_kernel_s16.o ABSOLUTE
    arm_nn_mat_mult_kernel_q7_q15.c          0x00000000   Number         0  arm_nn_mat_mult_kernel_q7_q15.o ABSOLUTE
    arm_nn_mat_mult_kernel_q7_q15_reordered.c 0x00000000   Number         0  arm_nn_mat_mult_kernel_q7_q15_reordered.o ABSOLUTE
    arm_nn_mat_mult_kernel_s8_s16.c          0x00000000   Number         0  arm_nn_mat_mult_kernel_s8_s16.o ABSOLUTE
    arm_nn_mat_mult_nt_t_s8.c                0x00000000   Number         0  arm_nn_mat_mult_nt_t_s8.o ABSOLUTE
    arm_nn_mat_mult_s8.c                     0x00000000   Number         0  arm_nn_mat_mult_s8.o ABSOLUTE
    arm_nn_mult_q15.c                        0x00000000   Number         0  arm_nn_mult_q15.o ABSOLUTE
    arm_nn_mult_q7.c                         0x00000000   Number         0  arm_nn_mult_q7.o ABSOLUTE
    arm_nn_softmax_common_s8.c               0x00000000   Number         0  arm_nn_softmax_common_s8.o ABSOLUTE
    arm_nn_vec_mat_mult_t_s16.c              0x00000000   Number         0  arm_nn_vec_mat_mult_t_s16.o ABSOLUTE
    arm_nn_vec_mat_mult_t_s8.c               0x00000000   Number         0  arm_nn_vec_mat_mult_t_s8.o ABSOLUTE
    arm_nn_vec_mat_mult_t_svdf_s8.c          0x00000000   Number         0  arm_nn_vec_mat_mult_t_svdf_s8.o ABSOLUTE
    arm_nntables.c                           0x00000000   Number         0  arm_nntables.o ABSOLUTE
    arm_pool_q7_HWC.c                        0x00000000   Number         0  arm_pool_q7_hwc.o ABSOLUTE
    arm_q7_to_q15_no_shift.c                 0x00000000   Number         0  arm_q7_to_q15_no_shift.o ABSOLUTE
    arm_q7_to_q15_reordered_no_shift.c       0x00000000   Number         0  arm_q7_to_q15_reordered_no_shift.o ABSOLUTE
    arm_q7_to_q15_reordered_with_offset.c    0x00000000   Number         0  arm_q7_to_q15_reordered_with_offset.o ABSOLUTE
    arm_q7_to_q15_with_offset.c              0x00000000   Number         0  arm_q7_to_q15_with_offset.o ABSOLUTE
    arm_relu6_s8.c                           0x00000000   Number         0  arm_relu6_s8.o ABSOLUTE
    arm_relu_q15.c                           0x00000000   Number         0  arm_relu_q15.o ABSOLUTE
    arm_relu_q7.c                            0x00000000   Number         0  arm_relu_q7.o ABSOLUTE
    arm_reshape_s8.c                         0x00000000   Number         0  arm_reshape_s8.o ABSOLUTE
    arm_softmax_q15.c                        0x00000000   Number         0  arm_softmax_q15.o ABSOLUTE
    arm_softmax_q7.c                         0x00000000   Number         0  arm_softmax_q7.o ABSOLUTE
    arm_softmax_s16.c                        0x00000000   Number         0  arm_softmax_s16.o ABSOLUTE
    arm_softmax_s8.c                         0x00000000   Number         0  arm_softmax_s8.o ABSOLUTE
    arm_softmax_s8_s16.c                     0x00000000   Number         0  arm_softmax_s8_s16.o ABSOLUTE
    arm_softmax_u8.c                         0x00000000   Number         0  arm_softmax_u8.o ABSOLUTE
    arm_softmax_with_batch_q7.c              0x00000000   Number         0  arm_softmax_with_batch_q7.o ABSOLUTE
    arm_svdf_s8.c                            0x00000000   Number         0  arm_svdf_s8.o ABSOLUTE
    arm_svdf_state_s16_s8.c                  0x00000000   Number         0  arm_svdf_state_s16_s8.o ABSOLUTE
    dc.s                                     0x00000000   Number         0  dc.o ABSOLUTE
    main.c                                   0x00000000   Number         0  main.o ABSOLUTE
    startup_stm32h7a3xxq.s                   0x00000000   Number         0  startup_stm32h7a3xxq.o ABSOLUTE
    stm32h7xx_hal.c                          0x00000000   Number         0  stm32h7xx_hal.o ABSOLUTE
    stm32h7xx_hal_cortex.c                   0x00000000   Number         0  stm32h7xx_hal_cortex.o ABSOLUTE
    stm32h7xx_hal_dma.c                      0x00000000   Number         0  stm32h7xx_hal_dma.o ABSOLUTE
    stm32h7xx_hal_dma_ex.c                   0x00000000   Number         0  stm32h7xx_hal_dma_ex.o ABSOLUTE
    stm32h7xx_hal_exti.c                     0x00000000   Number         0  stm32h7xx_hal_exti.o ABSOLUTE
    stm32h7xx_hal_flash.c                    0x00000000   Number         0  stm32h7xx_hal_flash.o ABSOLUTE
    stm32h7xx_hal_flash_ex.c                 0x00000000   Number         0  stm32h7xx_hal_flash_ex.o ABSOLUTE
    stm32h7xx_hal_gpio.c                     0x00000000   Number         0  stm32h7xx_hal_gpio.o ABSOLUTE
    stm32h7xx_hal_hsem.c                     0x00000000   Number         0  stm32h7xx_hal_hsem.o ABSOLUTE
    stm32h7xx_hal_i2c.c                      0x00000000   Number         0  stm32h7xx_hal_i2c.o ABSOLUTE
    stm32h7xx_hal_i2c_ex.c                   0x00000000   Number         0  stm32h7xx_hal_i2c_ex.o ABSOLUTE
    stm32h7xx_hal_mdma.c                     0x00000000   Number         0  stm32h7xx_hal_mdma.o ABSOLUTE
    stm32h7xx_hal_msp.c                      0x00000000   Number         0  stm32h7xx_hal_msp.o ABSOLUTE
    stm32h7xx_hal_pwr.c                      0x00000000   Number         0  stm32h7xx_hal_pwr.o ABSOLUTE
    stm32h7xx_hal_pwr_ex.c                   0x00000000   Number         0  stm32h7xx_hal_pwr_ex.o ABSOLUTE
    stm32h7xx_hal_rcc.c                      0x00000000   Number         0  stm32h7xx_hal_rcc.o ABSOLUTE
    stm32h7xx_hal_rcc_ex.c                   0x00000000   Number         0  stm32h7xx_hal_rcc_ex.o ABSOLUTE
    stm32h7xx_hal_tim.c                      0x00000000   Number         0  stm32h7xx_hal_tim.o ABSOLUTE
    stm32h7xx_hal_tim_ex.c                   0x00000000   Number         0  stm32h7xx_hal_tim_ex.o ABSOLUTE
    stm32h7xx_it.c                           0x00000000   Number         0  stm32h7xx_it.o ABSOLUTE
    system_stm32h7xx.c                       0x00000000   Number         0  system_stm32h7xx.o ABSOLUTE
    RESET                                    0x08000000   Section      684  startup_stm32h7a3xxq.o(RESET)
    !!!main                                  0x080002ac   Section        8  __main.o(!!!main)
    !!!scatter                               0x080002b4   Section       52  __scatter.o(!!!scatter)
    !!handler_copy                           0x080002e8   Section       26  __scatter_copy.o(!!handler_copy)
    !!handler_zi                             0x08000304   Section       28  __scatter_zi.o(!!handler_zi)
    .ARM.Collect$$libinit$$00000000          0x08000320   Section        2  libinit.o(.ARM.Collect$$libinit$$00000000)
    .ARM.Collect$$libinit$$00000001          0x08000322   Section        4  libinit2.o(.ARM.Collect$$libinit$$00000001)
    .ARM.Collect$$libinit$$00000004          0x08000326   Section        0  libinit2.o(.ARM.Collect$$libinit$$00000004)
    .ARM.Collect$$libinit$$00000006          0x08000326   Section        0  libinit2.o(.ARM.Collect$$libinit$$00000006)
    .ARM.Collect$$libinit$$0000000C          0x08000326   Section        0  libinit2.o(.ARM.Collect$$libinit$$0000000C)
    .ARM.Collect$$libinit$$0000000E          0x08000326   Section        0  libinit2.o(.ARM.Collect$$libinit$$0000000E)
    .ARM.Collect$$libinit$$00000010          0x08000326   Section        0  libinit2.o(.ARM.Collect$$libinit$$00000010)
    .ARM.Collect$$libinit$$00000013          0x08000326   Section        0  libinit2.o(.ARM.Collect$$libinit$$00000013)
    .ARM.Collect$$libinit$$00000015          0x08000326   Section        0  libinit2.o(.ARM.Collect$$libinit$$00000015)
    .ARM.Collect$$libinit$$00000017          0x08000326   Section        0  libinit2.o(.ARM.Collect$$libinit$$00000017)
    .ARM.Collect$$libinit$$00000019          0x08000326   Section        0  libinit2.o(.ARM.Collect$$libinit$$00000019)
    .ARM.Collect$$libinit$$0000001B          0x08000326   Section        0  libinit2.o(.ARM.Collect$$libinit$$0000001B)
    .ARM.Collect$$libinit$$0000001D          0x08000326   Section        0  libinit2.o(.ARM.Collect$$libinit$$0000001D)
    .ARM.Collect$$libinit$$0000001F          0x08000326   Section        0  libinit2.o(.ARM.Collect$$libinit$$0000001F)
    .ARM.Collect$$libinit$$00000021          0x08000326   Section        0  libinit2.o(.ARM.Collect$$libinit$$00000021)
    .ARM.Collect$$libinit$$00000023          0x08000326   Section        0  libinit2.o(.ARM.Collect$$libinit$$00000023)
    .ARM.Collect$$libinit$$00000025          0x08000326   Section        0  libinit2.o(.ARM.Collect$$libinit$$00000025)
    .ARM.Collect$$libinit$$00000027          0x08000326   Section        0  libinit2.o(.ARM.Collect$$libinit$$00000027)
    .ARM.Collect$$libinit$$0000002E          0x08000326   Section        0  libinit2.o(.ARM.Collect$$libinit$$0000002E)
    .ARM.Collect$$libinit$$00000030          0x08000326   Section        0  libinit2.o(.ARM.Collect$$libinit$$00000030)
    .ARM.Collect$$libinit$$00000032          0x08000326   Section        0  libinit2.o(.ARM.Collect$$libinit$$00000032)
    .ARM.Collect$$libinit$$00000034          0x08000326   Section        0  libinit2.o(.ARM.Collect$$libinit$$00000034)
    .ARM.Collect$$libinit$$00000035          0x08000326   Section        2  libinit2.o(.ARM.Collect$$libinit$$00000035)
    .ARM.Collect$$libshutdown$$00000000      0x08000328   Section        2  libshutdown.o(.ARM.Collect$$libshutdown$$00000000)
    .ARM.Collect$$libshutdown$$00000002      0x0800032a   Section        0  libshutdown2.o(.ARM.Collect$$libshutdown$$00000002)
    .ARM.Collect$$libshutdown$$00000004      0x0800032a   Section        0  libshutdown2.o(.ARM.Collect$$libshutdown$$00000004)
    .ARM.Collect$$libshutdown$$00000007      0x0800032a   Section        0  libshutdown2.o(.ARM.Collect$$libshutdown$$00000007)
    .ARM.Collect$$libshutdown$$0000000A      0x0800032a   Section        0  libshutdown2.o(.ARM.Collect$$libshutdown$$0000000A)
    .ARM.Collect$$libshutdown$$0000000C      0x0800032a   Section        0  libshutdown2.o(.ARM.Collect$$libshutdown$$0000000C)
    .ARM.Collect$$libshutdown$$0000000F      0x0800032a   Section        0  libshutdown2.o(.ARM.Collect$$libshutdown$$0000000F)
    .ARM.Collect$$libshutdown$$00000010      0x0800032a   Section        2  libshutdown2.o(.ARM.Collect$$libshutdown$$00000010)
    .ARM.Collect$$rtentry$$00000000          0x0800032c   Section        0  __rtentry.o(.ARM.Collect$$rtentry$$00000000)
    .ARM.Collect$$rtentry$$00000002          0x0800032c   Section        0  __rtentry2.o(.ARM.Collect$$rtentry$$00000002)
    .ARM.Collect$$rtentry$$00000004          0x0800032c   Section        6  __rtentry4.o(.ARM.Collect$$rtentry$$00000004)
    .ARM.Collect$$rtentry$$00000009          0x08000332   Section        0  __rtentry2.o(.ARM.Collect$$rtentry$$00000009)
    .ARM.Collect$$rtentry$$0000000A          0x08000332   Section        4  __rtentry2.o(.ARM.Collect$$rtentry$$0000000A)
    .ARM.Collect$$rtentry$$0000000C          0x08000336   Section        0  __rtentry2.o(.ARM.Collect$$rtentry$$0000000C)
    .ARM.Collect$$rtentry$$0000000D          0x08000336   Section        8  __rtentry2.o(.ARM.Collect$$rtentry$$0000000D)
    .ARM.Collect$$rtexit$$00000000           0x0800033e   Section        2  rtexit.o(.ARM.Collect$$rtexit$$00000000)
    .ARM.Collect$$rtexit$$00000002           0x08000340   Section        0  rtexit2.o(.ARM.Collect$$rtexit$$00000002)
    .ARM.Collect$$rtexit$$00000003           0x08000340   Section        4  rtexit2.o(.ARM.Collect$$rtexit$$00000003)
    .ARM.Collect$$rtexit$$00000004           0x08000344   Section        6  rtexit2.o(.ARM.Collect$$rtexit$$00000004)
    $v0                                      0x0800034c   Number         0  startup_stm32h7a3xxq.o(.text)
    .text                                    0x0800034c   Section       64  startup_stm32h7a3xxq.o(.text)
    .text                                    0x0800038c   Section       78  rt_memclr_w.o(.text)
    .text                                    0x080003da   Section        0  heapauxi.o(.text)
    .text                                    0x080003e0   Section        8  libspace.o(.text)
    .text                                    0x080003e8   Section       74  sys_stackheap_outer.o(.text)
    .text                                    0x08000432   Section        0  exit.o(.text)
    .text                                    0x08000444   Section        0  sys_exit.o(.text)
    .text                                    0x08000450   Section        2  use_no_semi.o(.text)
    .text                                    0x08000452   Section        0  indicate_semi.o(.text)
    [Anonymous Symbol]                       0x08000458   Section        0  stm32h7xx_it.o(.text.BusFault_Handler)
    [Anonymous Symbol]                       0x08000460   Section        0  stm32h7xx_it.o(.text.DebugMon_Handler)
    [Anonymous Symbol]                       0x08000468   Section        0  eventrecorder.o(.text.EventRecord2)
    EventRecordItem                          0x08000519   Thumb Code   692  eventrecorder.o(.text.EventRecordItem)
    [Anonymous Symbol]                       0x08000518   Section        0  eventrecorder.o(.text.EventRecordItem)
    [Anonymous Symbol]                       0x080007d0   Section        0  eventrecorder.o(.text.EventRecorderEnable)
    [Anonymous Symbol]                       0x08000a10   Section        0  eventrecorder.o(.text.EventRecorderInitialize)
    [Anonymous Symbol]                       0x08000e78   Section        0  eventrecorder.o(.text.EventRecorderTimerGetCount)
    [Anonymous Symbol]                       0x08000e88   Section        0  eventrecorder.o(.text.EventRecorderTimerGetFreq)
    [Anonymous Symbol]                       0x08000e98   Section        0  eventrecorder.o(.text.EventRecorderTimerSetup)
    [Anonymous Symbol]                       0x08000ec0   Section        0  stm32h7xx_hal.o(.text.HAL_GetTick)
    [Anonymous Symbol]                       0x08000ed0   Section        0  stm32h7xx_hal.o(.text.HAL_IncTick)
    [Anonymous Symbol]                       0x08000ef0   Section        0  stm32h7xx_hal.o(.text.HAL_Init)
    [Anonymous Symbol]                       0x08000f58   Section        0  stm32h7xx_hal.o(.text.HAL_InitTick)
    [Anonymous Symbol]                       0x08000fb0   Section        0  stm32h7xx_hal_msp.o(.text.HAL_MspInit)
    [Anonymous Symbol]                       0x08000fd0   Section        0  stm32h7xx_hal_cortex.o(.text.HAL_NVIC_SetPriority)
    [Anonymous Symbol]                       0x08001030   Section        0  stm32h7xx_hal_cortex.o(.text.HAL_NVIC_SetPriorityGrouping)
    [Anonymous Symbol]                       0x08001050   Section        0  stm32h7xx_hal_pwr_ex.o(.text.HAL_PWREx_ConfigSupply)
    [Anonymous Symbol]                       0x080010d8   Section        0  stm32h7xx_hal_rcc.o(.text.HAL_RCC_ClockConfig)
    [Anonymous Symbol]                       0x08001340   Section        0  stm32h7xx_hal_rcc.o(.text.HAL_RCC_GetSysClockFreq)
    [Anonymous Symbol]                       0x08001448   Section        0  stm32h7xx_hal_rcc.o(.text.HAL_RCC_OscConfig)
    [Anonymous Symbol]                       0x080019c0   Section        0  stm32h7xx_hal_cortex.o(.text.HAL_SYSTICK_Config)
    [Anonymous Symbol]                       0x080019f0   Section        0  stm32h7xx_it.o(.text.HardFault_Handler)
    [Anonymous Symbol]                       0x080019f8   Section        0  stm32h7xx_it.o(.text.MemManage_Handler)
    [Anonymous Symbol]                       0x08001a00   Section        0  stm32h7xx_it.o(.text.NMI_Handler)
    [Anonymous Symbol]                       0x08001a08   Section        0  stm32h7xx_it.o(.text.PendSV_Handler)
    [Anonymous Symbol]                       0x08001a10   Section        0  stm32h7xx_it.o(.text.SVC_Handler)
    [Anonymous Symbol]                       0x08001a18   Section        0  stm32h7xx_it.o(.text.SysTick_Handler)
    [Anonymous Symbol]                       0x08001a20   Section        0  main.o(.text.SystemClock_Config)
    [Anonymous Symbol]                       0x08001b00   Section        0  system_stm32h7xx.o(.text.SystemInit)
    [Anonymous Symbol]                       0x08001bb8   Section        0  stm32h7xx_it.o(.text.UsageFault_Handler)
    [Anonymous Symbol]                       0x08001bc0   Section        0  main.o(.text.main)
    $v0                                      0x08001d04   Number         0  fpinit.o(x$fpl$fpinit)
    x$fpl$fpinit                             0x08001d04   Section       26  fpinit.o(x$fpl$fpinit)
    __tagsym$$used.0                         0x08001d30   Number         0  eventrecorder.o(.rodata.EventRecorderInfo)
    .L.str                                   0x08001d48   Data          19  main.o(.rodata.str1.1)
    [Anonymous Symbol]                       0x08001d48   Section        0  main.o(.rodata.str1.1)
    .bss                                     0x24000040   Section       96  libspace.o(.bss)
    TS_OverflowLock                          0x240000a0   Data           1  eventrecorder.o(.bss.TS_OverflowLock)
    [Anonymous Symbol]                       0x240000a0   Section        0  eventrecorder.o(.bss.TS_OverflowLock)
    EventBuffer                              0x240000c0   Data        1024  eventrecorder.o(.bss.noinit)
    [Anonymous Symbol]                       0x240000c0   Section        0  eventrecorder.o(.bss.noinit)
    EventFilter                              0x240004c0   Data         128  eventrecorder.o(.bss.noinit)
    EventStatus                              0x24000540   Data          36  eventrecorder.o(.bss.noinit)
    Heap_Mem                                 0x24000568   Data         512  startup_stm32h7a3xxq.o(HEAP)
    HEAP                                     0x24000568   Section      512  startup_stm32h7a3xxq.o(HEAP)
    Stack_Mem                                0x24000768   Data        1024  startup_stm32h7a3xxq.o(STACK)
    STACK                                    0x24000768   Section     1024  startup_stm32h7a3xxq.o(STACK)
    __initial_sp                             0x24000b68   Data           0  startup_stm32h7a3xxq.o(STACK)

    Global Symbols

    Symbol Name                              Value     Ov Type        Size  Object(Section)

    BuildAttributes$$THM_ISAv4$E$P$D$K$B$S$7EM$VFPv5_D16$PE$PLD8$A:L22UL41UL21$X:L11$S22US41US21$IEEE1$IW$~IW$USESV6$~STKCKD$USESV7$~SHL$OTIME$ROPI$IEEEX$EBA8$UX$STANDARDLIB$REQ8$PRES8$EABIv2 0x00000000   Number         0  anon$$obj.o ABSOLUTE
    __ARM_exceptions_init                     - Undefined Weak Reference
    __alloca_initialize                       - Undefined Weak Reference
    __arm_preinit_                            - Undefined Weak Reference
    __arm_relocate_pie_                       - Undefined Weak Reference
    __cpp_initialize__aeabi_                  - Undefined Weak Reference
    __cxa_finalize                            - Undefined Weak Reference
    __rt_locale                               - Undefined Weak Reference
    __sigvec_lookup                           - Undefined Weak Reference
    _atexit_init                              - Undefined Weak Reference
    _call_atexit_fns                          - Undefined Weak Reference
    _clock_init                               - Undefined Weak Reference
    _fp_trap_init                             - Undefined Weak Reference
    _fp_trap_shutdown                         - Undefined Weak Reference
    _get_lc_collate                           - Undefined Weak Reference
    _get_lc_ctype                             - Undefined Weak Reference
    _get_lc_monetary                          - Undefined Weak Reference
    _get_lc_numeric                           - Undefined Weak Reference
    _get_lc_time                              - Undefined Weak Reference
    _getenv_init                              - Undefined Weak Reference
    _handle_redirection                       - Undefined Weak Reference
    _init_alloc                               - Undefined Weak Reference
    _init_user_alloc                          - Undefined Weak Reference
    _initio                                   - Undefined Weak Reference
    _rand_init                                - Undefined Weak Reference
    _signal_finish                            - Undefined Weak Reference
    _signal_init                              - Undefined Weak Reference
    _terminate_alloc                          - Undefined Weak Reference
    _terminate_user_alloc                     - Undefined Weak Reference
    _terminateio                              - Undefined Weak Reference
    __Vectors_Size                           0x000002ac   Number         0  startup_stm32h7a3xxq.o ABSOLUTE
    __Vectors                                0x08000000   Data           4  startup_stm32h7a3xxq.o(RESET)
    __Vectors_End                            0x080002ac   Data           0  startup_stm32h7a3xxq.o(RESET)
    __main                                   0x080002ad   Thumb Code     8  __main.o(!!!main)
    __scatterload                            0x080002b5   Thumb Code     0  __scatter.o(!!!scatter)
    __scatterload_rt2                        0x080002b5   Thumb Code    44  __scatter.o(!!!scatter)
    __scatterload_rt2_thumb_only             0x080002b5   Thumb Code     0  __scatter.o(!!!scatter)
    __scatterload_null                       0x080002c3   Thumb Code     0  __scatter.o(!!!scatter)
    __scatterload_copy                       0x080002e9   Thumb Code    26  __scatter_copy.o(!!handler_copy)
    __scatterload_zeroinit                   0x08000305   Thumb Code    28  __scatter_zi.o(!!handler_zi)
    __rt_lib_init                            0x08000321   Thumb Code     0  libinit.o(.ARM.Collect$$libinit$$00000000)
    __rt_lib_init_fp_1                       0x08000323   Thumb Code     0  libinit2.o(.ARM.Collect$$libinit$$00000001)
    __rt_lib_init_alloca_1                   0x08000327   Thumb Code     0  libinit2.o(.ARM.Collect$$libinit$$00000030)
    __rt_lib_init_argv_1                     0x08000327   Thumb Code     0  libinit2.o(.ARM.Collect$$libinit$$0000002E)
    __rt_lib_init_atexit_1                   0x08000327   Thumb Code     0  libinit2.o(.ARM.Collect$$libinit$$0000001D)
    __rt_lib_init_clock_1                    0x08000327   Thumb Code     0  libinit2.o(.ARM.Collect$$libinit$$00000023)
    __rt_lib_init_cpp_1                      0x08000327   Thumb Code     0  libinit2.o(.ARM.Collect$$libinit$$00000034)
    __rt_lib_init_exceptions_1               0x08000327   Thumb Code     0  libinit2.o(.ARM.Collect$$libinit$$00000032)
    __rt_lib_init_fp_trap_1                  0x08000327   Thumb Code     0  libinit2.o(.ARM.Collect$$libinit$$00000021)
    __rt_lib_init_getenv_1                   0x08000327   Thumb Code     0  libinit2.o(.ARM.Collect$$libinit$$00000025)
    __rt_lib_init_heap_1                     0x08000327   Thumb Code     0  libinit2.o(.ARM.Collect$$libinit$$0000000C)
    __rt_lib_init_lc_collate_1               0x08000327   Thumb Code     0  libinit2.o(.ARM.Collect$$libinit$$00000013)
    __rt_lib_init_lc_ctype_1                 0x08000327   Thumb Code     0  libinit2.o(.ARM.Collect$$libinit$$00000015)
    __rt_lib_init_lc_monetary_1              0x08000327   Thumb Code     0  libinit2.o(.ARM.Collect$$libinit$$00000017)
    __rt_lib_init_lc_numeric_1               0x08000327   Thumb Code     0  libinit2.o(.ARM.Collect$$libinit$$00000019)
    __rt_lib_init_lc_time_1                  0x08000327   Thumb Code     0  libinit2.o(.ARM.Collect$$libinit$$0000001B)
    __rt_lib_init_preinit_1                  0x08000327   Thumb Code     0  libinit2.o(.ARM.Collect$$libinit$$00000006)
    __rt_lib_init_rand_1                     0x08000327   Thumb Code     0  libinit2.o(.ARM.Collect$$libinit$$00000010)
    __rt_lib_init_relocate_pie_1             0x08000327   Thumb Code     0  libinit2.o(.ARM.Collect$$libinit$$00000004)
    __rt_lib_init_return                     0x08000327   Thumb Code     0  libinit2.o(.ARM.Collect$$libinit$$00000035)
    __rt_lib_init_signal_1                   0x08000327   Thumb Code     0  libinit2.o(.ARM.Collect$$libinit$$0000001F)
    __rt_lib_init_stdio_1                    0x08000327   Thumb Code     0  libinit2.o(.ARM.Collect$$libinit$$00000027)
    __rt_lib_init_user_alloc_1               0x08000327   Thumb Code     0  libinit2.o(.ARM.Collect$$libinit$$0000000E)
    __rt_lib_shutdown                        0x08000329   Thumb Code     0  libshutdown.o(.ARM.Collect$$libshutdown$$00000000)
    __rt_lib_shutdown_cpp_1                  0x0800032b   Thumb Code     0  libshutdown2.o(.ARM.Collect$$libshutdown$$00000002)
    __rt_lib_shutdown_fp_trap_1              0x0800032b   Thumb Code     0  libshutdown2.o(.ARM.Collect$$libshutdown$$00000007)
    __rt_lib_shutdown_heap_1                 0x0800032b   Thumb Code     0  libshutdown2.o(.ARM.Collect$$libshutdown$$0000000F)
    __rt_lib_shutdown_return                 0x0800032b   Thumb Code     0  libshutdown2.o(.ARM.Collect$$libshutdown$$00000010)
    __rt_lib_shutdown_signal_1               0x0800032b   Thumb Code     0  libshutdown2.o(.ARM.Collect$$libshutdown$$0000000A)
    __rt_lib_shutdown_stdio_1                0x0800032b   Thumb Code     0  libshutdown2.o(.ARM.Collect$$libshutdown$$00000004)
    __rt_lib_shutdown_user_alloc_1           0x0800032b   Thumb Code     0  libshutdown2.o(.ARM.Collect$$libshutdown$$0000000C)
    __rt_entry                               0x0800032d   Thumb Code     0  __rtentry.o(.ARM.Collect$$rtentry$$00000000)
    __rt_entry_presh_1                       0x0800032d   Thumb Code     0  __rtentry2.o(.ARM.Collect$$rtentry$$00000002)
    __rt_entry_sh                            0x0800032d   Thumb Code     0  __rtentry4.o(.ARM.Collect$$rtentry$$00000004)
    __rt_entry_li                            0x08000333   Thumb Code     0  __rtentry2.o(.ARM.Collect$$rtentry$$0000000A)
    __rt_entry_postsh_1                      0x08000333   Thumb Code     0  __rtentry2.o(.ARM.Collect$$rtentry$$00000009)
    __rt_entry_main                          0x08000337   Thumb Code     0  __rtentry2.o(.ARM.Collect$$rtentry$$0000000D)
    __rt_entry_postli_1                      0x08000337   Thumb Code     0  __rtentry2.o(.ARM.Collect$$rtentry$$0000000C)
    __rt_exit                                0x0800033f   Thumb Code     0  rtexit.o(.ARM.Collect$$rtexit$$00000000)
    __rt_exit_ls                             0x08000341   Thumb Code     0  rtexit2.o(.ARM.Collect$$rtexit$$00000003)
    __rt_exit_prels_1                        0x08000341   Thumb Code     0  rtexit2.o(.ARM.Collect$$rtexit$$00000002)
    __rt_exit_exit                           0x08000345   Thumb Code     0  rtexit2.o(.ARM.Collect$$rtexit$$00000004)
    Reset_Handler                            0x0800034d   Thumb Code     8  startup_stm32h7a3xxq.o(.text)
    ADC_IRQHandler                           0x08000367   Thumb Code     0  startup_stm32h7a3xxq.o(.text)
    BDMA1_IRQHandler                         0x08000367   Thumb Code     0  startup_stm32h7a3xxq.o(.text)
    BDMA2_Channel0_IRQHandler                0x08000367   Thumb Code     0  startup_stm32h7a3xxq.o(.text)
    BDMA2_Channel1_IRQHandler                0x08000367   Thumb Code     0  startup_stm32h7a3xxq.o(.text)
    BDMA2_Channel2_IRQHandler                0x08000367   Thumb Code     0  startup_stm32h7a3xxq.o(.text)
    BDMA2_Channel3_IRQHandler                0x08000367   Thumb Code     0  startup_stm32h7a3xxq.o(.text)
    BDMA2_Channel4_IRQHandler                0x08000367   Thumb Code     0  startup_stm32h7a3xxq.o(.text)
    BDMA2_Channel5_IRQHandler                0x08000367   Thumb Code     0  startup_stm32h7a3xxq.o(.text)
    BDMA2_Channel6_IRQHandler                0x08000367   Thumb Code     0  startup_stm32h7a3xxq.o(.text)
    BDMA2_Channel7_IRQHandler                0x08000367   Thumb Code     0  startup_stm32h7a3xxq.o(.text)
    CEC_IRQHandler                           0x08000367   Thumb Code     0  startup_stm32h7a3xxq.o(.text)
    COMP_IRQHandler                          0x08000367   Thumb Code     0  startup_stm32h7a3xxq.o(.text)
    CRS_IRQHandler                           0x08000367   Thumb Code     0  startup_stm32h7a3xxq.o(.text)
    DAC2_IRQHandler                          0x08000367   Thumb Code     0  startup_stm32h7a3xxq.o(.text)
    DCMI_PSSI_IRQHandler                     0x08000367   Thumb Code     0  startup_stm32h7a3xxq.o(.text)
    DFSDM1_FLT0_IRQHandler                   0x08000367   Thumb Code     0  startup_stm32h7a3xxq.o(.text)
    DFSDM1_FLT1_IRQHandler                   0x08000367   Thumb Code     0  startup_stm32h7a3xxq.o(.text)
    DFSDM1_FLT2_IRQHandler                   0x08000367   Thumb Code     0  startup_stm32h7a3xxq.o(.text)
    DFSDM1_FLT3_IRQHandler                   0x08000367   Thumb Code     0  startup_stm32h7a3xxq.o(.text)
    DFSDM1_FLT4_IRQHandler                   0x08000367   Thumb Code     0  startup_stm32h7a3xxq.o(.text)
    DFSDM1_FLT5_IRQHandler                   0x08000367   Thumb Code     0  startup_stm32h7a3xxq.o(.text)
    DFSDM1_FLT6_IRQHandler                   0x08000367   Thumb Code     0  startup_stm32h7a3xxq.o(.text)
    DFSDM1_FLT7_IRQHandler                   0x08000367   Thumb Code     0  startup_stm32h7a3xxq.o(.text)
    DFSDM2_IRQHandler                        0x08000367   Thumb Code     0  startup_stm32h7a3xxq.o(.text)
    DMA1_Stream0_IRQHandler                  0x08000367   Thumb Code     0  startup_stm32h7a3xxq.o(.text)
    DMA1_Stream1_IRQHandler                  0x08000367   Thumb Code     0  startup_stm32h7a3xxq.o(.text)
    DMA1_Stream2_IRQHandler                  0x08000367   Thumb Code     0  startup_stm32h7a3xxq.o(.text)
    DMA1_Stream3_IRQHandler                  0x08000367   Thumb Code     0  startup_stm32h7a3xxq.o(.text)
    DMA1_Stream4_IRQHandler                  0x08000367   Thumb Code     0  startup_stm32h7a3xxq.o(.text)
    DMA1_Stream5_IRQHandler                  0x08000367   Thumb Code     0  startup_stm32h7a3xxq.o(.text)
    DMA1_Stream6_IRQHandler                  0x08000367   Thumb Code     0  startup_stm32h7a3xxq.o(.text)
    DMA1_Stream7_IRQHandler                  0x08000367   Thumb Code     0  startup_stm32h7a3xxq.o(.text)
    DMA2D_IRQHandler                         0x08000367   Thumb Code     0  startup_stm32h7a3xxq.o(.text)
    DMA2_Stream0_IRQHandler                  0x08000367   Thumb Code     0  startup_stm32h7a3xxq.o(.text)
    DMA2_Stream1_IRQHandler                  0x08000367   Thumb Code     0  startup_stm32h7a3xxq.o(.text)
    DMA2_Stream2_IRQHandler                  0x08000367   Thumb Code     0  startup_stm32h7a3xxq.o(.text)
    DMA2_Stream3_IRQHandler                  0x08000367   Thumb Code     0  startup_stm32h7a3xxq.o(.text)
    DMA2_Stream4_IRQHandler                  0x08000367   Thumb Code     0  startup_stm32h7a3xxq.o(.text)
    DMA2_Stream5_IRQHandler                  0x08000367   Thumb Code     0  startup_stm32h7a3xxq.o(.text)
    DMA2_Stream6_IRQHandler                  0x08000367   Thumb Code     0  startup_stm32h7a3xxq.o(.text)
    DMA2_Stream7_IRQHandler                  0x08000367   Thumb Code     0  startup_stm32h7a3xxq.o(.text)
    DMAMUX1_OVR_IRQHandler                   0x08000367   Thumb Code     0  startup_stm32h7a3xxq.o(.text)
    DMAMUX2_OVR_IRQHandler                   0x08000367   Thumb Code     0  startup_stm32h7a3xxq.o(.text)
    DTS_IRQHandler                           0x08000367   Thumb Code     0  startup_stm32h7a3xxq.o(.text)
    ECC_IRQHandler                           0x08000367   Thumb Code     0  startup_stm32h7a3xxq.o(.text)
    EXTI0_IRQHandler                         0x08000367   Thumb Code     0  startup_stm32h7a3xxq.o(.text)
    EXTI15_10_IRQHandler                     0x08000367   Thumb Code     0  startup_stm32h7a3xxq.o(.text)
    EXTI1_IRQHandler                         0x08000367   Thumb Code     0  startup_stm32h7a3xxq.o(.text)
    EXTI2_IRQHandler                         0x08000367   Thumb Code     0  startup_stm32h7a3xxq.o(.text)
    EXTI3_IRQHandler                         0x08000367   Thumb Code     0  startup_stm32h7a3xxq.o(.text)
    EXTI4_IRQHandler                         0x08000367   Thumb Code     0  startup_stm32h7a3xxq.o(.text)
    EXTI9_5_IRQHandler                       0x08000367   Thumb Code     0  startup_stm32h7a3xxq.o(.text)
    FDCAN1_IT0_IRQHandler                    0x08000367   Thumb Code     0  startup_stm32h7a3xxq.o(.text)
    FDCAN1_IT1_IRQHandler                    0x08000367   Thumb Code     0  startup_stm32h7a3xxq.o(.text)
    FDCAN2_IT0_IRQHandler                    0x08000367   Thumb Code     0  startup_stm32h7a3xxq.o(.text)
    FDCAN2_IT1_IRQHandler                    0x08000367   Thumb Code     0  startup_stm32h7a3xxq.o(.text)
    FDCAN_CAL_IRQHandler                     0x08000367   Thumb Code     0  startup_stm32h7a3xxq.o(.text)
    FLASH_IRQHandler                         0x08000367   Thumb Code     0  startup_stm32h7a3xxq.o(.text)
    FMC_IRQHandler                           0x08000367   Thumb Code     0  startup_stm32h7a3xxq.o(.text)
    FPU_IRQHandler                           0x08000367   Thumb Code     0  startup_stm32h7a3xxq.o(.text)
    GFXMMU_IRQHandler                        0x08000367   Thumb Code     0  startup_stm32h7a3xxq.o(.text)
    HSEM1_IRQHandler                         0x08000367   Thumb Code     0  startup_stm32h7a3xxq.o(.text)
    I2C1_ER_IRQHandler                       0x08000367   Thumb Code     0  startup_stm32h7a3xxq.o(.text)
    I2C1_EV_IRQHandler                       0x08000367   Thumb Code     0  startup_stm32h7a3xxq.o(.text)
    I2C2_ER_IRQHandler                       0x08000367   Thumb Code     0  startup_stm32h7a3xxq.o(.text)
    I2C2_EV_IRQHandler                       0x08000367   Thumb Code     0  startup_stm32h7a3xxq.o(.text)
    I2C3_ER_IRQHandler                       0x08000367   Thumb Code     0  startup_stm32h7a3xxq.o(.text)
    I2C3_EV_IRQHandler                       0x08000367   Thumb Code     0  startup_stm32h7a3xxq.o(.text)
    I2C4_ER_IRQHandler                       0x08000367   Thumb Code     0  startup_stm32h7a3xxq.o(.text)
    I2C4_EV_IRQHandler                       0x08000367   Thumb Code     0  startup_stm32h7a3xxq.o(.text)
    JPEG_IRQHandler                          0x08000367   Thumb Code     0  startup_stm32h7a3xxq.o(.text)
    LPTIM1_IRQHandler                        0x08000367   Thumb Code     0  startup_stm32h7a3xxq.o(.text)
    LPTIM2_IRQHandler                        0x08000367   Thumb Code     0  startup_stm32h7a3xxq.o(.text)
    LPTIM3_IRQHandler                        0x08000367   Thumb Code     0  startup_stm32h7a3xxq.o(.text)
    LPUART1_IRQHandler                       0x08000367   Thumb Code     0  startup_stm32h7a3xxq.o(.text)
    LTDC_ER_IRQHandler                       0x08000367   Thumb Code     0  startup_stm32h7a3xxq.o(.text)
    LTDC_IRQHandler                          0x08000367   Thumb Code     0  startup_stm32h7a3xxq.o(.text)
    MDIOS_IRQHandler                         0x08000367   Thumb Code     0  startup_stm32h7a3xxq.o(.text)
    MDIOS_WKUP_IRQHandler                    0x08000367   Thumb Code     0  startup_stm32h7a3xxq.o(.text)
    MDMA_IRQHandler                          0x08000367   Thumb Code     0  startup_stm32h7a3xxq.o(.text)
    OCTOSPI1_IRQHandler                      0x08000367   Thumb Code     0  startup_stm32h7a3xxq.o(.text)
    OCTOSPI2_IRQHandler                      0x08000367   Thumb Code     0  startup_stm32h7a3xxq.o(.text)
    OTG_HS_EP1_IN_IRQHandler                 0x08000367   Thumb Code     0  startup_stm32h7a3xxq.o(.text)
    OTG_HS_EP1_OUT_IRQHandler                0x08000367   Thumb Code     0  startup_stm32h7a3xxq.o(.text)
    OTG_HS_IRQHandler                        0x08000367   Thumb Code     0  startup_stm32h7a3xxq.o(.text)
    OTG_HS_WKUP_IRQHandler                   0x08000367   Thumb Code     0  startup_stm32h7a3xxq.o(.text)
    PVD_PVM_IRQHandler                       0x08000367   Thumb Code     0  startup_stm32h7a3xxq.o(.text)
    RCC_IRQHandler                           0x08000367   Thumb Code     0  startup_stm32h7a3xxq.o(.text)
    RNG_IRQHandler                           0x08000367   Thumb Code     0  startup_stm32h7a3xxq.o(.text)
    RTC_Alarm_IRQHandler                     0x08000367   Thumb Code     0  startup_stm32h7a3xxq.o(.text)
    RTC_TAMP_STAMP_CSS_LSE_IRQHandler        0x08000367   Thumb Code     0  startup_stm32h7a3xxq.o(.text)
    RTC_WKUP_IRQHandler                      0x08000367   Thumb Code     0  startup_stm32h7a3xxq.o(.text)
    SAI1_IRQHandler                          0x08000367   Thumb Code     0  startup_stm32h7a3xxq.o(.text)
    SAI2_IRQHandler                          0x08000367   Thumb Code     0  startup_stm32h7a3xxq.o(.text)
    SDMMC1_IRQHandler                        0x08000367   Thumb Code     0  startup_stm32h7a3xxq.o(.text)
    SDMMC2_IRQHandler                        0x08000367   Thumb Code     0  startup_stm32h7a3xxq.o(.text)
    SPDIF_RX_IRQHandler                      0x08000367   Thumb Code     0  startup_stm32h7a3xxq.o(.text)
    SPI1_IRQHandler                          0x08000367   Thumb Code     0  startup_stm32h7a3xxq.o(.text)
    SPI2_IRQHandler                          0x08000367   Thumb Code     0  startup_stm32h7a3xxq.o(.text)
    SPI3_IRQHandler                          0x08000367   Thumb Code     0  startup_stm32h7a3xxq.o(.text)
    SPI4_IRQHandler                          0x08000367   Thumb Code     0  startup_stm32h7a3xxq.o(.text)
    SPI5_IRQHandler                          0x08000367   Thumb Code     0  startup_stm32h7a3xxq.o(.text)
    SPI6_IRQHandler                          0x08000367   Thumb Code     0  startup_stm32h7a3xxq.o(.text)
    SWPMI1_IRQHandler                        0x08000367   Thumb Code     0  startup_stm32h7a3xxq.o(.text)
    TIM15_IRQHandler                         0x08000367   Thumb Code     0  startup_stm32h7a3xxq.o(.text)
    TIM16_IRQHandler                         0x08000367   Thumb Code     0  startup_stm32h7a3xxq.o(.text)
    TIM17_IRQHandler                         0x08000367   Thumb Code     0  startup_stm32h7a3xxq.o(.text)
    TIM1_BRK_IRQHandler                      0x08000367   Thumb Code     0  startup_stm32h7a3xxq.o(.text)
    TIM1_CC_IRQHandler                       0x08000367   Thumb Code     0  startup_stm32h7a3xxq.o(.text)
    TIM1_TRG_COM_IRQHandler                  0x08000367   Thumb Code     0  startup_stm32h7a3xxq.o(.text)
    TIM1_UP_IRQHandler                       0x08000367   Thumb Code     0  startup_stm32h7a3xxq.o(.text)
    TIM2_IRQHandler                          0x08000367   Thumb Code     0  startup_stm32h7a3xxq.o(.text)
    TIM3_IRQHandler                          0x08000367   Thumb Code     0  startup_stm32h7a3xxq.o(.text)
    TIM4_IRQHandler                          0x08000367   Thumb Code     0  startup_stm32h7a3xxq.o(.text)
    TIM5_IRQHandler                          0x08000367   Thumb Code     0  startup_stm32h7a3xxq.o(.text)
    TIM6_DAC_IRQHandler                      0x08000367   Thumb Code     0  startup_stm32h7a3xxq.o(.text)
    TIM7_IRQHandler                          0x08000367   Thumb Code     0  startup_stm32h7a3xxq.o(.text)
    TIM8_BRK_TIM12_IRQHandler                0x08000367   Thumb Code     0  startup_stm32h7a3xxq.o(.text)
    TIM8_CC_IRQHandler                       0x08000367   Thumb Code     0  startup_stm32h7a3xxq.o(.text)
    TIM8_TRG_COM_TIM14_IRQHandler            0x08000367   Thumb Code     0  startup_stm32h7a3xxq.o(.text)
    TIM8_UP_TIM13_IRQHandler                 0x08000367   Thumb Code     0  startup_stm32h7a3xxq.o(.text)
    UART4_IRQHandler                         0x08000367   Thumb Code     0  startup_stm32h7a3xxq.o(.text)
    UART5_IRQHandler                         0x08000367   Thumb Code     0  startup_stm32h7a3xxq.o(.text)
    UART7_IRQHandler                         0x08000367   Thumb Code     0  startup_stm32h7a3xxq.o(.text)
    UART8_IRQHandler                         0x08000367   Thumb Code     0  startup_stm32h7a3xxq.o(.text)
    UART9_IRQHandler                         0x08000367   Thumb Code     0  startup_stm32h7a3xxq.o(.text)
    USART10_IRQHandler                       0x08000367   Thumb Code     0  startup_stm32h7a3xxq.o(.text)
    USART1_IRQHandler                        0x08000367   Thumb Code     0  startup_stm32h7a3xxq.o(.text)
    USART2_IRQHandler                        0x08000367   Thumb Code     0  startup_stm32h7a3xxq.o(.text)
    USART3_IRQHandler                        0x08000367   Thumb Code     0  startup_stm32h7a3xxq.o(.text)
    USART6_IRQHandler                        0x08000367   Thumb Code     0  startup_stm32h7a3xxq.o(.text)
    WAKEUP_PIN_IRQHandler                    0x08000367   Thumb Code     0  startup_stm32h7a3xxq.o(.text)
    WWDG_IRQHandler                          0x08000367   Thumb Code     0  startup_stm32h7a3xxq.o(.text)
    __user_initial_stackheap                 0x08000369   Thumb Code     0  startup_stm32h7a3xxq.o(.text)
    __aeabi_memclr4                          0x0800038d   Thumb Code     0  rt_memclr_w.o(.text)
    __aeabi_memclr8                          0x0800038d   Thumb Code     0  rt_memclr_w.o(.text)
    __rt_memclr_w                            0x0800038d   Thumb Code     0  rt_memclr_w.o(.text)
    _memset_w                                0x08000391   Thumb Code    74  rt_memclr_w.o(.text)
    __use_two_region_memory                  0x080003db   Thumb Code     2  heapauxi.o(.text)
    __rt_heap_escrow$2region                 0x080003dd   Thumb Code     2  heapauxi.o(.text)
    __rt_heap_expand$2region                 0x080003df   Thumb Code     2  heapauxi.o(.text)
    __user_libspace                          0x080003e1   Thumb Code     8  libspace.o(.text)
    __user_perproc_libspace                  0x080003e1   Thumb Code     0  libspace.o(.text)
    __user_perthread_libspace                0x080003e1   Thumb Code     0  libspace.o(.text)
    __user_setup_stackheap                   0x080003e9   Thumb Code    74  sys_stackheap_outer.o(.text)
    exit                                     0x08000433   Thumb Code    18  exit.o(.text)
    _sys_exit                                0x08000445   Thumb Code     8  sys_exit.o(.text)
    __I$use$semihosting                      0x08000451   Thumb Code     0  use_no_semi.o(.text)
    __use_no_semihosting_swi                 0x08000451   Thumb Code     2  use_no_semi.o(.text)
    __semihosting_library_function           0x08000453   Thumb Code     0  indicate_semi.o(.text)
    BusFault_Handler                         0x08000459   Thumb Code     2  stm32h7xx_it.o(.text.BusFault_Handler)
    DebugMon_Handler                         0x08000461   Thumb Code     2  stm32h7xx_it.o(.text.DebugMon_Handler)
    EventRecord2                             0x08000469   Thumb Code   172  eventrecorder.o(.text.EventRecord2)
    EventRecorderEnable                      0x080007d1   Thumb Code   572  eventrecorder.o(.text.EventRecorderEnable)
    EventRecorderInitialize                  0x08000a11   Thumb Code  1128  eventrecorder.o(.text.EventRecorderInitialize)
    EventRecorderTimerGetCount               0x08000e79   Thumb Code    12  eventrecorder.o(.text.EventRecorderTimerGetCount)
    EventRecorderTimerGetFreq                0x08000e89   Thumb Code    12  eventrecorder.o(.text.EventRecorderTimerGetFreq)
    EventRecorderTimerSetup                  0x08000e99   Thumb Code    36  eventrecorder.o(.text.EventRecorderTimerSetup)
    HAL_GetTick                              0x08000ec1   Thumb Code    12  stm32h7xx_hal.o(.text.HAL_GetTick)
    HAL_IncTick                              0x08000ed1   Thumb Code    26  stm32h7xx_hal.o(.text.HAL_IncTick)
    HAL_Init                                 0x08000ef1   Thumb Code   100  stm32h7xx_hal.o(.text.HAL_Init)
    HAL_InitTick                             0x08000f59   Thumb Code    84  stm32h7xx_hal.o(.text.HAL_InitTick)
    HAL_MspInit                              0x08000fb1   Thumb Code    32  stm32h7xx_hal_msp.o(.text.HAL_MspInit)
    HAL_NVIC_SetPriority                     0x08000fd1   Thumb Code    92  stm32h7xx_hal_cortex.o(.text.HAL_NVIC_SetPriority)
    HAL_NVIC_SetPriorityGrouping             0x08001031   Thumb Code    32  stm32h7xx_hal_cortex.o(.text.HAL_NVIC_SetPriorityGrouping)
    HAL_PWREx_ConfigSupply                   0x08001051   Thumb Code   130  stm32h7xx_hal_pwr_ex.o(.text.HAL_PWREx_ConfigSupply)
    HAL_RCC_ClockConfig                      0x080010d9   Thumb Code   612  stm32h7xx_hal_rcc.o(.text.HAL_RCC_ClockConfig)
    HAL_RCC_GetSysClockFreq                  0x08001341   Thumb Code   264  stm32h7xx_hal_rcc.o(.text.HAL_RCC_GetSysClockFreq)
    HAL_RCC_OscConfig                        0x08001449   Thumb Code  1394  stm32h7xx_hal_rcc.o(.text.HAL_RCC_OscConfig)
    HAL_SYSTICK_Config                       0x080019c1   Thumb Code    44  stm32h7xx_hal_cortex.o(.text.HAL_SYSTICK_Config)
    HardFault_Handler                        0x080019f1   Thumb Code     2  stm32h7xx_it.o(.text.HardFault_Handler)
    MemManage_Handler                        0x080019f9   Thumb Code     2  stm32h7xx_it.o(.text.MemManage_Handler)
    NMI_Handler                              0x08001a01   Thumb Code     2  stm32h7xx_it.o(.text.NMI_Handler)
    PendSV_Handler                           0x08001a09   Thumb Code     2  stm32h7xx_it.o(.text.PendSV_Handler)
    SVC_Handler                              0x08001a11   Thumb Code     2  stm32h7xx_it.o(.text.SVC_Handler)
    SysTick_Handler                          0x08001a19   Thumb Code     4  stm32h7xx_it.o(.text.SysTick_Handler)
    SystemClock_Config                       0x08001a21   Thumb Code   218  main.o(.text.SystemClock_Config)
    SystemInit                               0x08001b01   Thumb Code   178  system_stm32h7xx.o(.text.SystemInit)
    UsageFault_Handler                       0x08001bb9   Thumb Code     2  stm32h7xx_it.o(.text.UsageFault_Handler)
    main                                     0x08001bc1   Thumb Code   324  main.o(.text.main)
    _fp_init                                 0x08001d05   Thumb Code    26  fpinit.o(x$fpl$fpinit)
    __fplib_config_fpu_vfp                   0x08001d1d   Thumb Code     0  fpinit.o(x$fpl$fpinit)
    __fplib_config_pureend_doubles           0x08001d1d   Thumb Code     0  fpinit.o(x$fpl$fpinit)
    D1CorePrescTable                         0x08001d1e   Data          16  system_stm32h7xx.o(.rodata.D1CorePrescTable)
    EventRecorderInfo                        0x08001d30   Data          24  eventrecorder.o(.rodata.EventRecorderInfo)
    Region$$Table$$Base                      0x08001d5c   Number         0  anon$$obj.o(Region$$Table)
    Region$$Table$$Limit                     0x08001d7c   Number         0  anon$$obj.o(Region$$Table)
    SystemCoreClock                          0x24000000   Data           4  system_stm32h7xx.o(.data.SystemCoreClock)
    SystemD2Clock                            0x24000004   Data           4  system_stm32h7xx.o(.data.SystemD2Clock)
    uwTickFreq                               0x24000008   Data           1  stm32h7xx_hal.o(.data.uwTickFreq)
    uwTickPrio                               0x2400000c   Data           4  stm32h7xx_hal.o(.data.uwTickPrio)
    __libspace_start                         0x24000040   Data          96  libspace.o(.bss)
    __temporary_stack_top$libspace           0x240000a0   Data           0  libspace.o(.bss)
    uwTick                                   0x24000564   Data           4  stm32h7xx_hal.o(.bss.uwTick)



==============================================================================

Memory Map of the image

  Image Entry point : 0x080002ad

  Load Region LR_IROM1 (Base: 0x08000000, Size: 0x00001dc0, Max: 0x00200000, ABSOLUTE)

    Execution Region ER_IROM1 (Exec base: 0x08000000, Load base: 0x08000000, Size: 0x00001d7c, Max: 0x00200000, ABSOLUTE)

    Exec Addr    Load Addr    Size         Type   Attr      Idx    E Section Name        Object

    0x08000000   0x08000000   0x000002ac   Data   RO            3    RESET               startup_stm32h7a3xxq.o
    0x080002ac   0x080002ac   0x00000008   Code   RO         3537  * !!!main             c_w.l(__main.o)
    0x080002b4   0x080002b4   0x00000034   Code   RO         3812    !!!scatter          c_w.l(__scatter.o)
    0x080002e8   0x080002e8   0x0000001a   Code   RO         3814    !!handler_copy      c_w.l(__scatter_copy.o)
    0x08000302   0x08000302   0x00000002   PAD
    0x08000304   0x08000304   0x0000001c   Code   RO         3816    !!handler_zi        c_w.l(__scatter_zi.o)
    0x08000320   0x08000320   0x00000002   Code   RO         3677    .ARM.Collect$$libinit$$00000000  c_w.l(libinit.o)
    0x08000322   0x08000322   0x00000004   Code   RO         3686    .ARM.Collect$$libinit$$00000001  c_w.l(libinit2.o)
    0x08000326   0x08000326   0x00000000   Code   RO         3689    .ARM.Collect$$libinit$$00000004  c_w.l(libinit2.o)
    0x08000326   0x08000326   0x00000000   Code   RO         3691    .ARM.Collect$$libinit$$00000006  c_w.l(libinit2.o)
    0x08000326   0x08000326   0x00000000   Code   RO         3694    .ARM.Collect$$libinit$$0000000C  c_w.l(libinit2.o)
    0x08000326   0x08000326   0x00000000   Code   RO         3696    .ARM.Collect$$libinit$$0000000E  c_w.l(libinit2.o)
    0x08000326   0x08000326   0x00000000   Code   RO         3698    .ARM.Collect$$libinit$$00000010  c_w.l(libinit2.o)
    0x08000326   0x08000326   0x00000000   Code   RO         3701    .ARM.Collect$$libinit$$00000013  c_w.l(libinit2.o)
    0x08000326   0x08000326   0x00000000   Code   RO         3703    .ARM.Collect$$libinit$$00000015  c_w.l(libinit2.o)
    0x08000326   0x08000326   0x00000000   Code   RO         3705    .ARM.Collect$$libinit$$00000017  c_w.l(libinit2.o)
    0x08000326   0x08000326   0x00000000   Code   RO         3707    .ARM.Collect$$libinit$$00000019  c_w.l(libinit2.o)
    0x08000326   0x08000326   0x00000000   Code   RO         3709    .ARM.Collect$$libinit$$0000001B  c_w.l(libinit2.o)
    0x08000326   0x08000326   0x00000000   Code   RO         3711    .ARM.Collect$$libinit$$0000001D  c_w.l(libinit2.o)
    0x08000326   0x08000326   0x00000000   Code   RO         3713    .ARM.Collect$$libinit$$0000001F  c_w.l(libinit2.o)
    0x08000326   0x08000326   0x00000000   Code   RO         3715    .ARM.Collect$$libinit$$00000021  c_w.l(libinit2.o)
    0x08000326   0x08000326   0x00000000   Code   RO         3717    .ARM.Collect$$libinit$$00000023  c_w.l(libinit2.o)
    0x08000326   0x08000326   0x00000000   Code   RO         3719    .ARM.Collect$$libinit$$00000025  c_w.l(libinit2.o)
    0x08000326   0x08000326   0x00000000   Code   RO         3721    .ARM.Collect$$libinit$$00000027  c_w.l(libinit2.o)
    0x08000326   0x08000326   0x00000000   Code   RO         3725    .ARM.Collect$$libinit$$0000002E  c_w.l(libinit2.o)
    0x08000326   0x08000326   0x00000000   Code   RO         3727    .ARM.Collect$$libinit$$00000030  c_w.l(libinit2.o)
    0x08000326   0x08000326   0x00000000   Code   RO         3729    .ARM.Collect$$libinit$$00000032  c_w.l(libinit2.o)
    0x08000326   0x08000326   0x00000000   Code   RO         3731    .ARM.Collect$$libinit$$00000034  c_w.l(libinit2.o)
    0x08000326   0x08000326   0x00000002   Code   RO         3732    .ARM.Collect$$libinit$$00000035  c_w.l(libinit2.o)
    0x08000328   0x08000328   0x00000002   Code   RO         3767    .ARM.Collect$$libshutdown$$00000000  c_w.l(libshutdown.o)
    0x0800032a   0x0800032a   0x00000000   Code   RO         3795    .ARM.Collect$$libshutdown$$00000002  c_w.l(libshutdown2.o)
    0x0800032a   0x0800032a   0x00000000   Code   RO         3797    .ARM.Collect$$libshutdown$$00000004  c_w.l(libshutdown2.o)
    0x0800032a   0x0800032a   0x00000000   Code   RO         3800    .ARM.Collect$$libshutdown$$00000007  c_w.l(libshutdown2.o)
    0x0800032a   0x0800032a   0x00000000   Code   RO         3803    .ARM.Collect$$libshutdown$$0000000A  c_w.l(libshutdown2.o)
    0x0800032a   0x0800032a   0x00000000   Code   RO         3805    .ARM.Collect$$libshutdown$$0000000C  c_w.l(libshutdown2.o)
    0x0800032a   0x0800032a   0x00000000   Code   RO         3808    .ARM.Collect$$libshutdown$$0000000F  c_w.l(libshutdown2.o)
    0x0800032a   0x0800032a   0x00000002   Code   RO         3809    .ARM.Collect$$libshutdown$$00000010  c_w.l(libshutdown2.o)
    0x0800032c   0x0800032c   0x00000000   Code   RO         3592    .ARM.Collect$$rtentry$$00000000  c_w.l(__rtentry.o)
    0x0800032c   0x0800032c   0x00000000   Code   RO         3640    .ARM.Collect$$rtentry$$00000002  c_w.l(__rtentry2.o)
    0x0800032c   0x0800032c   0x00000006   Code   RO         3652    .ARM.Collect$$rtentry$$00000004  c_w.l(__rtentry4.o)
    0x08000332   0x08000332   0x00000000   Code   RO         3642    .ARM.Collect$$rtentry$$00000009  c_w.l(__rtentry2.o)
    0x08000332   0x08000332   0x00000004   Code   RO         3643    .ARM.Collect$$rtentry$$0000000A  c_w.l(__rtentry2.o)
    0x08000336   0x08000336   0x00000000   Code   RO         3645    .ARM.Collect$$rtentry$$0000000C  c_w.l(__rtentry2.o)
    0x08000336   0x08000336   0x00000008   Code   RO         3646    .ARM.Collect$$rtentry$$0000000D  c_w.l(__rtentry2.o)
    0x0800033e   0x0800033e   0x00000002   Code   RO         3678    .ARM.Collect$$rtexit$$00000000  c_w.l(rtexit.o)
    0x08000340   0x08000340   0x00000000   Code   RO         3738    .ARM.Collect$$rtexit$$00000002  c_w.l(rtexit2.o)
    0x08000340   0x08000340   0x00000004   Code   RO         3739    .ARM.Collect$$rtexit$$00000003  c_w.l(rtexit2.o)
    0x08000344   0x08000344   0x00000006   Code   RO         3740    .ARM.Collect$$rtexit$$00000004  c_w.l(rtexit2.o)
    0x0800034a   0x0800034a   0x00000002   PAD
    0x0800034c   0x0800034c   0x00000040   Code   RO            4    .text               startup_stm32h7a3xxq.o
    0x0800038c   0x0800038c   0x0000004e   Code   RO         3533    .text               c_w.l(rt_memclr_w.o)
    0x080003da   0x080003da   0x00000006   Code   RO         3535    .text               c_w.l(heapauxi.o)
    0x080003e0   0x080003e0   0x00000008   Code   RO         3661    .text               c_w.l(libspace.o)
    0x080003e8   0x080003e8   0x0000004a   Code   RO         3664    .text               c_w.l(sys_stackheap_outer.o)
    0x08000432   0x08000432   0x00000012   Code   RO         3666    .text               c_w.l(exit.o)
    0x08000444   0x08000444   0x0000000c   Code   RO         3733    .text               c_w.l(sys_exit.o)
    0x08000450   0x08000450   0x00000002   Code   RO         3756    .text               c_w.l(use_no_semi.o)
    0x08000452   0x08000452   0x00000000   Code   RO         3758    .text               c_w.l(indicate_semi.o)
    0x08000452   0x08000452   0x00000006   PAD
    0x08000458   0x08000458   0x00000002   Code   RO           40    .text.BusFault_Handler  stm32h7xx_it.o
    0x0800045a   0x0800045a   0x00000006   PAD
    0x08000460   0x08000460   0x00000002   Code   RO           46    .text.DebugMon_Handler  stm32h7xx_it.o
    0x08000462   0x08000462   0x00000006   PAD
    0x08000468   0x08000468   0x000000ac   Code   RO         3503    .text.EventRecord2  eventrecorder.o
    0x08000514   0x08000514   0x00000004   PAD
    0x08000518   0x08000518   0x000002b4   Code   RO         3491    .text.EventRecordItem  eventrecorder.o
    0x080007cc   0x080007cc   0x00000004   PAD
    0x080007d0   0x080007d0   0x0000023c   Code   RO         3489    .text.EventRecorderEnable  eventrecorder.o
    0x08000a0c   0x08000a0c   0x00000004   PAD
    0x08000a10   0x08000a10   0x00000468   Code   RO         3487    .text.EventRecorderInitialize  eventrecorder.o
    0x08000e78   0x08000e78   0x0000000c   Code   RO         3485    .text.EventRecorderTimerGetCount  eventrecorder.o
    0x08000e84   0x08000e84   0x00000004   PAD
    0x08000e88   0x08000e88   0x0000000c   Code   RO         3483    .text.EventRecorderTimerGetFreq  eventrecorder.o
    0x08000e94   0x08000e94   0x00000004   PAD
    0x08000e98   0x08000e98   0x00000024   Code   RO         3481    .text.EventRecorderTimerSetup  eventrecorder.o
    0x08000ebc   0x08000ebc   0x00000004   PAD
    0x08000ec0   0x08000ec0   0x0000000c   Code   RO          618    .text.HAL_GetTick   stm32h7xx_hal.o
    0x08000ecc   0x08000ecc   0x00000004   PAD
    0x08000ed0   0x08000ed0   0x0000001a   Code   RO          616    .text.HAL_IncTick   stm32h7xx_hal.o
    0x08000eea   0x08000eea   0x00000006   PAD
    0x08000ef0   0x08000ef0   0x00000064   Code   RO          606    .text.HAL_Init      stm32h7xx_hal.o
    0x08000f54   0x08000f54   0x00000004   PAD
    0x08000f58   0x08000f58   0x00000054   Code   RO          608    .text.HAL_InitTick  stm32h7xx_hal.o
    0x08000fac   0x08000fac   0x00000004   PAD
    0x08000fb0   0x08000fb0   0x00000020   Code   RO           59    .text.HAL_MspInit   stm32h7xx_hal_msp.o
    0x08000fd0   0x08000fd0   0x0000005c   Code   RO           91    .text.HAL_NVIC_SetPriority  stm32h7xx_hal_cortex.o
    0x0800102c   0x0800102c   0x00000004   PAD
    0x08001030   0x08001030   0x00000020   Code   RO           89    .text.HAL_NVIC_SetPriorityGrouping  stm32h7xx_hal_cortex.o
    0x08001050   0x08001050   0x00000082   Code   RO          506    .text.HAL_PWREx_ConfigSupply  stm32h7xx_hal_pwr_ex.o
    0x080010d2   0x080010d2   0x00000006   PAD
    0x080010d8   0x080010d8   0x00000264   Code   RO          143    .text.HAL_RCC_ClockConfig  stm32h7xx_hal_rcc.o
    0x0800133c   0x0800133c   0x00000004   PAD
    0x08001340   0x08001340   0x00000108   Code   RO          145    .text.HAL_RCC_GetSysClockFreq  stm32h7xx_hal_rcc.o
    0x08001448   0x08001448   0x00000572   Code   RO          141    .text.HAL_RCC_OscConfig  stm32h7xx_hal_rcc.o
    0x080019ba   0x080019ba   0x00000006   PAD
    0x080019c0   0x080019c0   0x0000002c   Code   RO          101    .text.HAL_SYSTICK_Config  stm32h7xx_hal_cortex.o
    0x080019ec   0x080019ec   0x00000004   PAD
    0x080019f0   0x080019f0   0x00000002   Code   RO           36    .text.HardFault_Handler  stm32h7xx_it.o
    0x080019f2   0x080019f2   0x00000006   PAD
    0x080019f8   0x080019f8   0x00000002   Code   RO           38    .text.MemManage_Handler  stm32h7xx_it.o
    0x080019fa   0x080019fa   0x00000006   PAD
    0x08001a00   0x08001a00   0x00000002   Code   RO           34    .text.NMI_Handler   stm32h7xx_it.o
    0x08001a02   0x08001a02   0x00000006   PAD
    0x08001a08   0x08001a08   0x00000002   Code   RO           48    .text.PendSV_Handler  stm32h7xx_it.o
    0x08001a0a   0x08001a0a   0x00000006   PAD
    0x08001a10   0x08001a10   0x00000002   Code   RO           44    .text.SVC_Handler   stm32h7xx_it.o
    0x08001a12   0x08001a12   0x00000006   PAD
    0x08001a18   0x08001a18   0x00000004   Code   RO           50    .text.SysTick_Handler  stm32h7xx_it.o
    0x08001a1c   0x08001a1c   0x00000004   PAD
    0x08001a20   0x08001a20   0x000000da   Code   RO           13    .text.SystemClock_Config  main.o
    0x08001afa   0x08001afa   0x00000006   PAD
    0x08001b00   0x08001b00   0x000000b2   Code   RO          911    .text.SystemInit    system_stm32h7xx.o
    0x08001bb2   0x08001bb2   0x00000006   PAD
    0x08001bb8   0x08001bb8   0x00000002   Code   RO           42    .text.UsageFault_Handler  stm32h7xx_it.o
    0x08001bba   0x08001bba   0x00000006   PAD
    0x08001bc0   0x08001bc0   0x00000144   Code   RO           11    .text.main          main.o
    0x08001d04   0x08001d04   0x0000001a   Code   RO         3750    x$fpl$fpinit        fz_wv.l(fpinit.o)
    0x08001d1e   0x08001d1e   0x00000010   Data   RO          917    .rodata.D1CorePrescTable  system_stm32h7xx.o
    0x08001d2e   0x08001d2e   0x00000002   PAD
    0x08001d30   0x08001d30   0x00000018   Data   RO         3508    .rodata.EventRecorderInfo  eventrecorder.o
    0x08001d48   0x08001d48   0x00000013   Data   RO           24    .rodata.str1.1      main.o
    0x08001d5b   0x08001d5b   0x00000001   PAD
    0x08001d5c   0x08001d5c   0x00000020   Data   RO         3811    Region$$Table       anon$$obj.o


    Execution Region RW_IRAM1 (Exec base: 0x20000000, Load base: 0x08001d7c, Size: 0x00000000, Max: 0x00020000, ABSOLUTE)

    **** No section assigned to this execution region ****


    Execution Region RW_IRAM2 (Exec base: 0x24000000, Load base: 0x08001d80, Size: 0x00000b68, Max: 0x00100000, ABSOLUTE)

    Exec Addr    Load Addr    Size         Type   Attr      Idx    E Section Name        Object

    0x24000000   0x08001d80   0x00000004   Data   RW          915    .data.SystemCoreClock  system_stm32h7xx.o
    0x24000004   0x08001d84   0x00000004   Data   RW          916    .data.SystemD2Clock  system_stm32h7xx.o
    0x24000008   0x08001d88   0x00000001   Data   RW          705    .data.uwTickFreq    stm32h7xx_hal.o
    0x24000009   0x08001d89   0x00000003   PAD
    0x2400000c   0x08001d8c   0x00000004   Data   RW          704    .data.uwTickPrio    stm32h7xx_hal.o
    0x24000010   0x08001d90   0x00000030   PAD
    0x24000040        -       0x00000060   Zero   RW         3662    .bss                c_w.l(libspace.o)
    0x240000a0        -       0x00000001   Zero   RW         3509    .bss.TS_OverflowLock  eventrecorder.o
    0x240000a1   0x08001d90   0x0000001f   PAD
    0x240000c0        -       0x000004a4   Zero   RW         3507    .bss.noinit         eventrecorder.o
    0x24000564        -       0x00000004   Zero   RW          706    .bss.uwTick         stm32h7xx_hal.o
    0x24000568        -       0x00000200   Zero   RW            2    HEAP                startup_stm32h7a3xxq.o
    0x24000768        -       0x00000400   Zero   RW            1    STACK               startup_stm32h7a3xxq.o


==============================================================================

Image component sizes


      Code (inc. data)   RO Data    RW Data    ZI Data      Debug   Object Name

      2624          0         24          0       1189      16702   eventrecorder.o
       542          0         19          0          0       6423   main.o
        64         26        684          0       1536        828   startup_stm32h7a3xxq.o
       222          0          0          5          4      14434   stm32h7xx_hal.o
       168          0          0          0          0      12163   stm32h7xx_hal_cortex.o
        32          0          0          0          0       2272   stm32h7xx_hal_msp.o
       130          0          0          0          0      10712   stm32h7xx_hal_pwr_ex.o
      2270         16          0          0          0      11901   stm32h7xx_hal_rcc.o
        20          0          0          0          0       1136   stm32h7xx_it.o
       178          0         16          8          0       5731   system_stm32h7xx.o

    ----------------------------------------------------------------------
      6380         42        778         16       2808      82302   Object Totals
         0          0         32          0          0          0   (incl. Generated)
       130          0          3          3         79          0   (incl. Padding)

    ----------------------------------------------------------------------

      Code (inc. data)   RO Data    RW Data    ZI Data      Debug   Library Member Name

         8          0          0          0          0         68   __main.o
         0          0          0          0          0          0   __rtentry.o
        12          0          0          0          0          0   __rtentry2.o
         6          0          0          0          0          0   __rtentry4.o
        52          8          0          0          0          0   __scatter.o
        26          0          0          0          0          0   __scatter_copy.o
        28          0          0          0          0          0   __scatter_zi.o
        18          0          0          0          0         80   exit.o
         6          0          0          0          0        152   heapauxi.o
         0          0          0          0          0          0   indicate_semi.o
         2          0          0          0          0          0   libinit.o
         6          0          0          0          0          0   libinit2.o
         2          0          0          0          0          0   libshutdown.o
         2          0          0          0          0          0   libshutdown2.o
         8          4          0          0         96         68   libspace.o
        78          0          0          0          0         80   rt_memclr_w.o
         2          0          0          0          0          0   rtexit.o
        10          0          0          0          0          0   rtexit2.o
        12          4          0          0          0         68   sys_exit.o
        74          0          0          0          0         80   sys_stackheap_outer.o
         2          0          0          0          0         68   use_no_semi.o
        26          0          0          0          0        116   fpinit.o

    ----------------------------------------------------------------------
       390         16          0          0         96        780   Library Totals
        10          0          0          0          0          0   (incl. Padding)

    ----------------------------------------------------------------------

      Code (inc. data)   RO Data    RW Data    ZI Data      Debug   Library Name

       354         16          0          0         96        664   c_w.l
        26          0          0          0          0        116   fz_wv.l

    ----------------------------------------------------------------------
       390         16          0          0         96        780   Library Totals

    ----------------------------------------------------------------------

==============================================================================


      Code (inc. data)   RO Data    RW Data    ZI Data      Debug   

      6770         58        778         16       2904      82714   Grand Totals
      6770         58        778         16       2904      82714   ELF Image Totals
      6770         58        778         16          0          0   ROM Totals

==============================================================================

    Total RO  Size (Code + RO Data)                 7548 (   7.37kB)
    Total RW  Size (RW Data + ZI Data)              2920 (   2.85kB)
    Total ROM Size (Code + RO Data + RW Data)       7564 (   7.39kB)

==============================================================================

