<html>
<body>
<pre>
<h1>µVision Build Log</h1>
<h2>Tool Versions:</h2>
IDE-Version: µVision V5.37.0.0
Copyright (C) 2022 ARM Ltd and ARM Germany GmbH. All rights reserved.
License Information: Paolino Paperino, Banda Paperi Ltd., LIC=2TTQ1-CXIDN-WKHB8-3M9PD-A1NVQ-52P00
 
Tool Versions:
Toolchain:       MDK-ARM Professional  Version: 5.37.0.0
Toolchain Path:  C:\Keil_v5\ARM\ARMCLANG\Bin
C Compiler:      ArmClang.exe V6.18
Assembler:       Armasm.exe V6.18
Linker/Locator:  ArmLink.exe V6.18
Library Manager: ArmAr.exe V6.18
Hex Converter:   FromElf.exe V6.18
CPU DLL:         SARMCM3.DLL V5.37.0.0
Dialog DLL:      DCM.DLL V1.17.5.0
Target DLL:      ULPL2CM3.dll V1.5.23.0
Dialog DLL:      TCM.DLL V1.56.1.0
 
<h2>Project:</h2>
C:\Progetto\Nucleo144_cmsis2\MDK-ARM\Nucleo144_test2.uvprojx
Project File Date:  01/01/2023

<h2>Output:</h2>
*** Using Compiler 'V6.18', folder: 'C:\Keil_v5\ARM\ARMCLANG\Bin'
Build target 'Nucleo144_test2'
compiling main.c...
linking...
Program Size: Code=6770 RO-data=778 RW-data=16 ZI-data=2904  
FromELF: creating hex file...
"Nucleo144_test2\Nucleo144_test2.axf" - 0 Error(s), 0 Warning(s).

<h2>Software Packages used:</h2>

Package Vendor: ARM
                http://www.keil.com/pack/ARM.CMSIS.5.9.0.pack
                ARM.CMSIS.5.9.0
                CMSIS (Common Microcontroller Software Interface Standard)
   * Component: CORE Version: 5.6.0
   * Component: NN Lib Version: 3.1.0

Package Vendor: ARM
                https://www.keil.com/pack/ARM.CMSIS-DSP.1.14.1.pack
                ARM.CMSIS-DSP.1.14.1
                CMSIS Embedded Compute Library
   * Component: DSP Variant: Source Version: 1.14.1

Package Vendor: Keil
                https://www.keil.com/pack/Keil.ARM_Compiler.1.7.2.pack
                Keil.ARM_Compiler.1.7.2
                Keil ARM Compiler extensions for ARM Compiler 5 and ARM Compiler 6
   * Component: Event Recorder Variant: DAP Version: 1.5.1

Package Vendor: Keil
                http://www.keil.com/pack/Keil.STM32H7xx_DFP.3.0.0.pack
                Keil.STM32H7xx_DFP.3.0.0
                STMicroelectronics STM32H7 Series Device Support and Examples

<h2>Collection of Component include folders:</h2>
  ./RTE/Compiler
  ./RTE/_Nucleo144_test2
  C:/Users/chiar/AppData/Local/Arm/Packs/ARM/CMSIS-DSP/1.14.1/Include
  C:/Users/chiar/AppData/Local/Arm/Packs/ARM/CMSIS-DSP/1.14.1/PrivateInclude
  C:/Users/chiar/AppData/Local/Arm/Packs/ARM/CMSIS/5.9.0/CMSIS/Core/Include
  C:/Users/chiar/AppData/Local/Arm/Packs/ARM/CMSIS/5.9.0/CMSIS/NN/Include
  C:/Users/chiar/AppData/Local/Arm/Packs/Keil/ARM_Compiler/1.7.2/Include
  C:/Users/chiar/AppData/Local/Arm/Packs/Keil/STM32H7xx_DFP/3.0.0/Drivers/CMSIS/Device/ST/STM32H7xx/Include

<h2>Collection of Component Files used:</h2>

   * Component: ARM::CMSIS:CORE:5.6.0
      Include file:  CMSIS/Core/Include/tz_context.h

   * Component: ARM::CMSIS:DSP:Source:1.14.1
      Source file:   Source/ComplexMathFunctions/ComplexMathFunctionsF16.c
      Source file:   Source/InterpolationFunctions/InterpolationFunctions.c
      Source file:   Source/StatisticsFunctions/StatisticsFunctions.c
      Source file:   Source/BasicMathFunctions/BasicMathFunctionsF16.c
      Source file:   Source/StatisticsFunctions/StatisticsFunctionsF16.c
      Source file:   Source/MatrixFunctions/MatrixFunctions.c
      Source file:   Source/SupportFunctions/SupportFunctions.c
      Source file:   Source/TransformFunctions/TransformFunctions.c
      Source file:   Source/InterpolationFunctions/InterpolationFunctionsF16.c
      Source file:   Source/FastMathFunctions/FastMathFunctionsF16.c
      Source file:   Source/DistanceFunctions/DistanceFunctionsF16.c
      Source file:   Source/MatrixFunctions/MatrixFunctionsF16.c
      Source file:   Source/SVMFunctions/SVMFunctions.c
      Source file:   Source/SupportFunctions/SupportFunctionsF16.c
      Source file:   Source/CommonTables/CommonTablesF16.c
      Source file:   Source/BayesFunctions/BayesFunctionsF16.c
      Source file:   Source/FilteringFunctions/FilteringFunctionsF16.c
      Source file:   Source/TransformFunctions/TransformFunctionsF16.c
      Source file:   Source/SVMFunctions/SVMFunctionsF16.c
      Include file:  Include/arm_math.h
      Source file:   Source/FilteringFunctions/FilteringFunctions.c
      Source file:   Source/CommonTables/CommonTables.c
      Source file:   Source/ComplexMathFunctions/ComplexMathFunctions.c
      Source file:   Source/ControllerFunctions/ControllerFunctions.c
      Source file:   Source/BasicMathFunctions/BasicMathFunctions.c
      Include file:  Include/arm_common_tables.h
      Include file:  Include/arm_common_tables_f16.h
      Source file:   Source/DistanceFunctions/DistanceFunctions.c
      Include file:  Include/arm_math_f16.h
      Include file:  Include/arm_const_structs.h
      Include file:  Include/arm_const_structs_f16.h
      Source file:   Source/BayesFunctions/BayesFunctions.c
      Source file:   Source/QuaternionMathFunctions/QuaternionMathFunctions.c
      Source file:   Source/FastMathFunctions/FastMathFunctions.c

   * Component: ARM::CMSIS:NN Lib:3.1.0
      Source file:   CMSIS/NN/Source/ConvolutionFunctions/arm_nn_mat_mult_kernel_s8_s16.c
      Include file:  CMSIS/NN/Include/arm_nnsupportfunctions.h
      Source file:   CMSIS/NN/Source/ConvolutionFunctions/arm_convolve_HWC_q7_RGB.c
      Source file:   CMSIS/NN/Source/ConvolutionFunctions/arm_convolve_HWC_q7_fast_nonsquare.c
      Source file:   CMSIS/NN/Source/ConvolutionFunctions/arm_depthwise_conv_u8_basic_ver1.c
      Include file:  CMSIS/NN/Include/arm_nnfunctions.h
      Include file:  CMSIS/NN/Include/arm_nn_tables.h
      Source file:   CMSIS/NN/Source/ConvolutionFunctions/arm_convolve_HWC_q7_fast.c
      Include file:  CMSIS/NN/Include/arm_nn_types.h
      Source file:   CMSIS/NN/Source/ConvolutionFunctions/arm_convolve_1_x_n_s8.c
      Source file:   CMSIS/NN/Source/ConvolutionFunctions/arm_depthwise_separable_conv_HWC_q7.c
      Source file:   CMSIS/NN/Source/ConvolutionFunctions/arm_nn_mat_mult_kernel_q7_q15.c
      Source file:   CMSIS/NN/Source/ConvolutionFunctions/arm_depthwise_conv_wrapper_s8.c
      Source file:   CMSIS/NN/Source/ConvolutionFunctions/arm_convolve_1x1_s8_fast.c
      Source file:   CMSIS/NN/Source/ConvolutionFunctions/arm_depthwise_conv_s8.c
      Source file:   CMSIS/NN/Source/ConvolutionFunctions/arm_depthwise_conv_s16.c
      Source file:   CMSIS/NN/Source/ConvolutionFunctions/arm_convolve_HWC_q15_basic.c
      Source file:   CMSIS/NN/Source/ActivationFunctions/arm_relu6_s8.c
      Source file:   CMSIS/NN/Source/ConvolutionFunctions/arm_depthwise_conv_3x3_s8.c
      Source file:   CMSIS/NN/Source/ConvolutionFunctions/arm_convolve_wrapper_s16.c
      Source file:   CMSIS/NN/Source/ConvolutionFunctions/arm_convolve_1x1_HWC_q7_fast_nonsquare.c
      Source file:   CMSIS/NN/Source/PoolingFunctions/arm_max_pool_s8.c
      Source file:   CMSIS/NN/Source/ConvolutionFunctions/arm_convolve_HWC_q15_fast_nonsquare.c
      Source file:   CMSIS/NN/Source/ConvolutionFunctions/arm_convolve_s16.c
      Source file:   CMSIS/NN/Source/ConvolutionFunctions/arm_nn_depthwise_conv_s8_core.c
      Source file:   CMSIS/NN/Source/ConvolutionFunctions/arm_convolve_s8.c
      Source file:   CMSIS/NN/Source/ConvolutionFunctions/arm_convolve_HWC_q15_fast.c
      Source file:   CMSIS/NN/Source/ConcatenationFunctions/arm_concatenation_s8_y.c
      Source file:   CMSIS/NN/Source/ConvolutionFunctions/arm_convolve_HWC_q7_basic_nonsquare.c
      Source file:   CMSIS/NN/Source/PoolingFunctions/arm_max_pool_s16.c
      Source file:   CMSIS/NN/Source/ConvolutionFunctions/arm_convolve_HWC_q7_basic.c
      Source file:   CMSIS/NN/Source/ConvolutionFunctions/arm_convolve_fast_s16.c
      Source file:   CMSIS/NN/Source/PoolingFunctions/arm_pool_q7_HWC.c
      Source file:   CMSIS/NN/Source/ConcatenationFunctions/arm_concatenation_s8_z.c
      Source file:   CMSIS/NN/Source/ConvolutionFunctions/arm_depthwise_conv_s8_opt.c
      Source file:   CMSIS/NN/Source/ConvolutionFunctions/arm_convolve_wrapper_s8.c
      Source file:   CMSIS/NN/Source/ConcatenationFunctions/arm_concatenation_s8_x.c
      Source file:   CMSIS/NN/Source/SVDFunctions/arm_svdf_state_s16_s8.c
      Source file:   CMSIS/NN/Source/ConvolutionFunctions/arm_nn_mat_mult_kernel_q7_q15_reordered.c
      Source file:   CMSIS/NN/Source/PoolingFunctions/arm_avgpool_s8.c
      Source file:   CMSIS/NN/Source/PoolingFunctions/arm_avgpool_s16.c
      Source file:   CMSIS/NN/Source/BasicMathFunctions/arm_elementwise_mul_s8.c
      Source file:   CMSIS/NN/Source/ConvolutionFunctions/arm_depthwise_separable_conv_HWC_q7_nonsquare.c
      Source file:   CMSIS/NN/Source/ConcatenationFunctions/arm_concatenation_s8_w.c
      Source file:   CMSIS/NN/Source/BasicMathFunctions/arm_elementwise_add_s8.c
      Source file:   CMSIS/NN/Source/ConvolutionFunctions/arm_nn_mat_mult_s8.c
      Source file:   CMSIS/NN/Source/SVDFunctions/arm_svdf_s8.c
      Source file:   CMSIS/NN/Source/BasicMathFunctions/arm_elementwise_mul_s16.c
      Source file:   CMSIS/NN/Source/BasicMathFunctions/arm_elementwise_add_s16.c
      Source file:   CMSIS/NN/Source/ReshapeFunctions/arm_reshape_s8.c
      Source file:   CMSIS/NN/Source/NNSupportFunctions/arm_nn_vec_mat_mult_t_s16.c
      Source file:   CMSIS/NN/Source/ActivationFunctions/arm_relu_q7.c
      Source file:   CMSIS/NN/Source/NNSupportFunctions/arm_q7_to_q15_reordered_with_offset.c
      Source file:   CMSIS/NN/Source/NNSupportFunctions/arm_nn_vec_mat_mult_t_svdf_s8.c
      Source file:   CMSIS/NN/Source/FullyConnectedFunctions/arm_fully_connected_s8.c
      Source file:   CMSIS/NN/Source/FullyConnectedFunctions/arm_fully_connected_mat_q7_vec_q15_opt.c
      Source file:   CMSIS/NN/Source/NNSupportFunctions/arm_nn_mat_mult_nt_t_s8.c
      Source file:   CMSIS/NN/Source/NNSupportFunctions/arm_nn_mat_mul_kernel_s16.c
      Source file:   CMSIS/NN/Source/NNSupportFunctions/arm_nn_mult_q7.c
      Source file:   CMSIS/NN/Source/NNSupportFunctions/arm_nn_mat_mul_core_4x_s8.c
      Source file:   CMSIS/NN/Source/NNSupportFunctions/arm_nn_mult_q15.c
      Source file:   CMSIS/NN/Source/NNSupportFunctions/arm_nn_mat_mul_core_1x_s8.c
      Source file:   CMSIS/NN/Source/NNSupportFunctions/arm_nn_depthwise_conv_nt_t_padded_s8.c
      Source file:   CMSIS/NN/Source/FullyConnectedFunctions/arm_fully_connected_s16.c
      Source file:   CMSIS/NN/Source/FullyConnectedFunctions/arm_fully_connected_q15_opt.c
      Source file:   CMSIS/NN/Source/NNSupportFunctions/arm_nn_depthwise_conv_nt_t_s8.c
      Source file:   CMSIS/NN/Source/NNSupportFunctions/arm_nn_add_q7.c
      Source file:   CMSIS/NN/Source/FullyConnectedFunctions/arm_fully_connected_q15.c
      Source file:   CMSIS/NN/Source/NNSupportFunctions/arm_q7_to_q15_no_shift.c
      Source file:   CMSIS/NN/Source/FullyConnectedFunctions/arm_fully_connected_q7_opt.c
      Source file:   CMSIS/NN/Source/FullyConnectedFunctions/arm_fully_connected_q7.c
      Source file:   CMSIS/NN/Source/ActivationFunctions/arm_relu_q15.c
      Source file:   CMSIS/NN/Source/NNSupportFunctions/arm_nn_vec_mat_mult_t_s8.c
      Source file:   CMSIS/NN/Source/NNSupportFunctions/arm_nn_accumulate_q7_to_q15.c
      Source file:   CMSIS/NN/Source/FullyConnectedFunctions/arm_fully_connected_mat_q7_vec_q15.c
      Source file:   CMSIS/NN/Source/SoftmaxFunctions/arm_softmax_q15.c
      Source file:   CMSIS/NN/Source/ActivationFunctions/arm_nn_activations_q15.c
      Source file:   CMSIS/NN/Source/NNSupportFunctions/arm_q7_to_q15_reordered_no_shift.c
      Source file:   CMSIS/NN/Source/ActivationFunctions/arm_nn_activations_q7.c
      Source file:   CMSIS/NN/Source/NNSupportFunctions/arm_q7_to_q15_with_offset.c
      Source file:   CMSIS/NN/Source/NNSupportFunctions/arm_nntables.c
      Source file:   CMSIS/NN/Source/SoftmaxFunctions/arm_softmax_s8.c
      Source file:   CMSIS/NN/Source/SoftmaxFunctions/arm_softmax_s8_s16.c
      Source file:   CMSIS/NN/Source/SoftmaxFunctions/arm_softmax_u8.c
      Source file:   CMSIS/NN/Source/SoftmaxFunctions/arm_softmax_q7.c
      Source file:   CMSIS/NN/Source/SoftmaxFunctions/arm_softmax_s16.c
      Source file:   CMSIS/NN/Source/SoftmaxFunctions/arm_softmax_with_batch_q7.c

   * Component: Keil.ARM Compiler::Compiler:Event Recorder:DAP:1.5.1
      Include file:  Config/EventRecorderConf.h
      Source file:   Source/EventRecorder.c
      Include file:  Include/EventRecorder.h
Build Time Elapsed:  00:00:02
</pre>
</body>
</html>
