<html>
<body>
<pre>
<h1>µVision Build Log</h1>
<h2>Tool Versions:</h2>
IDE-Version: µVision V5.37.0.0
Copyright (C) 2022 ARM Ltd and ARM Germany GmbH. All rights reserved.
License Information: Paolino Paperino, Banda Paperi Ltd., LIC=2TTQ1-CXIDN-WKHB8-3M9PD-A1NVQ-52P00
 
Tool Versions:
Toolchain:       MDK-ARM Professional  Version: 5.37.0.0
Toolchain Path:  C:\Keil_v5\ARM\ARMCLANG\Bin
C Compiler:      ArmClang.exe V6.18
Assembler:       Armasm.exe V6.18
Linker/Locator:  ArmLink.exe V6.18
Library Manager: ArmAr.exe V6.18
Hex Converter:   FromElf.exe V6.18
CPU DLL:         
Dialog DLL:      
Target DLL:      DbgFMv8M.DLL V1.3.34.0
Dialog DLL:      TCM.DLL V1.56.1.0
 
<h2>Project:</h2>
C:\Progetto\GitHub\VHT - tflite\M55_TFLite.uvprojx
Project File Date:  01/24/2023

<h2>Output:</h2>
*** Using Compiler 'V6.18', folder: 'C:\Keil_v5\ARM\ARMCLANG\Bin'
Build target 'Target 1'
Note: source file 'C:/Users/chiar/AppData/Local/Arm/Packs/tensorflow/tensorflow-lite-micro/1.22.8/tensorflow/lite/micro/kernels/kernel_util.cpp' - object file renamed from '.\Objects\kernel_util.o' to '.\Objects\kernel_util_1.o'.
compiling FFNN_model.cpp...
compiling BayesFunctions.c...
compiling arm_nn_softmax_common_s8.c...
compiling BayesFunctionsF16.c...
compiling BasicMathFunctionsF16.c...
compiling ComplexMathFunctionsF16.c...
compiling ControllerFunctions.c...
compiling CommonTablesF16.c...
compiling ComplexMathFunctions.c...
compiling BasicMathFunctions.c...
compiling DistanceFunctionsF16.c...
compiling FastMathFunctionsF16.c...
compiling DistanceFunctions.c...
compiling InterpolationFunctionsF16.c...
compiling InterpolationFunctions.c...
compiling FastMathFunctions.c...
compiling QuaternionMathFunctions.c...
compiling FilteringFunctionsF16.c...
compiling CommonTables.c...
compiling SVMFunctions.c...
compiling SVMFunctionsF16.c...
compiling StatisticsFunctionsF16.c...
compiling SupportFunctionsF16.c...
compiling MatrixFunctionsF16.c...
compiling arm_nn_activations_q15.c...
compiling arm_nn_activations_q7.c...
compiling arm_relu6_s8.c...
compiling SupportFunctions.c...
compiling arm_relu_q15.c...
compiling StatisticsFunctions.c...
compiling arm_relu_q7.c...
compiling arm_elementwise_add_s16.c...
compiling arm_elementwise_add_s8.c...
compiling arm_elementwise_mul_s16.c...
compiling arm_elementwise_mul_s8.c...
compiling TransformFunctionsF16.c...
compiling arm_concatenation_s8_w.c...
compiling arm_concatenation_s8_x.c...
compiling arm_concatenation_s8_y.c...
compiling arm_concatenation_s8_z.c...
compiling arm_convolve_1_x_n_s8.c...
compiling arm_convolve_1x1_HWC_q7_fast_nonsquare.c...
compiling arm_convolve_HWC_q15_basic.c...
compiling arm_convolve_1x1_s8_fast.c...
compiling arm_convolve_HWC_q15_fast.c...
compiling arm_convolve_HWC_q15_fast_nonsquare.c...
compiling arm_convolve_HWC_q7_RGB.c...
compiling arm_convolve_HWC_q7_basic.c...
compiling arm_convolve_HWC_q7_basic_nonsquare.c...
compiling arm_convolve_fast_s16.c...
compiling arm_convolve_HWC_q7_fast_nonsquare.c...
compiling arm_convolve_HWC_q7_fast.c...
compiling arm_convolve_s16.c...
compiling main.cpp...
compiling arm_convolve_wrapper_s16.c...
compiling arm_convolve_s8.c...
compiling MatrixFunctions.c...
compiling arm_convolve_wrapper_s8.c...
compiling arm_depthwise_conv_s16.c...
compiling arm_depthwise_conv_s8.c...
compiling arm_depthwise_conv_3x3_s8.c...
compiling arm_depthwise_conv_s8_opt.c...
compiling arm_depthwise_conv_wrapper_s8.c...
compiling arm_depthwise_separable_conv_HWC_q7_nonsquare.c...
compiling arm_depthwise_separable_conv_HWC_q7.c...
compiling arm_depthwise_conv_u8_basic_ver1.c...
compiling arm_nn_depthwise_conv_s8_core.c...
compiling TransformFunctions.c...
compiling arm_nn_mat_mult_kernel_s8_s16.c...
compiling arm_nn_mat_mult_kernel_q7_q15.c...
compiling arm_nn_mat_mult_kernel_q7_q15_reordered.c...
compiling arm_nn_mat_mult_s8.c...
compiling arm_fully_connected_mat_q7_vec_q15.c...
compiling arm_fully_connected_q15.c...
compiling arm_fully_connected_mat_q7_vec_q15_opt.c...
compiling arm_fully_connected_q7.c...
compiling arm_fully_connected_q15_opt.c...
compiling arm_fully_connected_s16.c...
compiling arm_fully_connected_q7_opt.c...
compiling arm_fully_connected_s8.c...
compiling arm_nn_accumulate_q7_to_q15.c...
compiling arm_nn_add_q7.c...
compiling arm_nn_mat_mul_core_1x_s8.c...
compiling arm_nn_depthwise_conv_nt_t_padded_s8.c...
compiling arm_nn_depthwise_conv_nt_t_s8.c...
compiling arm_nn_mat_mul_kernel_s16.c...
compiling arm_nn_mat_mul_core_4x_s8.c...
compiling arm_nn_mult_q15.c...
compiling arm_nn_mult_q7.c...
compiling arm_nn_mat_mult_nt_t_s8.c...
compiling arm_nn_vec_mat_mult_t_s16.c...
compiling arm_nn_vec_mat_mult_t_s8.c...
compiling arm_nntables.c...
compiling arm_q7_to_q15_no_shift.c...
compiling arm_nn_vec_mat_mult_t_svdf_s8.c...
compiling arm_q7_to_q15_reordered_no_shift.c...
compiling arm_q7_to_q15_reordered_with_offset.c...
compiling arm_q7_to_q15_with_offset.c...
compiling arm_avgpool_s16.c...
compiling arm_max_pool_s16.c...
compiling arm_avgpool_s8.c...
compiling arm_max_pool_s8.c...
compiling arm_pool_q7_HWC.c...
compiling arm_reshape_s8.c...
compiling arm_softmax_q15.c...
compiling arm_svdf_state_s16_s8.c...
compiling arm_svdf_s8.c...
compiling arm_softmax_q7.c...
compiling arm_softmax_s16.c...
compiling device_definition.c...
compiling arm_softmax_s8_s16.c...
compiling kiss_fftr.c...
compiling arm_softmax_with_batch_q7.c...
compiling system_SSE300MPS3.c...
compiling startup_fvp_sse300_mps3.c...
compiling kiss_fft.c...
compiling arm_softmax_u8.c...
compiling common.cpp...
compiling error_reporter.cpp...
compiling arm_softmax_s8.c...
compiling tensor_utils.cpp...
compiling FilteringFunctions.c...
compiling recording_single_arena_buffer_allocator.cpp...
compiling quantization_util.cpp...
compiling kernel_util.cpp...
compiling portable_tensor_utils.cpp...
compiling op_resolver.cpp...
compiling non_persistent_arena_buffer_allocator.cpp...
compiling persistent_arena_buffer_allocator.cpp...
compiling single_arena_buffer_allocator.cpp...
compiling all_ops_resolver.cpp...
compiling fake_micro_context.cpp...
compiling flatbuffer_utils.cpp...
compiling activations.cpp...
compiling flatbuffer_conversions.cpp...
compiling activations_common.cpp...
compiling add_common.cpp...
compiling assign_variable.cpp...
compiling add_n.cpp...
compiling arg_min_max.cpp...
compiling batch_to_space_nd.cpp...
compiling broadcast_args.cpp...
compiling broadcast_to.cpp...
compiling call_once.cpp...
compiling cast.cpp...
compiling ceil.cpp...
compiling circular_buffer.cpp...
compiling circular_buffer_common.cpp...
compiling conv.cpp...
compiling fully_connected.cpp...
compiling depthwise_conv.cpp...
compiling add.cpp...
compiling pooling.cpp...
compiling softmax.cpp...
compiling mul.cpp...
compiling svdf.cpp...
compiling concatenation.cpp...
compiling conv_common.cpp...
compiling ethosu.cpp...
compiling comparisons.cpp...
compiling depth_to_space.cpp...
compiling depthwise_conv_common.cpp...
compiling cumsum.cpp...
compiling dequantize_common.cpp...
compiling dequantize.cpp...
compiling div.cpp...
compiling detection_postprocess.cpp...
compiling elementwise.cpp...
compiling elu.cpp...
compiling exp.cpp...
compiling expand_dims.cpp...
compiling floor.cpp...
compiling fill.cpp...
compiling fully_connected_common.cpp...
compiling floor_div.cpp...
compiling floor_mod.cpp...
compiling gather.cpp...
compiling gather_nd.cpp...
compiling hard_swish.cpp...
compiling hard_swish_common.cpp...
compiling if.cpp...
compiling kernel_runner.cpp...
compiling kernel_util.cpp...
compiling l2_pool_2d.cpp...
compiling l2norm.cpp...
compiling leaky_relu.cpp...
compiling leaky_relu_common.cpp...
compiling logical.cpp...
compiling log_softmax.cpp...
compiling logical_common.cpp...
compiling logistic.cpp...
compiling micro_tensor_utils.cpp...
compiling logistic_common.cpp...
compiling mirror_pad.cpp...
compiling neg.cpp...
compiling maximum_minimum.cpp...
compiling mul_common.cpp...
compiling pack.cpp...
compiling lstm_eval.cpp...
compiling pad.cpp...
compiling prelu.cpp...
compiling pooling_common.cpp...
compiling quantize.cpp...
compiling prelu_common.cpp...
compiling read_variable.cpp...
compiling reduce.cpp...
compiling quantize_common.cpp...
compiling reshape.cpp...
compiling resize_bilinear.cpp...
compiling resize_nearest_neighbor.cpp...
compiling round.cpp...
compiling shape.cpp...
compiling reduce_common.cpp...
compiling select.cpp...
compiling slice.cpp...
compiling softmax_common.cpp...
compiling space_to_batch_nd.cpp...
compiling space_to_depth.cpp...
compiling split.cpp...
compiling split_v.cpp...
compiling squeeze.cpp...
compiling sub_common.cpp...
compiling squared_difference.cpp...
compiling sub.cpp...
compiling strided_slice.cpp...
compiling svdf_common.cpp...
compiling linear_memory_planner.cpp...
compiling greedy_memory_planner.cpp...
compiling non_persistent_buffer_planner_shim.cpp...
compiling tanh.cpp...
compiling transpose.cpp...
compiling micro_error_reporter.cpp...
compiling transpose_conv.cpp...
compiling unpack.cpp...
compiling unidirectional_sequence_lstm.cpp...
compiling var_handle.cpp...
compiling while.cpp...
compiling micro_profiler.cpp...
compiling zeros_like.cpp...
compiling micro_string.cpp...
compiling memory_helpers.cpp...
compiling micro_allocation_info.cpp...
compiling micro_context.cpp...
compiling debug_log.cpp...
compiling micro_allocator.cpp...
compiling system_setup.cpp...
compiling micro_time.cpp...
compiling micro_graph.cpp...
compiling syscounter_armv8-m_read_drv.c...
compiling syscounter_armv8-m_cntrl_drv.c...
compiling systimer_armv8-m_drv.c...
compiling micro_interpreter.cpp...
compiling systimer_armv8-m_timeout.c...
compiling micro_resource_variable.cpp...
compiling micro_utils.cpp...
compiling mock_micro_graph.cpp...
compiling recording_micro_allocator.cpp...
compiling test_helper_custom_ops.cpp...
compiling schema_utils.cpp...
compiling test_helpers.cpp...
linking...
.\Objects\M55_TFLite.axf: Warning: L6439W: Multiply defined Global Symbol flatbuffers::flatbuffer_version_string defined in .data._ZN11flatbuffers25flatbuffer_version_stringE(flatbuffer_conversions.o) rejected in favor of Symbol defined in .data._ZN11flatbuffers25flatbuffer_version_stringE(main.o).
.\Objects\M55_TFLite.axf: Warning: L6439W: Multiply defined Global Symbol flatbuffers::flatbuffer_version_string defined in .data._ZN11flatbuffers25flatbuffer_version_stringE(op_resolver.o) rejected in favor of Symbol defined in .data._ZN11flatbuffers25flatbuffer_version_stringE(main.o).
.\Objects\M55_TFLite.axf: Warning: L6439W: Multiply defined Global Symbol flatbuffers::flatbuffer_version_string defined in .data._ZN11flatbuffers25flatbuffer_version_stringE(all_ops_resolver.o) rejected in favor of Symbol defined in .data._ZN11flatbuffers25flatbuffer_version_stringE(main.o).
.\Objects\M55_TFLite.axf: Warning: L6439W: Multiply defined Global Symbol flatbuffers::flatbuffer_version_string defined in .data._ZN11flatbuffers25flatbuffer_version_stringE(non_persistent_arena_buffer_allocator.o) rejected in favor of Symbol defined in .data._ZN11flatbuffers25flatbuffer_version_stringE(main.o).
.\Objects\M55_TFLite.axf: Warning: L6439W: Multiply defined Global Symbol flatbuffers::flatbuffer_version_string defined in .data._ZN11flatbuffers25flatbuffer_version_stringE(persistent_arena_buffer_allocator.o) rejected in favor of Symbol defined in .data._ZN11flatbuffers25flatbuffer_version_stringE(main.o).
.\Objects\M55_TFLite.axf: Warning: L6439W: Multiply defined Global Symbol flatbuffers::flatbuffer_version_string defined in .data._ZN11flatbuffers25flatbuffer_version_stringE(single_arena_buffer_allocator.o) rejected in favor of Symbol defined in .data._ZN11flatbuffers25flatbuffer_version_stringE(main.o).
.\Objects\M55_TFLite.axf: Warning: L6439W: Multiply defined Global Symbol flatbuffers::flatbuffer_version_string defined in .data._ZN11flatbuffers25flatbuffer_version_stringE(fake_micro_context.o) rejected in favor of Symbol defined in .data._ZN11flatbuffers25flatbuffer_version_stringE(main.o).
.\Objects\M55_TFLite.axf: Warning: L6439W: Multiply defined Global Symbol flatbuffers::flatbuffer_version_string defined in .data._ZN11flatbuffers25flatbuffer_version_stringE(flatbuffer_utils.o) rejected in favor of Symbol defined in .data._ZN11flatbuffers25flatbuffer_version_stringE(main.o).
.\Objects\M55_TFLite.axf: Warning: L6439W: Multiply defined Global Symbol flatbuffers::flatbuffer_version_string defined in .data._ZN11flatbuffers25flatbuffer_version_stringE(activations.o) rejected in favor of Symbol defined in .data._ZN11flatbuffers25flatbuffer_version_stringE(main.o).
.\Objects\M55_TFLite.axf: Warning: L6439W: Multiply defined Global Symbol flatbuffers::flatbuffer_version_string defined in .data._ZN11flatbuffers25flatbuffer_version_stringE(activations_common.o) rejected in favor of Symbol defined in .data._ZN11flatbuffers25flatbuffer_version_stringE(main.o).
.\Objects\M55_TFLite.axf: Warning: L6439W: Multiply defined Global Symbol flatbuffers::flatbuffer_version_string defined in .data._ZN11flatbuffers25flatbuffer_version_stringE(add_common.o) rejected in favor of Symbol defined in .data._ZN11flatbuffers25flatbuffer_version_stringE(main.o).
.\Objects\M55_TFLite.axf: Warning: L6439W: Multiply defined Global Symbol flatbuffers::flatbuffer_version_string defined in .data._ZN11flatbuffers25flatbuffer_version_stringE(add_n.o) rejected in favor of Symbol defined in .data._ZN11flatbuffers25flatbuffer_version_stringE(main.o).
.\Objects\M55_TFLite.axf: Warning: L6439W: Multiply defined Global Symbol flatbuffers::flatbuffer_version_string defined in .data._ZN11flatbuffers25flatbuffer_version_stringE(arg_min_max.o) rejected in favor of Symbol defined in .data._ZN11flatbuffers25flatbuffer_version_stringE(main.o).
.\Objects\M55_TFLite.axf: Warning: L6439W: Multiply defined Global Symbol flatbuffers::flatbuffer_version_string defined in .data._ZN11flatbuffers25flatbuffer_version_stringE(assign_variable.o) rejected in favor of Symbol defined in .data._ZN11flatbuffers25flatbuffer_version_stringE(main.o).
.\Objects\M55_TFLite.axf: Warning: L6439W: Multiply defined Global Symbol flatbuffers::flatbuffer_version_string defined in .data._ZN11flatbuffers25flatbuffer_version_stringE(batch_to_space_nd.o) rejected in favor of Symbol defined in .data._ZN11flatbuffers25flatbuffer_version_stringE(main.o).
.\Objects\M55_TFLite.axf: Warning: L6439W: Multiply defined Global Symbol flatbuffers::flatbuffer_version_string defined in .data._ZN11flatbuffers25flatbuffer_version_stringE(broadcast_args.o) rejected in favor of Symbol defined in .data._ZN11flatbuffers25flatbuffer_version_stringE(main.o).
.\Objects\M55_TFLite.axf: Warning: L6439W: Multiply defined Global Symbol flatbuffers::flatbuffer_version_string defined in .data._ZN11flatbuffers25flatbuffer_version_stringE(broadcast_to.o) rejected in favor of Symbol defined in .data._ZN11flatbuffers25flatbuffer_version_stringE(main.o).
.\Objects\M55_TFLite.axf: Warning: L6439W: Multiply defined Global Symbol flatbuffers::flatbuffer_version_string defined in .data._ZN11flatbuffers25flatbuffer_version_stringE(call_once.o) rejected in favor of Symbol defined in .data._ZN11flatbuffers25flatbuffer_version_stringE(main.o).
.\Objects\M55_TFLite.axf: Warning: L6439W: Multiply defined Global Symbol flatbuffers::flatbuffer_version_string defined in .data._ZN11flatbuffers25flatbuffer_version_stringE(cast.o) rejected in favor of Symbol defined in .data._ZN11flatbuffers25flatbuffer_version_stringE(main.o).
.\Objects\M55_TFLite.axf: Warning: L6439W: Multiply defined Global Symbol flatbuffers::flatbuffer_version_string defined in .data._ZN11flatbuffers25flatbuffer_version_stringE(ceil.o) rejected in favor of Symbol defined in .data._ZN11flatbuffers25flatbuffer_version_stringE(main.o).
.\Objects\M55_TFLite.axf: Warning: L6439W: Multiply defined Global Symbol flatbuffers::flatbuffer_version_string defined in .data._ZN11flatbuffers25flatbuffer_version_stringE(circular_buffer.o) rejected in favor of Symbol defined in .data._ZN11flatbuffers25flatbuffer_version_stringE(main.o).
.\Objects\M55_TFLite.axf: Warning: L6439W: Multiply defined Global Symbol flatbuffers::flatbuffer_version_string defined in .data._ZN11flatbuffers25flatbuffer_version_stringE(circular_buffer_common.o) rejected in favor of Symbol defined in .data._ZN11flatbuffers25flatbuffer_version_stringE(main.o).
.\Objects\M55_TFLite.axf: Warning: L6439W: Multiply defined Global Symbol flatbuffers::flatbuffer_version_string defined in .data._ZN11flatbuffers25flatbuffer_version_stringE(add.o) rejected in favor of Symbol defined in .data._ZN11flatbuffers25flatbuffer_version_stringE(main.o).
.\Objects\M55_TFLite.axf: Warning: L6439W: Multiply defined Global Symbol flatbuffers::flatbuffer_version_string defined in .data._ZN11flatbuffers25flatbuffer_version_stringE(conv.o) rejected in favor of Symbol defined in .data._ZN11flatbuffers25flatbuffer_version_stringE(main.o).
.\Objects\M55_TFLite.axf: Warning: L6439W: Multiply defined Global Symbol flatbuffers::flatbuffer_version_string defined in .data._ZN11flatbuffers25flatbuffer_version_stringE(depthwise_conv.o) rejected in favor of Symbol defined in .data._ZN11flatbuffers25flatbuffer_version_stringE(main.o).
.\Objects\M55_TFLite.axf: Warning: L6439W: Multiply defined Global Symbol flatbuffers::flatbuffer_version_string defined in .data._ZN11flatbuffers25flatbuffer_version_stringE(fully_connected.o) rejected in favor of Symbol defined in .data._ZN11flatbuffers25flatbuffer_version_stringE(main.o).
.\Objects\M55_TFLite.axf: Warning: L6439W: Multiply defined Global Symbol flatbuffers::flatbuffer_version_string defined in .data._ZN11flatbuffers25flatbuffer_version_stringE(mul.o) rejected in favor of Symbol defined in .data._ZN11flatbuffers25flatbuffer_version_stringE(main.o).
.\Objects\M55_TFLite.axf: Warning: L6439W: Multiply defined Global Symbol flatbuffers::flatbuffer_version_string defined in .data._ZN11flatbuffers25flatbuffer_version_stringE(pooling.o) rejected in favor of Symbol defined in .data._ZN11flatbuffers25flatbuffer_version_stringE(main.o).
.\Objects\M55_TFLite.axf: Warning: L6439W: Multiply defined Global Symbol flatbuffers::flatbuffer_version_string defined in .data._ZN11flatbuffers25flatbuffer_version_stringE(softmax.o) rejected in favor of Symbol defined in .data._ZN11flatbuffers25flatbuffer_version_stringE(main.o).
.\Objects\M55_TFLite.axf: Warning: L6439W: Multiply defined Global Symbol flatbuffers::flatbuffer_version_string defined in .data._ZN11flatbuffers25flatbuffer_version_stringE(svdf.o) rejected in favor of Symbol defined in .data._ZN11flatbuffers25flatbuffer_version_stringE(main.o).
.\Objects\M55_TFLite.axf: Warning: L6439W: Multiply defined Global Symbol flatbuffers::flatbuffer_version_string defined in .data._ZN11flatbuffers25flatbuffer_version_stringE(comparisons.o) rejected in favor of Symbol defined in .data._ZN11flatbuffers25flatbuffer_version_stringE(main.o).
.\Objects\M55_TFLite.axf: Warning: L6439W: Multiply defined Global Symbol flatbuffers::flatbuffer_version_string defined in .data._ZN11flatbuffers25flatbuffer_version_stringE(concatenation.o) rejected in favor of Symbol defined in .data._ZN11flatbuffers25flatbuffer_version_stringE(main.o).
.\Objects\M55_TFLite.axf: Warning: L6439W: Multiply defined Global Symbol flatbuffers::flatbuffer_version_string defined in .data._ZN11flatbuffers25flatbuffer_version_stringE(conv_common.o) rejected in favor of Symbol defined in .data._ZN11flatbuffers25flatbuffer_version_stringE(main.o).
.\Objects\M55_TFLite.axf: Warning: L6439W: Multiply defined Global Symbol flatbuffers::flatbuffer_version_string defined in .data._ZN11flatbuffers25flatbuffer_version_stringE(cumsum.o) rejected in favor of Symbol defined in .data._ZN11flatbuffers25flatbuffer_version_stringE(main.o).
.\Objects\M55_TFLite.axf: Warning: L6439W: Multiply defined Global Symbol flatbuffers::flatbuffer_version_string defined in .data._ZN11flatbuffers25flatbuffer_version_stringE(depth_to_space.o) rejected in favor of Symbol defined in .data._ZN11flatbuffers25flatbuffer_version_stringE(main.o).
.\Objects\M55_TFLite.axf: Warning: L6439W: Multiply defined Global Symbol flatbuffers::flatbuffer_version_string defined in .data._ZN11flatbuffers25flatbuffer_version_stringE(depthwise_conv_common.o) rejected in favor of Symbol defined in .data._ZN11flatbuffers25flatbuffer_version_stringE(main.o).
.\Objects\M55_TFLite.axf: Warning: L6439W: Multiply defined Global Symbol flatbuffers::flatbuffer_version_string defined in .data._ZN11flatbuffers25flatbuffer_version_stringE(dequantize.o) rejected in favor of Symbol defined in .data._ZN11flatbuffers25flatbuffer_version_stringE(main.o).
.\Objects\M55_TFLite.axf: Warning: L6439W: Multiply defined Global Symbol flatbuffers::flatbuffer_version_string defined in .data._ZN11flatbuffers25flatbuffer_version_stringE(dequantize_common.o) rejected in favor of Symbol defined in .data._ZN11flatbuffers25flatbuffer_version_stringE(main.o).
.\Objects\M55_TFLite.axf: Warning: L6439W: Multiply defined Global Symbol flatbuffers::flatbuffer_version_string defined in .data._ZN11flatbuffers25flatbuffer_version_stringE(detection_postprocess.o) rejected in favor of Symbol defined in .data._ZN11flatbuffers25flatbuffer_version_stringE(main.o).
.\Objects\M55_TFLite.axf: Warning: L6439W: Multiply defined Global Symbol flatbuffers::flatbuffer_version_string defined in .data._ZN11flatbuffers25flatbuffer_version_stringE(div.o) rejected in favor of Symbol defined in .data._ZN11flatbuffers25flatbuffer_version_stringE(main.o).
.\Objects\M55_TFLite.axf: Warning: L6439W: Multiply defined Global Symbol flatbuffers::flatbuffer_version_string defined in .data._ZN11flatbuffers25flatbuffer_version_stringE(elementwise.o) rejected in favor of Symbol defined in .data._ZN11flatbuffers25flatbuffer_version_stringE(main.o).
.\Objects\M55_TFLite.axf: Warning: L6439W: Multiply defined Global Symbol flatbuffers::flatbuffer_version_string defined in .data._ZN11flatbuffers25flatbuffer_version_stringE(elu.o) rejected in favor of Symbol defined in .data._ZN11flatbuffers25flatbuffer_version_stringE(main.o).
.\Objects\M55_TFLite.axf: Warning: L6439W: Multiply defined Global Symbol flatbuffers::flatbuffer_version_string defined in .data._ZN11flatbuffers25flatbuffer_version_stringE(exp.o) rejected in favor of Symbol defined in .data._ZN11flatbuffers25flatbuffer_version_stringE(main.o).
.\Objects\M55_TFLite.axf: Warning: L6439W: Multiply defined Global Symbol flatbuffers::flatbuffer_version_string defined in .data._ZN11flatbuffers25flatbuffer_version_stringE(expand_dims.o) rejected in favor of Symbol defined in .data._ZN11flatbuffers25flatbuffer_version_stringE(main.o).
.\Objects\M55_TFLite.axf: Warning: L6439W: Multiply defined Global Symbol flatbuffers::flatbuffer_version_string defined in .data._ZN11flatbuffers25flatbuffer_version_stringE(fill.o) rejected in favor of Symbol defined in .data._ZN11flatbuffers25flatbuffer_version_stringE(main.o).
.\Objects\M55_TFLite.axf: Warning: L6439W: Multiply defined Global Symbol flatbuffers::flatbuffer_version_string defined in .data._ZN11flatbuffers25flatbuffer_version_stringE(floor.o) rejected in favor of Symbol defined in .data._ZN11flatbuffers25flatbuffer_version_stringE(main.o).
.\Objects\M55_TFLite.axf: Warning: L6439W: Multiply defined Global Symbol flatbuffers::flatbuffer_version_string defined in .data._ZN11flatbuffers25flatbuffer_version_stringE(floor_div.o) rejected in favor of Symbol defined in .data._ZN11flatbuffers25flatbuffer_version_stringE(main.o).
.\Objects\M55_TFLite.axf: Warning: L6439W: Multiply defined Global Symbol flatbuffers::flatbuffer_version_string defined in .data._ZN11flatbuffers25flatbuffer_version_stringE(floor_mod.o) rejected in favor of Symbol defined in .data._ZN11flatbuffers25flatbuffer_version_stringE(main.o).
.\Objects\M55_TFLite.axf: Warning: L6439W: Multiply defined Global Symbol flatbuffers::flatbuffer_version_string defined in .data._ZN11flatbuffers25flatbuffer_version_stringE(fully_connected_common.o) rejected in favor of Symbol defined in .data._ZN11flatbuffers25flatbuffer_version_stringE(main.o).
.\Objects\M55_TFLite.axf: Warning: L6439W: Multiply defined Global Symbol flatbuffers::flatbuffer_version_string defined in .data._ZN11flatbuffers25flatbuffer_version_stringE(gather.o) rejected in favor of Symbol defined in .data._ZN11flatbuffers25flatbuffer_version_stringE(main.o).
.\Objects\M55_TFLite.axf: Warning: L6439W: Multiply defined Global Symbol flatbuffers::flatbuffer_version_string defined in .data._ZN11flatbuffers25flatbuffer_version_stringE(gather_nd.o) rejected in favor of Symbol defined in .data._ZN11flatbuffers25flatbuffer_version_stringE(main.o).
.\Objects\M55_TFLite.axf: Warning: L6439W: Multiply defined Global Symbol flatbuffers::flatbuffer_version_string defined in .data._ZN11flatbuffers25flatbuffer_version_stringE(hard_swish.o) rejected in favor of Symbol defined in .data._ZN11flatbuffers25flatbuffer_version_stringE(main.o).
.\Objects\M55_TFLite.axf: Warning: L6439W: Multiply defined Global Symbol flatbuffers::flatbuffer_version_string defined in .data._ZN11flatbuffers25flatbuffer_version_stringE(hard_swish_common.o) rejected in favor of Symbol defined in .data._ZN11flatbuffers25flatbuffer_version_stringE(main.o).
.\Objects\M55_TFLite.axf: Warning: L6439W: Multiply defined Global Symbol flatbuffers::flatbuffer_version_string defined in .data._ZN11flatbuffers25flatbuffer_version_stringE(if.o) rejected in favor of Symbol defined in .data._ZN11flatbuffers25flatbuffer_version_stringE(main.o).
.\Objects\M55_TFLite.axf: Warning: L6439W: Multiply defined Global Symbol flatbuffers::flatbuffer_version_string defined in .data._ZN11flatbuffers25flatbuffer_version_stringE(kernel_runner.o) rejected in favor of Symbol defined in .data._ZN11flatbuffers25flatbuffer_version_stringE(main.o).
.\Objects\M55_TFLite.axf: Warning: L6439W: Multiply defined Global Symbol flatbuffers::flatbuffer_version_string defined in .data._ZN11flatbuffers25flatbuffer_version_stringE(kernel_util_1.o) rejected in favor of Symbol defined in .data._ZN11flatbuffers25flatbuffer_version_stringE(main.o).
.\Objects\M55_TFLite.axf: Warning: L6439W: Multiply defined Global Symbol flatbuffers::flatbuffer_version_string defined in .data._ZN11flatbuffers25flatbuffer_version_stringE(l2_pool_2d.o) rejected in favor of Symbol defined in .data._ZN11flatbuffers25flatbuffer_version_stringE(main.o).
.\Objects\M55_TFLite.axf: Warning: L6439W: Multiply defined Global Symbol flatbuffers::flatbuffer_version_string defined in .data._ZN11flatbuffers25flatbuffer_version_stringE(l2norm.o) rejected in favor of Symbol defined in .data._ZN11flatbuffers25flatbuffer_version_stringE(main.o).
.\Objects\M55_TFLite.axf: Warning: L6439W: Multiply defined Global Symbol flatbuffers::flatbuffer_version_string defined in .data._ZN11flatbuffers25flatbuffer_version_stringE(leaky_relu.o) rejected in favor of Symbol defined in .data._ZN11flatbuffers25flatbuffer_version_stringE(main.o).
.\Objects\M55_TFLite.axf: Warning: L6439W: Multiply defined Global Symbol flatbuffers::flatbuffer_version_string defined in .data._ZN11flatbuffers25flatbuffer_version_stringE(leaky_relu_common.o) rejected in favor of Symbol defined in .data._ZN11flatbuffers25flatbuffer_version_stringE(main.o).
.\Objects\M55_TFLite.axf: Warning: L6439W: Multiply defined Global Symbol flatbuffers::flatbuffer_version_string defined in .data._ZN11flatbuffers25flatbuffer_version_stringE(log_softmax.o) rejected in favor of Symbol defined in .data._ZN11flatbuffers25flatbuffer_version_stringE(main.o).
.\Objects\M55_TFLite.axf: Warning: L6439W: Multiply defined Global Symbol flatbuffers::flatbuffer_version_string defined in .data._ZN11flatbuffers25flatbuffer_version_stringE(logical.o) rejected in favor of Symbol defined in .data._ZN11flatbuffers25flatbuffer_version_stringE(main.o).
.\Objects\M55_TFLite.axf: Warning: L6439W: Multiply defined Global Symbol flatbuffers::flatbuffer_version_string defined in .data._ZN11flatbuffers25flatbuffer_version_stringE(logical_common.o) rejected in favor of Symbol defined in .data._ZN11flatbuffers25flatbuffer_version_stringE(main.o).
.\Objects\M55_TFLite.axf: Warning: L6439W: Multiply defined Global Symbol flatbuffers::flatbuffer_version_string defined in .data._ZN11flatbuffers25flatbuffer_version_stringE(logistic.o) rejected in favor of Symbol defined in .data._ZN11flatbuffers25flatbuffer_version_stringE(main.o).
.\Objects\M55_TFLite.axf: Warning: L6439W: Multiply defined Global Symbol flatbuffers::flatbuffer_version_string defined in .data._ZN11flatbuffers25flatbuffer_version_stringE(logistic_common.o) rejected in favor of Symbol defined in .data._ZN11flatbuffers25flatbuffer_version_stringE(main.o).
.\Objects\M55_TFLite.axf: Warning: L6439W: Multiply defined Global Symbol flatbuffers::flatbuffer_version_string defined in .data._ZN11flatbuffers25flatbuffer_version_stringE(lstm_eval.o) rejected in favor of Symbol defined in .data._ZN11flatbuffers25flatbuffer_version_stringE(main.o).
.\Objects\M55_TFLite.axf: Warning: L6439W: Multiply defined Global Symbol flatbuffers::flatbuffer_version_string defined in .data._ZN11flatbuffers25flatbuffer_version_stringE(maximum_minimum.o) rejected in favor of Symbol defined in .data._ZN11flatbuffers25flatbuffer_version_stringE(main.o).
.\Objects\M55_TFLite.axf: Warning: L6439W: Multiply defined Global Symbol flatbuffers::flatbuffer_version_string defined in .data._ZN11flatbuffers25flatbuffer_version_stringE(mirror_pad.o) rejected in favor of Symbol defined in .data._ZN11flatbuffers25flatbuffer_version_stringE(main.o).
.\Objects\M55_TFLite.axf: Warning: L6439W: Multiply defined Global Symbol flatbuffers::flatbuffer_version_string defined in .data._ZN11flatbuffers25flatbuffer_version_stringE(mul_common.o) rejected in favor of Symbol defined in .data._ZN11flatbuffers25flatbuffer_version_stringE(main.o).
.\Objects\M55_TFLite.axf: Warning: L6439W: Multiply defined Global Symbol flatbuffers::flatbuffer_version_string defined in .data._ZN11flatbuffers25flatbuffer_version_stringE(neg.o) rejected in favor of Symbol defined in .data._ZN11flatbuffers25flatbuffer_version_stringE(main.o).
.\Objects\M55_TFLite.axf: Warning: L6439W: Multiply defined Global Symbol flatbuffers::flatbuffer_version_string defined in .data._ZN11flatbuffers25flatbuffer_version_stringE(pack.o) rejected in favor of Symbol defined in .data._ZN11flatbuffers25flatbuffer_version_stringE(main.o).
.\Objects\M55_TFLite.axf: Warning: L6439W: Multiply defined Global Symbol flatbuffers::flatbuffer_version_string defined in .data._ZN11flatbuffers25flatbuffer_version_stringE(pad.o) rejected in favor of Symbol defined in .data._ZN11flatbuffers25flatbuffer_version_stringE(main.o).
.\Objects\M55_TFLite.axf: Warning: L6439W: Multiply defined Global Symbol flatbuffers::flatbuffer_version_string defined in .data._ZN11flatbuffers25flatbuffer_version_stringE(pooling_common.o) rejected in favor of Symbol defined in .data._ZN11flatbuffers25flatbuffer_version_stringE(main.o).
.\Objects\M55_TFLite.axf: Warning: L6439W: Multiply defined Global Symbol flatbuffers::flatbuffer_version_string defined in .data._ZN11flatbuffers25flatbuffer_version_stringE(prelu.o) rejected in favor of Symbol defined in .data._ZN11flatbuffers25flatbuffer_version_stringE(main.o).
.\Objects\M55_TFLite.axf: Warning: L6439W: Multiply defined Global Symbol flatbuffers::flatbuffer_version_string defined in .data._ZN11flatbuffers25flatbuffer_version_stringE(prelu_common.o) rejected in favor of Symbol defined in .data._ZN11flatbuffers25flatbuffer_version_stringE(main.o).
.\Objects\M55_TFLite.axf: Warning: L6439W: Multiply defined Global Symbol flatbuffers::flatbuffer_version_string defined in .data._ZN11flatbuffers25flatbuffer_version_stringE(quantize.o) rejected in favor of Symbol defined in .data._ZN11flatbuffers25flatbuffer_version_stringE(main.o).
.\Objects\M55_TFLite.axf: Warning: L6439W: Multiply defined Global Symbol flatbuffers::flatbuffer_version_string defined in .data._ZN11flatbuffers25flatbuffer_version_stringE(quantize_common.o) rejected in favor of Symbol defined in .data._ZN11flatbuffers25flatbuffer_version_stringE(main.o).
.\Objects\M55_TFLite.axf: Warning: L6439W: Multiply defined Global Symbol flatbuffers::flatbuffer_version_string defined in .data._ZN11flatbuffers25flatbuffer_version_stringE(read_variable.o) rejected in favor of Symbol defined in .data._ZN11flatbuffers25flatbuffer_version_stringE(main.o).
.\Objects\M55_TFLite.axf: Warning: L6439W: Multiply defined Global Symbol flatbuffers::flatbuffer_version_string defined in .data._ZN11flatbuffers25flatbuffer_version_stringE(reduce.o) rejected in favor of Symbol defined in .data._ZN11flatbuffers25flatbuffer_version_stringE(main.o).
.\Objects\M55_TFLite.axf: Warning: L6439W: Multiply defined Global Symbol flatbuffers::flatbuffer_version_string defined in .data._ZN11flatbuffers25flatbuffer_version_stringE(reduce_common.o) rejected in favor of Symbol defined in .data._ZN11flatbuffers25flatbuffer_version_stringE(main.o).
.\Objects\M55_TFLite.axf: Warning: L6439W: Multiply defined Global Symbol flatbuffers::flatbuffer_version_string defined in .data._ZN11flatbuffers25flatbuffer_version_stringE(reshape.o) rejected in favor of Symbol defined in .data._ZN11flatbuffers25flatbuffer_version_stringE(main.o).
.\Objects\M55_TFLite.axf: Warning: L6439W: Multiply defined Global Symbol flatbuffers::flatbuffer_version_string defined in .data._ZN11flatbuffers25flatbuffer_version_stringE(resize_bilinear.o) rejected in favor of Symbol defined in .data._ZN11flatbuffers25flatbuffer_version_stringE(main.o).
.\Objects\M55_TFLite.axf: Warning: L6439W: Multiply defined Global Symbol flatbuffers::flatbuffer_version_string defined in .data._ZN11flatbuffers25flatbuffer_version_stringE(resize_nearest_neighbor.o) rejected in favor of Symbol defined in .data._ZN11flatbuffers25flatbuffer_version_stringE(main.o).
.\Objects\M55_TFLite.axf: Warning: L6439W: Multiply defined Global Symbol flatbuffers::flatbuffer_version_string defined in .data._ZN11flatbuffers25flatbuffer_version_stringE(round.o) rejected in favor of Symbol defined in .data._ZN11flatbuffers25flatbuffer_version_stringE(main.o).
.\Objects\M55_TFLite.axf: Warning: L6439W: Multiply defined Global Symbol flatbuffers::flatbuffer_version_string defined in .data._ZN11flatbuffers25flatbuffer_version_stringE(select.o) rejected in favor of Symbol defined in .data._ZN11flatbuffers25flatbuffer_version_stringE(main.o).
.\Objects\M55_TFLite.axf: Warning: L6439W: Multiply defined Global Symbol flatbuffers::flatbuffer_version_string defined in .data._ZN11flatbuffers25flatbuffer_version_stringE(shape.o) rejected in favor of Symbol defined in .data._ZN11flatbuffers25flatbuffer_version_stringE(main.o).
.\Objects\M55_TFLite.axf: Warning: L6439W: Multiply defined Global Symbol flatbuffers::flatbuffer_version_string defined in .data._ZN11flatbuffers25flatbuffer_version_stringE(slice.o) rejected in favor of Symbol defined in .data._ZN11flatbuffers25flatbuffer_version_stringE(main.o).
.\Objects\M55_TFLite.axf: Warning: L6439W: Multiply defined Global Symbol flatbuffers::flatbuffer_version_string defined in .data._ZN11flatbuffers25flatbuffer_version_stringE(softmax_common.o) rejected in favor of Symbol defined in .data._ZN11flatbuffers25flatbuffer_version_stringE(main.o).
.\Objects\M55_TFLite.axf: Warning: L6439W: Multiply defined Global Symbol flatbuffers::flatbuffer_version_string defined in .data._ZN11flatbuffers25flatbuffer_version_stringE(space_to_batch_nd.o) rejected in favor of Symbol defined in .data._ZN11flatbuffers25flatbuffer_version_stringE(main.o).
.\Objects\M55_TFLite.axf: Warning: L6439W: Multiply defined Global Symbol flatbuffers::flatbuffer_version_string defined in .data._ZN11flatbuffers25flatbuffer_version_stringE(space_to_depth.o) rejected in favor of Symbol defined in .data._ZN11flatbuffers25flatbuffer_version_stringE(main.o).
.\Objects\M55_TFLite.axf: Warning: L6439W: Multiply defined Global Symbol flatbuffers::flatbuffer_version_string defined in .data._ZN11flatbuffers25flatbuffer_version_stringE(split.o) rejected in favor of Symbol defined in .data._ZN11flatbuffers25flatbuffer_version_stringE(main.o).
.\Objects\M55_TFLite.axf: Warning: L6439W: Multiply defined Global Symbol flatbuffers::flatbuffer_version_string defined in .data._ZN11flatbuffers25flatbuffer_version_stringE(split_v.o) rejected in favor of Symbol defined in .data._ZN11flatbuffers25flatbuffer_version_stringE(main.o).
.\Objects\M55_TFLite.axf: Warning: L6439W: Multiply defined Global Symbol flatbuffers::flatbuffer_version_string defined in .data._ZN11flatbuffers25flatbuffer_version_stringE(squared_difference.o) rejected in favor of Symbol defined in .data._ZN11flatbuffers25flatbuffer_version_stringE(main.o).
.\Objects\M55_TFLite.axf: Warning: L6439W: Multiply defined Global Symbol flatbuffers::flatbuffer_version_string defined in .data._ZN11flatbuffers25flatbuffer_version_stringE(squeeze.o) rejected in favor of Symbol defined in .data._ZN11flatbuffers25flatbuffer_version_stringE(main.o).
.\Objects\M55_TFLite.axf: Warning: L6439W: Multiply defined Global Symbol flatbuffers::flatbuffer_version_string defined in .data._ZN11flatbuffers25flatbuffer_version_stringE(strided_slice.o) rejected in favor of Symbol defined in .data._ZN11flatbuffers25flatbuffer_version_stringE(main.o).
.\Objects\M55_TFLite.axf: Warning: L6439W: Multiply defined Global Symbol flatbuffers::flatbuffer_version_string defined in .data._ZN11flatbuffers25flatbuffer_version_stringE(sub.o) rejected in favor of Symbol defined in .data._ZN11flatbuffers25flatbuffer_version_stringE(main.o).
.\Objects\M55_TFLite.axf: Warning: L6439W: Multiply defined Global Symbol flatbuffers::flatbuffer_version_string defined in .data._ZN11flatbuffers25flatbuffer_version_stringE(sub_common.o) rejected in favor of Symbol defined in .data._ZN11flatbuffers25flatbuffer_version_stringE(main.o).
.\Objects\M55_TFLite.axf: Warning: L6439W: Multiply defined Global Symbol flatbuffers::flatbuffer_version_string defined in .data._ZN11flatbuffers25flatbuffer_version_stringE(svdf_common.o) rejected in favor of Symbol defined in .data._ZN11flatbuffers25flatbuffer_version_stringE(main.o).
.\Objects\M55_TFLite.axf: Warning: L6439W: Multiply defined Global Symbol flatbuffers::flatbuffer_version_string defined in .data._ZN11flatbuffers25flatbuffer_version_stringE(tanh.o) rejected in favor of Symbol defined in .data._ZN11flatbuffers25flatbuffer_version_stringE(main.o).
.\Objects\M55_TFLite.axf: Warning: L6439W: Multiply defined Global Symbol flatbuffers::flatbuffer_version_string defined in .data._ZN11flatbuffers25flatbuffer_version_stringE(transpose.o) rejected in favor of Symbol defined in .data._ZN11flatbuffers25flatbuffer_version_stringE(main.o).
.\Objects\M55_TFLite.axf: Warning: L6439W: Multiply defined Global Symbol flatbuffers::flatbuffer_version_string defined in .data._ZN11flatbuffers25flatbuffer_version_stringE(transpose_conv.o) rejected in favor of Symbol defined in .data._ZN11flatbuffers25flatbuffer_version_stringE(main.o).
.\Objects\M55_TFLite.axf: Warning: L6439W: Multiply defined Global Symbol flatbuffers::flatbuffer_version_string defined in .data._ZN11flatbuffers25flatbuffer_version_stringE(unidirectional_sequence_lstm.o) rejected in favor of Symbol defined in .data._ZN11flatbuffers25flatbuffer_version_stringE(main.o).
.\Objects\M55_TFLite.axf: Warning: L6439W: Multiply defined Global Symbol flatbuffers::flatbuffer_version_string defined in .data._ZN11flatbuffers25flatbuffer_version_stringE(unpack.o) rejected in favor of Symbol defined in .data._ZN11flatbuffers25flatbuffer_version_stringE(main.o).
.\Objects\M55_TFLite.axf: Warning: L6439W: Multiply defined Global Symbol flatbuffers::flatbuffer_version_string defined in .data._ZN11flatbuffers25flatbuffer_version_stringE(var_handle.o) rejected in favor of Symbol defined in .data._ZN11flatbuffers25flatbuffer_version_stringE(main.o).
.\Objects\M55_TFLite.axf: Warning: L6439W: Multiply defined Global Symbol flatbuffers::flatbuffer_version_string defined in .data._ZN11flatbuffers25flatbuffer_version_stringE(while.o) rejected in favor of Symbol defined in .data._ZN11flatbuffers25flatbuffer_version_stringE(main.o).
.\Objects\M55_TFLite.axf: Warning: L6439W: Multiply defined Global Symbol flatbuffers::flatbuffer_version_string defined in .data._ZN11flatbuffers25flatbuffer_version_stringE(zeros_like.o) rejected in favor of Symbol defined in .data._ZN11flatbuffers25flatbuffer_version_stringE(main.o).
.\Objects\M55_TFLite.axf: Warning: L6439W: Multiply defined Global Symbol flatbuffers::flatbuffer_version_string defined in .data._ZN11flatbuffers25flatbuffer_version_stringE(memory_helpers.o) rejected in favor of Symbol defined in .data._ZN11flatbuffers25flatbuffer_version_stringE(main.o).
.\Objects\M55_TFLite.axf: Warning: L6439W: Multiply defined Global Symbol flatbuffers::flatbuffer_version_string defined in .data._ZN11flatbuffers25flatbuffer_version_stringE(micro_allocation_info.o) rejected in favor of Symbol defined in .data._ZN11flatbuffers25flatbuffer_version_stringE(main.o).
.\Objects\M55_TFLite.axf: Warning: L6439W: Multiply defined Global Symbol flatbuffers::flatbuffer_version_string defined in .data._ZN11flatbuffers25flatbuffer_version_stringE(micro_allocator.o) rejected in favor of Symbol defined in .data._ZN11flatbuffers25flatbuffer_version_stringE(main.o).
.\Objects\M55_TFLite.axf: Warning: L6439W: Multiply defined Global Symbol flatbuffers::flatbuffer_version_string defined in .data._ZN11flatbuffers25flatbuffer_version_stringE(micro_context.o) rejected in favor of Symbol defined in .data._ZN11flatbuffers25flatbuffer_version_stringE(main.o).
.\Objects\M55_TFLite.axf: Warning: L6439W: Multiply defined Global Symbol flatbuffers::flatbuffer_version_string defined in .data._ZN11flatbuffers25flatbuffer_version_stringE(micro_graph.o) rejected in favor of Symbol defined in .data._ZN11flatbuffers25flatbuffer_version_stringE(main.o).
.\Objects\M55_TFLite.axf: Warning: L6439W: Multiply defined Global Symbol flatbuffers::flatbuffer_version_string defined in .data._ZN11flatbuffers25flatbuffer_version_stringE(micro_interpreter.o) rejected in favor of Symbol defined in .data._ZN11flatbuffers25flatbuffer_version_stringE(main.o).
.\Objects\M55_TFLite.axf: Warning: L6439W: Multiply defined Global Symbol flatbuffers::flatbuffer_version_string defined in .data._ZN11flatbuffers25flatbuffer_version_stringE(micro_resource_variable.o) rejected in favor of Symbol defined in .data._ZN11flatbuffers25flatbuffer_version_stringE(main.o).
.\Objects\M55_TFLite.axf: Warning: L6439W: Multiply defined Global Symbol flatbuffers::flatbuffer_version_string defined in .data._ZN11flatbuffers25flatbuffer_version_stringE(micro_utils.o) rejected in favor of Symbol defined in .data._ZN11flatbuffers25flatbuffer_version_stringE(main.o).
.\Objects\M55_TFLite.axf: Warning: L6439W: Multiply defined Global Symbol flatbuffers::flatbuffer_version_string defined in .data._ZN11flatbuffers25flatbuffer_version_stringE(mock_micro_graph.o) rejected in favor of Symbol defined in .data._ZN11flatbuffers25flatbuffer_version_stringE(main.o).
.\Objects\M55_TFLite.axf: Warning: L6439W: Multiply defined Global Symbol flatbuffers::flatbuffer_version_string defined in .data._ZN11flatbuffers25flatbuffer_version_stringE(recording_micro_allocator.o) rejected in favor of Symbol defined in .data._ZN11flatbuffers25flatbuffer_version_stringE(main.o).
.\Objects\M55_TFLite.axf: Warning: L6439W: Multiply defined Global Symbol flatbuffers::flatbuffer_version_string defined in .data._ZN11flatbuffers25flatbuffer_version_stringE(test_helper_custom_ops.o) rejected in favor of Symbol defined in .data._ZN11flatbuffers25flatbuffer_version_stringE(main.o).
.\Objects\M55_TFLite.axf: Warning: L6439W: Multiply defined Global Symbol flatbuffers::flatbuffer_version_string defined in .data._ZN11flatbuffers25flatbuffer_version_stringE(test_helpers.o) rejected in favor of Symbol defined in .data._ZN11flatbuffers25flatbuffer_version_stringE(main.o).
.\Objects\M55_TFLite.axf: Warning: L6439W: Multiply defined Global Symbol flatbuffers::flatbuffer_version_string defined in .data._ZN11flatbuffers25flatbuffer_version_stringE(schema_utils.o) rejected in favor of Symbol defined in .data._ZN11flatbuffers25flatbuffer_version_stringE(main.o).
.\RTE\Device\SSE-300-MPS3\fvp_sse300_mps3_s.sct(24): warning: L6314W: No section matches pattern *(Veneer$$CMSE).
Program Size: Code=327456 RO-data=47076 RW-data=328 ZI-data=9744  
Finished: 0 information, 120 warning and 0 error messages.
".\Objects\M55_TFLite.axf" - 0 Error(s), 120 Warning(s).

<h2>Software Packages used:</h2>

Package Vendor: ARM
                http://www.keil.com/pack/ARM.CMSIS.5.9.0.pack
                ARM.CMSIS.5.9.0
                CMSIS (Common Microcontroller Software Interface Standard)
   * Component: CORE Version: 5.6.0
   * Component: NN Lib Version: 3.1.0

Package Vendor: ARM
                https://www.keil.com/pack/ARM.CMSIS-DSP.1.14.1.pack
                ARM.CMSIS-DSP.1.14.1
                CMSIS Embedded Compute Library
   * Component: DSP Variant: Source Version: 1.14.1

Package Vendor: ARM
                http://www.keil.com/pack/ARM.V2M_MPS3_SSE_300_BSP.1.3.0.pack
                ARM.V2M_MPS3_SSE_300_BSP.1.3.0
                ARM V2M-MPS3 Board Support PACK for CoreLink SSE-300 - TrustZone enabled subsystem for embedded.
   * Component: Definition Version: 1.2.0
   * Component: Startup Variant: Baremetal Version: 1.2.0
   * Component: SysCounter Version: 1.1.0
   * Component: SysTimer Version: 1.1.0
   * Component: Timeout Version: 1.0.0

Package Vendor: tensorflow
                https://github.com/MDK-Packs/tensorflow-pack/releases/download/1.22.8/tensorflow.flatbuffers.1.22.8.pack
                tensorflow.flatbuffers.1.22.8
                FlatBuffers: Memory Efficient Serialization Library
   * Component: flatbuffers Variant: tensorflow Version: 1.22.8

Package Vendor: tensorflow
                https://github.com/MDK-Packs/tensorflow-pack/releases/download/1.22.8/tensorflow.gemmlowp.1.22.8.pack
                tensorflow.gemmlowp.1.22.8
                a small self-contained low-precision GEMM library
   * Component: gemmlowp fixed-point Variant: tensorflow Version: 1.22.8

Package Vendor: tensorflow
                https://github.com/MDK-Packs/tensorflow-pack/releases/download/1.22.8/tensorflow.kissfft.1.22.8.pack
                tensorflow.kissfft.1.22.8
                Fast Fourier Transform (FFT) library that tries to Keep it Simple, Stupid
   * Component: kissfft Variant: tensorflow Version: 1.22.8

Package Vendor: tensorflow
                https://github.com/MDK-Packs/tensorflow-pack/releases/download/1.22.8/tensorflow.ruy.1.22.8.pack
                tensorflow.ruy.1.22.8
                The ruy matrix multiplication library
   * Component: ruy Variant: tensorflow Version: 1.22.8

Package Vendor: tensorflow
                https://github.com/MDK-Packs/tensorflow-pack/releases/download/1.22.8/tensorflow.tensorflow-lite-micro.1.22.8.pack
                tensorflow.tensorflow-lite-micro.1.22.8
                Deep learning framework for on-device inference.
   * Component: Kernel Utils Version: 1.22.8
   * Component: Kernel Variant: CMSIS-NN Version: 1.22.8
   * Component: Testing Version: 1.22.8

<h2>Collection of Component include folders:</h2>
  ./RTE/Device/SSE-300-MPS3
  ./RTE/_Target_1
  C:/Users/chiar/AppData/Local/Arm/Packs/ARM/CMSIS-DSP/1.14.1/Include
  C:/Users/chiar/AppData/Local/Arm/Packs/ARM/CMSIS-DSP/1.14.1/PrivateInclude
  C:/Users/chiar/AppData/Local/Arm/Packs/ARM/CMSIS/5.9.0/CMSIS/Core/Include
  C:/Users/chiar/AppData/Local/Arm/Packs/ARM/CMSIS/5.9.0/CMSIS/NN/Include
  C:/Users/chiar/AppData/Local/Arm/Packs/ARM/V2M_MPS3_SSE_300_BSP/1.3.0/Board/Device_Definition
  C:/Users/chiar/AppData/Local/Arm/Packs/ARM/V2M_MPS3_SSE_300_BSP/1.3.0/Board/Platform
  C:/Users/chiar/AppData/Local/Arm/Packs/ARM/V2M_MPS3_SSE_300_BSP/1.3.0/Device/Include
  C:/Users/chiar/AppData/Local/Arm/Packs/ARM/V2M_MPS3_SSE_300_BSP/1.3.0/Native_Driver
  C:/Users/chiar/AppData/Local/Arm/Packs/tensorflow/flatbuffers/1.22.8/src/include
  C:/Users/chiar/AppData/Local/Arm/Packs/tensorflow/gemmlowp/1.22.8/src
  C:/Users/chiar/AppData/Local/Arm/Packs/tensorflow/kissfft/1.22.8/src
  C:/Users/chiar/AppData/Local/Arm/Packs/tensorflow/kissfft/1.22.8/src/tools
  C:/Users/chiar/AppData/Local/Arm/Packs/tensorflow/ruy/1.22.8/src
  C:/Users/chiar/AppData/Local/Arm/Packs/tensorflow/tensorflow-lite-micro/1.22.8
  C:/Users/chiar/AppData/Local/Arm/Packs/tensorflow/tensorflow-lite-micro/1.22.8/tensorflow/lite
  C:/Users/chiar/AppData/Local/Arm/Packs/tensorflow/tensorflow-lite-micro/1.22.8/tensorflow/lite/c
  C:/Users/chiar/AppData/Local/Arm/Packs/tensorflow/tensorflow-lite-micro/1.22.8/tensorflow/lite/core/api
  C:/Users/chiar/AppData/Local/Arm/Packs/tensorflow/tensorflow-lite-micro/1.22.8/tensorflow/lite/kernels
  C:/Users/chiar/AppData/Local/Arm/Packs/tensorflow/tensorflow-lite-micro/1.22.8/tensorflow/lite/kernels/internal
  C:/Users/chiar/AppData/Local/Arm/Packs/tensorflow/tensorflow-lite-micro/1.22.8/tensorflow/lite/kernels/internal/optimized
  C:/Users/chiar/AppData/Local/Arm/Packs/tensorflow/tensorflow-lite-micro/1.22.8/tensorflow/lite/kernels/internal/reference
  C:/Users/chiar/AppData/Local/Arm/Packs/tensorflow/tensorflow-lite-micro/1.22.8/tensorflow/lite/kernels/internal/reference/integer_ops
  C:/Users/chiar/AppData/Local/Arm/Packs/tensorflow/tensorflow-lite-micro/1.22.8/tensorflow/lite/micro
  C:/Users/chiar/AppData/Local/Arm/Packs/tensorflow/tensorflow-lite-micro/1.22.8/tensorflow/lite/micro/arena_allocator
  C:/Users/chiar/AppData/Local/Arm/Packs/tensorflow/tensorflow-lite-micro/1.22.8/tensorflow/lite/micro/cortex_m_generic
  C:/Users/chiar/AppData/Local/Arm/Packs/tensorflow/tensorflow-lite-micro/1.22.8/tensorflow/lite/micro/kernels
  C:/Users/chiar/AppData/Local/Arm/Packs/tensorflow/tensorflow-lite-micro/1.22.8/tensorflow/lite/micro/memory_planner
  C:/Users/chiar/AppData/Local/Arm/Packs/tensorflow/tensorflow-lite-micro/1.22.8/tensorflow/lite/micro/testing
  C:/Users/chiar/AppData/Local/Arm/Packs/tensorflow/tensorflow-lite-micro/1.22.8/tensorflow/lite/schema

<h2>Collection of Component Files used:</h2>

   * Component: ARM::CMSIS:CORE:5.6.0
      Include file:  CMSIS/Core/Include/tz_context.h

   * Component: ARM::CMSIS:DSP:Source:1.14.1
      Source file:   Source/FilteringFunctions/FilteringFunctions.c
      Source file:   Source/StatisticsFunctions/StatisticsFunctions.c
      Source file:   Source/BasicMathFunctions/BasicMathFunctionsF16.c
      Source file:   Source/SupportFunctions/SupportFunctionsF16.c
      Source file:   Source/SVMFunctions/SVMFunctions.c
      Source file:   Source/SupportFunctions/SupportFunctions.c
      Source file:   Source/FastMathFunctions/FastMathFunctionsF16.c
      Source file:   Source/TransformFunctions/TransformFunctions.c
      Source file:   Source/MatrixFunctions/MatrixFunctions.c
      Source file:   Source/ComplexMathFunctions/ComplexMathFunctionsF16.c
      Source file:   Source/FilteringFunctions/FilteringFunctionsF16.c
      Source file:   Source/CommonTables/CommonTablesF16.c
      Source file:   Source/MatrixFunctions/MatrixFunctionsF16.c
      Source file:   Source/FastMathFunctions/FastMathFunctions.c
      Source file:   Source/TransformFunctions/TransformFunctionsF16.c
      Source file:   Source/StatisticsFunctions/StatisticsFunctionsF16.c
      Source file:   Source/DistanceFunctions/DistanceFunctionsF16.c
      Source file:   Source/BayesFunctions/BayesFunctionsF16.c
      Source file:   Source/SVMFunctions/SVMFunctionsF16.c
      Source file:   Source/InterpolationFunctions/InterpolationFunctionsF16.c
      Source file:   Source/InterpolationFunctions/InterpolationFunctions.c
      Source file:   Source/ComplexMathFunctions/ComplexMathFunctions.c
      Source file:   Source/ControllerFunctions/ControllerFunctions.c
      Source file:   Source/DistanceFunctions/DistanceFunctions.c
      Include file:  Include/arm_common_tables_f16.h
      Source file:   Source/BasicMathFunctions/BasicMathFunctions.c
      Include file:  Include/arm_const_structs.h
      Source file:   Source/QuaternionMathFunctions/QuaternionMathFunctions.c
      Source file:   Source/BayesFunctions/BayesFunctions.c
      Include file:  Include/arm_common_tables.h
      Include file:  Include/arm_const_structs_f16.h
      Include file:  Include/arm_math.h
      Source file:   Source/CommonTables/CommonTables.c
      Include file:  Include/arm_math_f16.h

   * Component: ARM::CMSIS:NN Lib:3.1.0
      Source file:   CMSIS/NN/Source/ConvolutionFunctions/arm_nn_mat_mult_kernel_q7_q15.c
      Source file:   CMSIS/NN/Source/ConvolutionFunctions/arm_convolve_HWC_q15_basic.c
      Source file:   CMSIS/NN/Source/ConvolutionFunctions/arm_convolve_1x1_s8_fast.c
      Include file:  CMSIS/NN/Include/arm_nn_types.h
      Source file:   CMSIS/NN/Source/ConvolutionFunctions/arm_depthwise_conv_wrapper_s8.c
      Source file:   CMSIS/NN/Source/ConvolutionFunctions/arm_convolve_HWC_q7_fast_nonsquare.c
      Include file:  CMSIS/NN/Include/arm_nnfunctions.h
      Include file:  CMSIS/NN/Include/arm_nn_tables.h
      Source file:   CMSIS/NN/Source/ConvolutionFunctions/arm_convolve_HWC_q7_fast.c
      Include file:  CMSIS/NN/Include/arm_nnsupportfunctions.h
      Source file:   CMSIS/NN/Source/ConvolutionFunctions/arm_depthwise_conv_u8_basic_ver1.c
      Source file:   CMSIS/NN/Source/ConvolutionFunctions/arm_depthwise_separable_conv_HWC_q7.c
      Source file:   CMSIS/NN/Source/ConvolutionFunctions/arm_nn_mat_mult_kernel_s8_s16.c
      Source file:   CMSIS/NN/Source/ConvolutionFunctions/arm_convolve_HWC_q7_RGB.c
      Source file:   CMSIS/NN/Source/ConvolutionFunctions/arm_convolve_1_x_n_s8.c
      Source file:   CMSIS/NN/Source/ConvolutionFunctions/arm_convolve_HWC_q15_fast_nonsquare.c
      Source file:   CMSIS/NN/Source/ConvolutionFunctions/arm_convolve_s16.c
      Source file:   CMSIS/NN/Source/SVDFunctions/arm_svdf_state_s16_s8.c
      Source file:   CMSIS/NN/Source/ConvolutionFunctions/arm_convolve_HWC_q7_basic.c
      Source file:   CMSIS/NN/Source/ConvolutionFunctions/arm_convolve_HWC_q15_fast.c
      Source file:   CMSIS/NN/Source/ConcatenationFunctions/arm_concatenation_s8_z.c
      Source file:   CMSIS/NN/Source/ConvolutionFunctions/arm_nn_mat_mult_s8.c
      Source file:   CMSIS/NN/Source/ConvolutionFunctions/arm_convolve_wrapper_s16.c
      Source file:   CMSIS/NN/Source/ConvolutionFunctions/arm_depthwise_separable_conv_HWC_q7_nonsquare.c
      Source file:   CMSIS/NN/Source/ConvolutionFunctions/arm_convolve_1x1_HWC_q7_fast_nonsquare.c
      Source file:   CMSIS/NN/Source/ConcatenationFunctions/arm_concatenation_s8_y.c
      Source file:   CMSIS/NN/Source/ConvolutionFunctions/arm_depthwise_conv_s8.c
      Source file:   CMSIS/NN/Source/PoolingFunctions/arm_max_pool_s16.c
      Source file:   CMSIS/NN/Source/ConvolutionFunctions/arm_nn_mat_mult_kernel_q7_q15_reordered.c
      Source file:   CMSIS/NN/Source/ConvolutionFunctions/arm_convolve_s8.c
      Source file:   CMSIS/NN/Source/ConvolutionFunctions/arm_depthwise_conv_s16.c
      Source file:   CMSIS/NN/Source/SVDFunctions/arm_svdf_s8.c
      Source file:   CMSIS/NN/Source/ConvolutionFunctions/arm_depthwise_conv_3x3_s8.c
      Source file:   CMSIS/NN/Source/PoolingFunctions/arm_avgpool_s8.c
      Source file:   CMSIS/NN/Source/ConvolutionFunctions/arm_nn_depthwise_conv_s8_core.c
      Source file:   CMSIS/NN/Source/ConvolutionFunctions/arm_convolve_wrapper_s8.c
      Source file:   CMSIS/NN/Source/ConvolutionFunctions/arm_convolve_HWC_q7_basic_nonsquare.c
      Source file:   CMSIS/NN/Source/ConcatenationFunctions/arm_concatenation_s8_x.c
      Source file:   CMSIS/NN/Source/ConcatenationFunctions/arm_concatenation_s8_w.c
      Source file:   CMSIS/NN/Source/PoolingFunctions/arm_max_pool_s8.c
      Source file:   CMSIS/NN/Source/PoolingFunctions/arm_avgpool_s16.c
      Source file:   CMSIS/NN/Source/PoolingFunctions/arm_pool_q7_HWC.c
      Source file:   CMSIS/NN/Source/BasicMathFunctions/arm_elementwise_mul_s8.c
      Source file:   CMSIS/NN/Source/ConvolutionFunctions/arm_depthwise_conv_s8_opt.c
      Source file:   CMSIS/NN/Source/BasicMathFunctions/arm_elementwise_mul_s16.c
      Source file:   CMSIS/NN/Source/BasicMathFunctions/arm_elementwise_add_s8.c
      Source file:   CMSIS/NN/Source/ConvolutionFunctions/arm_convolve_fast_s16.c
      Source file:   CMSIS/NN/Source/ActivationFunctions/arm_nn_activations_q15.c
      Source file:   CMSIS/NN/Source/NNSupportFunctions/arm_nn_vec_mat_mult_t_s8.c
      Source file:   CMSIS/NN/Source/NNSupportFunctions/arm_nn_mat_mul_core_4x_s8.c
      Source file:   CMSIS/NN/Source/NNSupportFunctions/arm_nn_mat_mul_core_1x_s8.c
      Source file:   CMSIS/NN/Source/ActivationFunctions/arm_relu_q7.c
      Source file:   CMSIS/NN/Source/FullyConnectedFunctions/arm_fully_connected_mat_q7_vec_q15_opt.c
      Source file:   CMSIS/NN/Source/BasicMathFunctions/arm_elementwise_add_s16.c
      Source file:   CMSIS/NN/Source/NNSupportFunctions/arm_nn_mat_mul_kernel_s16.c
      Source file:   CMSIS/NN/Source/NNSupportFunctions/arm_nn_add_q7.c
      Source file:   CMSIS/NN/Source/FullyConnectedFunctions/arm_fully_connected_s16.c
      Source file:   CMSIS/NN/Source/NNSupportFunctions/arm_q7_to_q15_no_shift.c
      Source file:   CMSIS/NN/Source/FullyConnectedFunctions/arm_fully_connected_q15_opt.c
      Source file:   CMSIS/NN/Source/FullyConnectedFunctions/arm_fully_connected_q15.c
      Source file:   CMSIS/NN/Source/FullyConnectedFunctions/arm_fully_connected_q7_opt.c
      Source file:   CMSIS/NN/Source/NNSupportFunctions/arm_nn_vec_mat_mult_t_svdf_s8.c
      Source file:   CMSIS/NN/Source/NNSupportFunctions/arm_nn_mult_q15.c
      Source file:   CMSIS/NN/Source/NNSupportFunctions/arm_nn_vec_mat_mult_t_s16.c
      Source file:   CMSIS/NN/Source/ActivationFunctions/arm_nn_activations_q7.c
      Source file:   CMSIS/NN/Source/NNSupportFunctions/arm_nn_depthwise_conv_nt_t_padded_s8.c
      Source file:   CMSIS/NN/Source/FullyConnectedFunctions/arm_fully_connected_s8.c
      Source file:   CMSIS/NN/Source/NNSupportFunctions/arm_q7_to_q15_reordered_no_shift.c
      Source file:   CMSIS/NN/Source/NNSupportFunctions/arm_nn_mat_mult_nt_t_s8.c
      Source file:   CMSIS/NN/Source/NNSupportFunctions/arm_q7_to_q15_reordered_with_offset.c
      Source file:   CMSIS/NN/Source/ActivationFunctions/arm_relu_q15.c
      Source file:   CMSIS/NN/Source/ActivationFunctions/arm_relu6_s8.c
      Source file:   CMSIS/NN/Source/ReshapeFunctions/arm_reshape_s8.c
      Source file:   CMSIS/NN/Source/NNSupportFunctions/arm_nntables.c
      Source file:   CMSIS/NN/Source/NNSupportFunctions/arm_nn_mult_q7.c
      Source file:   CMSIS/NN/Source/NNSupportFunctions/arm_nn_accumulate_q7_to_q15.c
      Source file:   CMSIS/NN/Source/NNSupportFunctions/arm_q7_to_q15_with_offset.c
      Source file:   CMSIS/NN/Source/FullyConnectedFunctions/arm_fully_connected_q7.c
      Source file:   CMSIS/NN/Source/NNSupportFunctions/arm_nn_depthwise_conv_nt_t_s8.c
      Source file:   CMSIS/NN/Source/SoftmaxFunctions/arm_softmax_q15.c
      Source file:   CMSIS/NN/Source/SoftmaxFunctions/arm_softmax_s16.c
      Source file:   CMSIS/NN/Source/SoftmaxFunctions/arm_softmax_with_batch_q7.c
      Source file:   CMSIS/NN/Source/SoftmaxFunctions/arm_softmax_q7.c
      Source file:   CMSIS/NN/Source/SoftmaxFunctions/arm_softmax_s8.c
      Source file:   CMSIS/NN/Source/SoftmaxFunctions/arm_softmax_s8_s16.c
      Source file:   CMSIS/NN/Source/FullyConnectedFunctions/arm_fully_connected_mat_q7_vec_q15.c
      Source file:   CMSIS/NN/Source/SoftmaxFunctions/arm_softmax_u8.c

   * Component: ARM::Device:Definition:1.2.0
      Include file:  Board/Platform/platform_base_address.h
      Include file:  Board/Platform/platform_description.h
      Include file:  Board/Device_Definition/device_definition.h
      Source file:   Board/Device_Definition/device_definition.c

   * Component: ARM::Device:Startup:Baremetal:1.2.0
      Include file:  CMSIS_Driver/Config/RTE_Device.h
      Include file:  Device/Include/system_SSE300MPS3.h
      Include file:  Device/Include/region_defs.h
      Include file:  Device/Include/region_limits.h
      Source file:   Device/Source/system_SSE300MPS3.c
      Include file:  Device/Config/Baremetal/device_cfg.h
      Source file:   Device/Source/startup_fvp_sse300_mps3.c
      Include file:  CMSIS_Driver/Config/Baremetal/cmsis_driver_config.h

   * Component: ARM::Native Driver:SysCounter:1.1.0
      Include file:  Native_Driver/syscounter_armv8-m_cntrl_drv.h
      Include file:  Native_Driver/syscounter_armv8-m_read_reg_map.h
      Source file:   Native_Driver/syscounter_armv8-m_read_drv.c
      Include file:  Native_Driver/syscounter_armv8-m_cntrl_reg_map.h
      Source file:   Native_Driver/syscounter_armv8-m_cntrl_drv.c
      Include file:  Native_Driver/syscounter_armv8-m_read_drv.h

   * Component: ARM::Native Driver:SysTimer:1.1.0
      Include file:  Native_Driver/systimer_armv8-m_reg_map.h
      Source file:   Native_Driver/systimer_armv8-m_drv.c
      Include file:  Native_Driver/systimer_armv8-m_drv.h

   * Component: ARM::Native Driver:Timeout:1.0.0
      Source file:   Native_Driver/systimer_armv8-m_timeout.c
      Include file:  Native_Driver/timeout.h

   * Component: tensorflow::Data Exchange:Serialization:flatbuffers:tensorflow:1.22.8

   * Component: tensorflow::Data Processing:Math:gemmlowp fixed-point:tensorflow:1.22.8

   * Component: tensorflow::Data Processing:Math:kissfft:tensorflow:1.22.8
      Source file:   src/tools/kiss_fftr.c
      Source file:   src/kiss_fft.c

   * Component: tensorflow::Data Processing:Math:ruy:tensorflow:1.22.8

   * Component: tensorflow::Machine Learning:TensorFlow:Kernel Utils:1.22.8
      Source file:   tensorflow/lite/kernels/kernel_util.cpp
      Source file:   tensorflow/lite/micro/cortex_m_generic/debug_log.cpp
      Source file:   tensorflow/lite/micro/system_setup.cpp
      Source file:   tensorflow/lite/micro/cortex_m_generic/micro_time.cpp

   * Component: tensorflow::Machine Learning:TensorFlow:Kernel:CMSIS-NN:1.22.8
      Source file:   tensorflow/lite/micro/mock_micro_graph.cpp
      Source file:   tensorflow/lite/micro/kernels/dequantize_common.cpp
      Source file:   tensorflow/lite/core/api/tensor_utils.cpp
      Source file:   tensorflow/lite/micro/kernels/mul_common.cpp
      Source file:   tensorflow/lite/micro/flatbuffer_utils.cpp
      Source file:   tensorflow/lite/micro/fake_micro_context.cpp
      Source file:   tensorflow/lite/micro/kernels/micro_tensor_utils.cpp
      Source file:   tensorflow/lite/micro/kernels/dequantize.cpp
      Source file:   tensorflow/lite/micro/kernels/unpack.cpp
      Source file:   tensorflow/lite/micro/kernels/comparisons.cpp
      Source file:   tensorflow/lite/micro/kernels/logistic_common.cpp
      Source file:   tensorflow/lite/micro/kernels/floor_div.cpp
      Source file:   tensorflow/lite/micro/kernels/gather_nd.cpp
      Source file:   tensorflow/lite/c/common.cpp
      Source file:   tensorflow/lite/micro/kernels/quantize.cpp
      Source file:   tensorflow/lite/micro/kernels/prelu_common.cpp
      Source file:   tensorflow/lite/micro/kernels/cmsis_nn/svdf.cpp
      Source file:   tensorflow/lite/micro/kernels/squared_difference.cpp
      Source file:   tensorflow/lite/micro/kernels/concatenation.cpp
      Source file:   tensorflow/lite/micro/arena_allocator/single_arena_buffer_allocator.cpp
      Source file:   tensorflow/lite/micro/kernels/kernel_util.cpp
      Source file:   tensorflow/lite/core/api/op_resolver.cpp
      Source file:   tensorflow/lite/micro/kernels/logical_common.cpp
      Source file:   tensorflow/lite/kernels/internal/quantization_util.cpp
      Source file:   tensorflow/lite/micro/kernels/cmsis_nn/pooling.cpp
      Source file:   tensorflow/lite/micro/kernels/reduce.cpp
      Source file:   tensorflow/lite/micro/kernels/quantize_common.cpp
      Source file:   tensorflow/lite/schema/schema_utils.cpp
      Source file:   tensorflow/lite/micro/kernels/cast.cpp
      Source file:   tensorflow/lite/micro/kernels/call_once.cpp
      Source file:   tensorflow/lite/micro/arena_allocator/non_persistent_arena_buffer_allocator.cpp
      Source file:   tensorflow/lite/micro/kernels/div.cpp
      Source file:   tensorflow/lite/micro/memory_planner/greedy_memory_planner.cpp
      Source file:   tensorflow/lite/micro/micro_string.cpp
      Source file:   tensorflow/lite/micro/recording_micro_allocator.cpp
      Source file:   tensorflow/lite/micro/memory_planner/linear_memory_planner.cpp
      Source file:   tensorflow/lite/micro/kernels/transpose.cpp
      Source file:   tensorflow/lite/micro/kernels/ceil.cpp
      Source file:   tensorflow/lite/micro/kernels/cumsum.cpp
      Source file:   tensorflow/lite/micro/kernels/tanh.cpp
      Source file:   tensorflow/lite/micro/kernels/exp.cpp
      Source file:   tensorflow/lite/micro/micro_context.cpp
      Source file:   tensorflow/lite/micro/kernels/lstm_eval.cpp
      Source file:   tensorflow/lite/micro/kernels/add_n.cpp
      Source file:   tensorflow/lite/micro/kernels/squeeze.cpp
      Source file:   tensorflow/lite/micro/kernels/broadcast_args.cpp
      Source file:   tensorflow/lite/micro/kernels/broadcast_to.cpp
      Source file:   tensorflow/lite/micro/kernels/resize_nearest_neighbor.cpp
      Source file:   tensorflow/lite/micro/kernels/split_v.cpp
      Source file:   tensorflow/lite/micro/kernels/slice.cpp
      Source file:   tensorflow/lite/micro/kernels/cmsis_nn/mul.cpp
      Source file:   tensorflow/lite/micro/kernels/fully_connected_common.cpp
      Source file:   tensorflow/lite/micro/kernels/expand_dims.cpp
      Source file:   tensorflow/lite/micro/micro_profiler.cpp
      Source file:   tensorflow/lite/micro/kernels/depthwise_conv_common.cpp
      Source file:   tensorflow/lite/micro/kernels/shape.cpp
      Source file:   tensorflow/lite/micro/kernels/split.cpp
      Source file:   tensorflow/lite/micro/kernels/space_to_batch_nd.cpp
      Source file:   tensorflow/lite/micro/micro_resource_variable.cpp
      Source file:   tensorflow/lite/kernels/internal/reference/portable_tensor_utils.cpp
      Source file:   tensorflow/lite/micro/kernels/if.cpp
      Source file:   tensorflow/lite/micro/kernels/logistic.cpp
      Source file:   tensorflow/lite/micro/kernels/cmsis_nn/fully_connected.cpp
      Source file:   tensorflow/lite/core/api/error_reporter.cpp
      Source file:   tensorflow/lite/micro/kernels/read_variable.cpp
      Source file:   tensorflow/lite/micro/memory_planner/non_persistent_buffer_planner_shim.cpp
      Source file:   tensorflow/lite/micro/kernels/pooling_common.cpp
      Source file:   tensorflow/lite/micro/kernels/log_softmax.cpp
      Source file:   tensorflow/lite/micro/kernels/elementwise.cpp
      Source file:   tensorflow/lite/micro/kernels/prelu.cpp
      Source file:   tensorflow/lite/micro/kernels/arg_min_max.cpp
      Source file:   tensorflow/lite/micro/kernels/conv_common.cpp
      Source file:   tensorflow/lite/micro/micro_allocator.cpp
      Source file:   tensorflow/lite/micro/kernels/floor_mod.cpp
      Source file:   tensorflow/lite/micro/all_ops_resolver.cpp
      Source file:   tensorflow/lite/micro/kernels/l2_pool_2d.cpp
      Source file:   tensorflow/lite/micro/kernels/reduce_common.cpp
      Source file:   tensorflow/lite/micro/kernels/space_to_depth.cpp
      Source file:   tensorflow/lite/core/api/flatbuffer_conversions.cpp
      Source file:   tensorflow/lite/micro/kernels/pad.cpp
      Source file:   tensorflow/lite/micro/micro_allocation_info.cpp
      Source file:   tensorflow/lite/micro/kernels/cmsis_nn/softmax.cpp
      Source file:   tensorflow/lite/micro/kernels/activations.cpp
      Source file:   tensorflow/lite/micro/micro_error_reporter.cpp
      Source file:   tensorflow/lite/micro/kernels/var_handle.cpp
      Source file:   tensorflow/lite/micro/kernels/fill.cpp
      Source file:   tensorflow/lite/micro/kernels/detection_postprocess.cpp
      Source file:   tensorflow/lite/micro/kernels/circular_buffer.cpp
      Source file:   tensorflow/lite/micro/kernels/cmsis_nn/conv.cpp
      Source file:   tensorflow/lite/micro/kernels/leaky_relu_common.cpp
      Source file:   tensorflow/lite/micro/kernels/pack.cpp
      Source file:   tensorflow/lite/micro/kernels/ethosu.cpp
      Source file:   tensorflow/lite/micro/kernels/reshape.cpp
      Source file:   tensorflow/lite/micro/micro_graph.cpp
      Source file:   tensorflow/lite/micro/kernels/transpose_conv.cpp
      Source file:   tensorflow/lite/micro/test_helpers.cpp
      Source file:   tensorflow/lite/micro/kernels/mirror_pad.cpp
      Source file:   tensorflow/lite/micro/kernels/while.cpp
      Source file:   tensorflow/lite/micro/micro_utils.cpp
      Source file:   tensorflow/lite/micro/kernels/zeros_like.cpp
      Source file:   tensorflow/lite/micro/kernels/elu.cpp
      Source file:   tensorflow/lite/micro/kernels/leaky_relu.cpp
      Source file:   tensorflow/lite/micro/kernels/circular_buffer_common.cpp
      Source file:   tensorflow/lite/micro/kernels/kernel_runner.cpp
      Source file:   tensorflow/lite/micro/kernels/resize_bilinear.cpp
      Source file:   tensorflow/lite/micro/kernels/round.cpp
      Source file:   tensorflow/lite/micro/kernels/sub.cpp
      Source file:   tensorflow/lite/micro/kernels/cmsis_nn/depthwise_conv.cpp
      Source file:   tensorflow/lite/micro/kernels/activations_common.cpp
      Source file:   tensorflow/lite/micro/kernels/floor.cpp
      Source file:   tensorflow/lite/micro/kernels/depth_to_space.cpp
      Source file:   tensorflow/lite/micro/kernels/assign_variable.cpp
      Source file:   tensorflow/lite/micro/kernels/gather.cpp
      Source file:   tensorflow/lite/micro/kernels/l2norm.cpp
      Source file:   tensorflow/lite/micro/memory_helpers.cpp
      Source file:   tensorflow/lite/micro/kernels/neg.cpp
      Source file:   tensorflow/lite/micro/kernels/hard_swish.cpp
      Source file:   tensorflow/lite/micro/kernels/softmax_common.cpp
      Source file:   tensorflow/lite/micro/kernels/logical.cpp
      Source file:   tensorflow/lite/micro/test_helper_custom_ops.cpp
      Source file:   tensorflow/lite/micro/kernels/strided_slice.cpp
      Source file:   tensorflow/lite/micro/kernels/add_common.cpp
      Source file:   tensorflow/lite/micro/kernels/cmsis_nn/add.cpp
      Source file:   tensorflow/lite/micro/kernels/maximum_minimum.cpp
      Source file:   tensorflow/lite/micro/kernels/select.cpp
      Source file:   tensorflow/lite/micro/kernels/sub_common.cpp
      Source file:   tensorflow/lite/micro/kernels/batch_to_space_nd.cpp
      Source file:   tensorflow/lite/micro/arena_allocator/recording_single_arena_buffer_allocator.cpp
      Source file:   tensorflow/lite/micro/kernels/unidirectional_sequence_lstm.cpp
      Source file:   tensorflow/lite/micro/kernels/hard_swish_common.cpp
      Source file:   tensorflow/lite/micro/arena_allocator/persistent_arena_buffer_allocator.cpp
      Source file:   tensorflow/lite/micro/kernels/svdf_common.cpp
      Source file:   tensorflow/lite/micro/micro_interpreter.cpp

   * Component: tensorflow::Machine Learning:TensorFlow:Testing:1.22.8
Build Time Elapsed:  00:01:23
</pre>
</body>
</html>
